Archive member included to satisfy reference by file (symbol)

/opt/devkitpro/libctru/lib/libctru.a(console.o)
                              main.o (consoleSelect)
/opt/devkitpro/libctru/lib/libctru.a(gfx.o)
                              /opt/devkitpro/libctru/lib/libctru.a(console.o) (gfxIsWide)
/opt/devkitpro/libctru/lib/libctru.a(apt.o)
                              main.o (aptMainLoop)
/opt/devkitpro/libctru/lib/libctru.a(gspgpu.o)
                              /opt/devkitpro/libctru/lib/libctru.a(gfx.o) (gspInit)
/opt/devkitpro/libctru/lib/libctru.a(hid.o)
                              main.o (hidScanInput)
/opt/devkitpro/libctru/lib/libctru.a(irrst.o)
                              /opt/devkitpro/libctru/lib/libctru.a(hid.o) (irrstInit)
/opt/devkitpro/libctru/lib/libctru.a(ctru_init.o)
                              /opt/devkitpro/libctru/lib/libctru.a(apt.o) (__system_retAddr)
/opt/devkitpro/libctru/lib/libctru.a(initArgv.o)
                              /opt/devkitpro/libctru/lib/libctru.a(ctru_init.o) (__system_initArgv)
/opt/devkitpro/libctru/lib/libctru.a(syscalls.o)
                              /opt/devkitpro/libctru/lib/libctru.a(ctru_init.o) (__system_initSyscalls)
/opt/devkitpro/libctru/lib/libctru.a(svc.o)
                              /opt/devkitpro/libctru/lib/libctru.a(apt.o) (svcSleepThread)
/opt/devkitpro/libctru/lib/libctru.a(stack_adjust.o)
                              /opt/devkitpro/devkitARM/bin/../lib/gcc/arm-none-eabi/14.2.0/../../../../arm-none-eabi/lib/armv6k/fpu/3dsx_crt0.o (initSystem)
/opt/devkitpro/libctru/lib/libctru.a(default_font.bin.o)
                              /opt/devkitpro/libctru/lib/libctru.a(console.o) (default_font_bin)
/opt/devkitpro/libctru/lib/libctru.a(linear.o)
                              /opt/devkitpro/libctru/lib/libctru.a(gfx.o) (linearAlloc)
/opt/devkitpro/libctru/lib/libctru.a(mem_pool.o)
                              /opt/devkitpro/libctru/lib/libctru.a(linear.o) (MemPool::Allocate(MemChunk&, unsigned long, int))
/opt/devkitpro/libctru/lib/libctru.a(vram.o)
                              /opt/devkitpro/libctru/lib/libctru.a(gfx.o) (vramAlloc)
/opt/devkitpro/libctru/lib/libctru.a(3dslink.o)
                              /opt/devkitpro/libctru/lib/libctru.a(initArgv.o) (__3dslink_host)
/opt/devkitpro/libctru/lib/libctru.a(env.o)
                              /opt/devkitpro/libctru/lib/libctru.a(irrst.o) (envGetHandle)
/opt/devkitpro/libctru/lib/libctru.a(os.o)
                              /opt/devkitpro/libctru/lib/libctru.a(syscalls.o) (osGetTime)
/opt/devkitpro/libctru/lib/libctru.a(srv.o)
                              /opt/devkitpro/libctru/lib/libctru.a(apt.o) (srvInit)
/opt/devkitpro/libctru/lib/libctru.a(synchronization.o)
                              /opt/devkitpro/libctru/lib/libctru.a(ctru_init.o) (__sync_init)
/opt/devkitpro/libctru/lib/libctru.a(thread.o)
                              /opt/devkitpro/libctru/lib/libctru.a(apt.o) (threadCreate)
/opt/devkitpro/libctru/lib/libctru.a(mappable.o)
                              /opt/devkitpro/libctru/lib/libctru.a(apt.o) (mappableAlloc)
/opt/devkitpro/libctru/lib/libctru.a(ptmsysm.o)
                              /opt/devkitpro/libctru/lib/libctru.a(os.o) (ptmSysmInit)
/opt/devkitpro/libctru/lib/libctru.a(srvpm.o)
                              /opt/devkitpro/libctru/lib/libctru.a(srv.o) (srvPmGetSessionHandle)
/opt/devkitpro/libctru/lib/libctru.a(soc_connect.o)
                              /opt/devkitpro/libctru/lib/libctru.a(3dslink.o) (connect)
/opt/devkitpro/libctru/lib/libctru.a(soc_socket.o)
                              /opt/devkitpro/libctru/lib/libctru.a(3dslink.o) (socket)
/opt/devkitpro/libctru/lib/libctru.a(rbtree_find.o)
                              /opt/devkitpro/libctru/lib/libctru.a(linear.o) (rbtree_find)
/opt/devkitpro/libctru/lib/libctru.a(rbtree_init.o)
                              /opt/devkitpro/libctru/lib/libctru.a(linear.o) (rbtree_init)
/opt/devkitpro/libctru/lib/libctru.a(rbtree_insert.o)
                              /opt/devkitpro/libctru/lib/libctru.a(linear.o) (rbtree_insert)
/opt/devkitpro/libctru/lib/libctru.a(rbtree_remove.o)
                              /opt/devkitpro/libctru/lib/libctru.a(linear.o) (rbtree_remove)
/opt/devkitpro/libctru/lib/libctru.a(rbtree_rotate.o)
                              /opt/devkitpro/libctru/lib/libctru.a(rbtree_insert.o) (rbtree_rotate)
/opt/devkitpro/libctru/lib/libctru.a(allocateHeaps.o)
                              /opt/devkitpro/libctru/lib/libctru.a(ctru_init.o) (__system_allocateHeaps)
/opt/devkitpro/libctru/lib/libctru.a(appExit.o)
                              /opt/devkitpro/libctru/lib/libctru.a(stack_adjust.o) (__appExit)
/opt/devkitpro/libctru/lib/libctru.a(appInit.o)
                              /opt/devkitpro/libctru/lib/libctru.a(stack_adjust.o) (__appInit)
/opt/devkitpro/libctru/lib/libctru.a(ctru_exit.o)
                              /opt/devkitpro/libctru/lib/libctru.a(stack_adjust.o) (__libctru_exit)
[...]
Memory Configuration

Name             Origin             Length             Attributes
*default*        0x00000000         0xffffffff

Linker script and memory map

                0x00000000                        __sync_synchronize = __sync_synchronize_dmb
                0x00100000                        PROVIDE (__start__ = 0x100000)
                0x00100000                        . = __start__

.text           0x00100000    0x17444
 *(.crt0)
 .crt0          0x00100000       0x94 /opt/devkitpro/devkitARM/bin/../lib/gcc/arm-none-eabi/14.2.0/../../../../arm-none-eabi/lib/armv6k/fpu/3dsx_crt0.o
                0x00100000                _start
                0x00100008                __service_ptr
                0x0010000c                __apt_appid
                0x00100010                __heap_size
                0x00100014                __linear_heap_size
                0x00100018                __system_arglist
                0x0010001c                __system_runflags
 *(.init)
 .init          0x00100094        0xc /opt/devkitpro/devkitARM/bin/../lib/gcc/arm-none-eabi/14.2.0/armv6k/fpu/crti.o
                0x00100094                _init
 .init          0x001000a0        0xc /opt/devkitpro/devkitARM/bin/../lib/gcc/arm-none-eabi/14.2.0/armv6k/fpu/crtn.o
                0x001000ac                        . = ALIGN (0x4)
 *(.text)
 .text          0x001000ac      0x240 /opt/devkitpro/devkitARM/bin/../lib/gcc/arm-none-eabi/14.2.0/armv6k/fpu/libgcc.a(_divsi3.o)
                0x001000ac                __aeabi_idiv
                0x001000ac                __divsi3
                0x001002cc                __aeabi_idivmod
 .text          0x001002ec        0x4 /opt/devkitpro/devkitARM/bin/../lib/gcc/arm-none-eabi/14.2.0/armv6k/fpu/libgcc.a(_dvmd_tls.o)
                0x001002ec                __aeabi_ldiv0
                0x001002ec                __aeabi_idiv0
 .text          0x001002f0       0x3c /opt/devkitpro/devkitARM/bin/../lib/gcc/arm-none-eabi/14.2.0/armv6k/fpu/libgcc.a(_aeabi_uldivmod.o)
                0x001002f0                __aeabi_uldivmod
 *fill*         0x0010032c       0x14 
 .text          0x00100340      0x390 /opt/devkitpro/devkitARM/bin/../lib/gcc/arm-none-eabi/14.2.0/../../../../arm-none-eabi/lib/armv6k/fpu/libg.a(libc_a-strcmp.o)
                0x00100348                strcmp
 .text          0x001006d0      0x20c /opt/devkitpro/devkitARM/bin/../lib/gcc/arm-none-eabi/14.2.0/armv6k/fpu/libgcc.a(_udivsi3.o)
                0x001006d0                __udivsi3
                0x001006d0                __aeabi_uidiv
                0x001008bc                __aeabi_uidivmod
 *(.text.*)
 .text.__do_global_dtors_aux
                0x001008dc       0x40 /opt/devkitpro/devkitARM/bin/../lib/gcc/arm-none-eabi/14.2.0/armv6k/fpu/crtbegin.o
 .text.frame_dummy
                0x0010091c       0x2c /opt/devkitpro/devkitARM/bin/../lib/gcc/arm-none-eabi/14.2.0/armv6k/fpu/crtbegin.o
 .text._Z18initializeGameMazev
                0x00100948       0x94 main.o
                0x00100948                initializeGameMaze()
 .text._Z8drawMazev
                0x001009dc       0xc0 main.o
                0x001009dc                drawMaze()
 .text._Z15renderPauseMenuv
                0x00100a9c       0x38 main.o
                0x00100a9c                renderPauseMenu()
 .text._Z10movePacManv
                0x00100ad4       0x9c main.o
                0x00100ad4                movePacMan()
 .text.startup.main
                0x00100b70      0x264 main.o
                0x00100b70                main
 .text.consoleHandleColorEsc
                0x00100dd4      0x45c /opt/devkitpro/libctru/lib/libctru.a(console.o)
 .text.consoleColorStateShift
                0x00101230       0xb8 /opt/devkitpro/libctru/lib/libctru.a(console.o)
 .text.consoleSelect
                0x001012e8       0x18 /opt/devkitpro/libctru/lib/libctru.a(console.o)
                0x001012e8                consoleSelect
 .text.consoleDrawChar
                0x00101300      0x1ac /opt/devkitpro/libctru/lib/libctru.a(console.o)
                0x00101300                consoleDrawChar
 .text.consolePrintChar
                0x001014ac      0x11c /opt/devkitpro/libctru/lib/libctru.a(console.o)
                0x001014ac                consolePrintChar
 .text.con_write
                0x001015c8      0x5ec /opt/devkitpro/libctru/lib/libctru.a(console.o)
                0x001015c8                con_write
 .text.newRow   0x00101bb4      0x124 /opt/devkitpro/libctru/lib/libctru.a(console.o)
 .text.consoleInit
                0x00101cd8      0x18c /opt/devkitpro/libctru/lib/libctru.a(console.o)
                0x00101cd8                consoleInit
 .text.consoleClear
                0x00101e64       0xb8 /opt/devkitpro/libctru/lib/libctru.a(console.o)
                0x00101e64                consoleClear
 .text.gfxPresentFramebuffer
                0x00101f1c       0xd0 /opt/devkitpro/libctru/lib/libctru.a(gfx.o)
 .text.gfxIsWide
                0x00101fec       0x1c /opt/devkitpro/libctru/lib/libctru.a(gfx.o)
                0x00101fec                gfxIsWide
 .text.gfxSetScreenFormat
                0x00102008       0xec /opt/devkitpro/libctru/lib/libctru.a(gfx.o)
                0x00102008                gfxSetScreenFormat
 .text.gfxSetDoubleBuffering
                0x001020f4       0x10 /opt/devkitpro/libctru/lib/libctru.a(gfx.o)
                0x001020f4                gfxSetDoubleBuffering
 .text.gfxInit  0x00102104       0xd8 /opt/devkitpro/libctru/lib/libctru.a(gfx.o)
                0x00102104                gfxInit
 .text.gfxInitDefault
                0x001021dc       0x10 /opt/devkitpro/libctru/lib/libctru.a(gfx.o)
                0x001021dc                gfxInitDefault
 .text.gfxExit  0x001021ec       0xb4 /opt/devkitpro/libctru/lib/libctru.a(gfx.o)
                0x001021ec                gfxExit
 .text.gfxGetFramebuffer
                0x001022a0       0xa0 /opt/devkitpro/libctru/lib/libctru.a(gfx.o)
                0x001022a0                gfxGetFramebuffer
 .text.gfxFlushBuffers
                0x00102340      0x100 /opt/devkitpro/libctru/lib/libctru.a(gfx.o)
                0x00102340                gfxFlushBuffers
 .text.gfxSwapBuffers
                0x00102440       0x50 /opt/devkitpro/libctru/lib/libctru.a(gfx.o)
                0x00102440                gfxSwapBuffers
 .text.gfxSwapBuffersGpu
                0x00102490       0x50 /opt/devkitpro/libctru/lib/libctru.a(gfx.o)
                0x00102490                gfxSwapBuffersGpu
 .text.aptConvertScreenForCapture
                0x001024e0      0x1b0 /opt/devkitpro/libctru/lib/libctru.a(apt.o)
 .text.aptDspSleep
                0x00102690        0x8 /opt/devkitpro/libctru/lib/libctru.a(apt.o)
                0x00102690                aptDspSleep
 .text.aptDspWakeup
                0x00102698        0x4 /opt/devkitpro/libctru/lib/libctru.a(apt.o)
                0x00102698                aptDspWakeup
 .text.aptDspCancel
                0x0010269c        0x4 /opt/devkitpro/libctru/lib/libctru.a(apt.o)
                0x0010269c                aptDspCancel
 .text.aptSendCommand
                0x001026a0      0x158 /opt/devkitpro/libctru/lib/libctru.a(apt.o)
                0x001026a0                aptSendCommand
 .text.aptExitProcess
                0x001027f8       0x44 /opt/devkitpro/libctru/lib/libctru.a(apt.o)
 .text.aptExit  0x0010283c      0x380 /opt/devkitpro/libctru/lib/libctru.a(apt.o)
                0x0010283c                aptExit
 .text.aptHandleSleep
                0x00102bbc       0xd8 /opt/devkitpro/libctru/lib/libctru.a(apt.o)
                0x00102bbc                aptHandleSleep
 .text.APT_SleepIfShellClosed
                0x00102c94       0x84 /opt/devkitpro/libctru/lib/libctru.a(apt.o)
                0x00102c94                APT_SleepIfShellClosed
 .text.aptSetSleepAllowed
                0x00102d18       0x78 /opt/devkitpro/libctru/lib/libctru.a(apt.o)
                0x00102d18                aptSetSleepAllowed
 .text.APT_UnlockTransition
                0x00102d90       0x84 /opt/devkitpro/libctru/lib/libctru.a(apt.o)
                0x00102d90                APT_UnlockTransition
 *fill*         0x00102e14        0x4 
 .text.aptEventHandler
                0x00102e18      0x478 /opt/devkitpro/libctru/lib/libctru.a(apt.o)
 .text.APT_ReceiveParameter
                0x00103290       0xb0 /opt/devkitpro/libctru/lib/libctru.a(apt.o)
                0x00103290                APT_ReceiveParameter
 .text.aptReceiveParameter.constprop.0
                0x00103340       0xac /opt/devkitpro/libctru/lib/libctru.a(apt.o)
 *fill*         0x001033ec        0x4 
 .text.aptScreenTransfer
                0x001033f0      0x294 /opt/devkitpro/libctru/lib/libctru.a(apt.o)
 .text.aptWaitForWakeUp.isra.0
                0x00103684      0x2c8 /opt/devkitpro/libctru/lib/libctru.a(apt.o)
 .text.aptJumpToHomeMenu
                0x0010394c       0xf4 /opt/devkitpro/libctru/lib/libctru.a(apt.o)
                0x0010394c                aptJumpToHomeMenu
 .text.aptMainLoop
                0x00103a40       0x48 /opt/devkitpro/libctru/lib/libctru.a(apt.o)
                0x00103a40                aptMainLoop
 .text.aptInit  0x00103a88      0x22c /opt/devkitpro/libctru/lib/libctru.a(apt.o)
                0x00103a88                aptInit
 .text.APT_CheckNew3DS
                0x00103cb4       0x7c /opt/devkitpro/libctru/lib/libctru.a(apt.o)
                0x00103cb4                APT_CheckNew3DS
 .text.gspHardwareInit
                0x00103d30      0xc70 /opt/devkitpro/libctru/lib/libctru.a(gspgpu.o)
 .text.gspInit  0x001049a0      0x248 /opt/devkitpro/libctru/lib/libctru.a(gspgpu.o)
                0x001049a0                gspInit
 .text.gspExit  0x00104be8       0xe4 /opt/devkitpro/libctru/lib/libctru.a(gspgpu.o)
                0x00104be8                gspExit
 .text.gspHasGpuRight
                0x00104ccc       0x10 /opt/devkitpro/libctru/lib/libctru.a(gspgpu.o)
                0x00104ccc                gspHasGpuRight
 .text.gspPresentBuffer
                0x00104cdc       0xa0 /opt/devkitpro/libctru/lib/libctru.a(gspgpu.o)
                0x00104cdc                gspPresentBuffer
 .text.gspWaitForEvent
                0x00104d7c       0x44 /opt/devkitpro/libctru/lib/libctru.a(gspgpu.o)
                0x00104d7c                gspWaitForEvent
 .text.gxCmdQueueInterrupt
                0x00104dc0        0x4 /opt/devkitpro/libctru/lib/libctru.a(gspgpu.o)
                0x00104dc0                gxCmdQueueInterrupt
 .text.gspEventThreadMain
                0x00104dc4      0x160 /opt/devkitpro/libctru/lib/libctru.a(gspgpu.o)
 .text.GSPGPU_FlushDataCache
                0x00104f24       0x50 /opt/devkitpro/libctru/lib/libctru.a(gspgpu.o)
                0x00104f24                GSPGPU_FlushDataCache
 .text.GSPGPU_SetLcdForceBlack
                0x00104f74       0x34 /opt/devkitpro/libctru/lib/libctru.a(gspgpu.o)
                0x00104f74                GSPGPU_SetLcdForceBlack
 .text.GSPGPU_AcquireRight
                0x00104fa8       0x68 /opt/devkitpro/libctru/lib/libctru.a(gspgpu.o)
                0x00104fa8                GSPGPU_AcquireRight
 .text.GSPGPU_ReleaseRight
                0x00105010       0x48 /opt/devkitpro/libctru/lib/libctru.a(gspgpu.o)
                0x00105010                GSPGPU_ReleaseRight
 .text.GSPGPU_ImportDisplayCaptureInfo
                0x00105058       0x7c /opt/devkitpro/libctru/lib/libctru.a(gspgpu.o)
                0x00105058                GSPGPU_ImportDisplayCaptureInfo
 .text.GSPGPU_SaveVramSysArea
                0x001050d4       0x2c /opt/devkitpro/libctru/lib/libctru.a(gspgpu.o)
                0x001050d4                GSPGPU_SaveVramSysArea
 .text.GSPGPU_RestoreVramSysArea
                0x00105100       0x2c /opt/devkitpro/libctru/lib/libctru.a(gspgpu.o)
                0x00105100                GSPGPU_RestoreVramSysArea
 .text.hidShouldUseIrrst
                0x0010512c       0x24 /opt/devkitpro/libctru/lib/libctru.a(hid.o)
                0x0010512c                hidShouldUseIrrst
 .text.hidInit  0x00105150      0x18c /opt/devkitpro/libctru/lib/libctru.a(hid.o)
                0x00105150                hidInit
 .text.hidExit  0x001052dc       0xe8 /opt/devkitpro/libctru/lib/libctru.a(hid.o)
                0x001052dc                hidExit
 .text.hidScanInput
                0x001053c4      0x2a4 /opt/devkitpro/libctru/lib/libctru.a(hid.o)
                0x001053c4                hidScanInput
 .text.hidKeysDown
                0x00105668       0x10 /opt/devkitpro/libctru/lib/libctru.a(hid.o)
                0x00105668                hidKeysDown
 .text.irrstInit
                0x00105678      0x160 /opt/devkitpro/libctru/lib/libctru.a(irrst.o)
                0x00105678                irrstInit
 .text.irrstExit
                0x001057d8       0xcc /opt/devkitpro/libctru/lib/libctru.a(irrst.o)
                0x001057d8                irrstExit
 .text.irrstScanInput
                0x001058a4       0xb4 /opt/devkitpro/libctru/lib/libctru.a(irrst.o)
                0x001058a4                irrstScanInput
 .text.irrstKeysHeld
                0x00105958       0x24 /opt/devkitpro/libctru/lib/libctru.a(irrst.o)
                0x00105958                irrstKeysHeld
 .text.__libctru_init
                0x0010597c       0x38 /opt/devkitpro/libctru/lib/libctru.a(ctru_init.o)
                0x0010597c                __libctru_init
 .text.__system_initArgv
                0x001059b4      0x160 /opt/devkitpro/libctru/lib/libctru.a(initArgv.o)
                0x001059b4                __system_initArgv
 .text.__syscall_getreent
                0x00105b14       0x30 /opt/devkitpro/libctru/lib/libctru.a(syscalls.o)
                0x00105b14                __syscall_getreent
 .text.__syscall_lock_acquire
                0x00105b44        0x4 /opt/devkitpro/libctru/lib/libctru.a(syscalls.o)
                0x00105b44                __syscall_lock_acquire
 .text.__syscall_lock_release
                0x00105b48        0x4 /opt/devkitpro/libctru/lib/libctru.a(syscalls.o)
                0x00105b48                __syscall_lock_release
 .text.__syscall_lock_acquire_recursive
                0x00105b4c        0x4 /opt/devkitpro/libctru/lib/libctru.a(syscalls.o)
                0x00105b4c                __syscall_lock_acquire_recursive
 .text.__syscall_lock_release_recursive
                0x00105b50        0x4 /opt/devkitpro/libctru/lib/libctru.a(syscalls.o)
                0x00105b50                __syscall_lock_release_recursive
 .text.__syscall_exit
                0x00105b54        0x4 /opt/devkitpro/libctru/lib/libctru.a(syscalls.o)
                0x00105b54                __syscall_exit
 .text.initThreadVars
                0x00105b58       0x50 /opt/devkitpro/libctru/lib/libctru.a(syscalls.o)
                0x00105b58                initThreadVars
 .text.__system_initSyscalls
                0x00105ba8       0x80 /opt/devkitpro/libctru/lib/libctru.a(syscalls.o)
                0x00105ba8                __system_initSyscalls
 .text.svcControlMemory
                0x00105c28       0x20 /opt/devkitpro/libctru/lib/libctru.a(svc.o)
                0x00105c28                svcControlMemory
 .text.svcQueryMemory
                0x00105c48       0x30 /opt/devkitpro/libctru/lib/libctru.a(svc.o)
                0x00105c48                svcQueryMemory
 .text.svcExitProcess
                0x00105c78        0x8 /opt/devkitpro/libctru/lib/libctru.a(svc.o)
                0x00105c78                svcExitProcess
 .text.svcCreateThread
                0x00105c80       0x20 /opt/devkitpro/libctru/lib/libctru.a(svc.o)
                0x00105c80                svcCreateThread
 .text.svcExitThread
                0x00105ca0        0x8 /opt/devkitpro/libctru/lib/libctru.a(svc.o)
                0x00105ca0                svcExitThread
 .text.svcSleepThread
                0x00105ca8        0x8 /opt/devkitpro/libctru/lib/libctru.a(svc.o)
                0x00105ca8                svcSleepThread
 .text.svcReleaseMutex
                0x00105cb0        0x8 /opt/devkitpro/libctru/lib/libctru.a(svc.o)
                0x00105cb0                svcReleaseMutex
 .text.svcCreateEvent
                0x00105cb8       0x14 /opt/devkitpro/libctru/lib/libctru.a(svc.o)
                0x00105cb8                svcCreateEvent
 .text.svcSignalEvent
                0x00105ccc        0x8 /opt/devkitpro/libctru/lib/libctru.a(svc.o)
                0x00105ccc                svcSignalEvent
 .text.svcClearEvent
                0x00105cd4        0x8 /opt/devkitpro/libctru/lib/libctru.a(svc.o)
                0x00105cd4                svcClearEvent
 .text.svcMapMemoryBlock
                0x00105cdc        0x8 /opt/devkitpro/libctru/lib/libctru.a(svc.o)
                0x00105cdc                svcMapMemoryBlock
 .text.svcUnmapMemoryBlock
                0x00105ce4        0x8 /opt/devkitpro/libctru/lib/libctru.a(svc.o)
                0x00105ce4                svcUnmapMemoryBlock
 .text.svcCreateAddressArbiter
                0x00105cec       0x14 /opt/devkitpro/libctru/lib/libctru.a(svc.o)
                0x00105cec                svcCreateAddressArbiter
 .text.svcArbitrateAddressNoTimeout
                0x00105d00        0x8 /opt/devkitpro/libctru/lib/libctru.a(svc.o)
                0x00105d00                svcArbitrateAddressNoTimeout
 .text.svcCloseHandle
                0x00105d08        0x8 /opt/devkitpro/libctru/lib/libctru.a(svc.o)
                0x00105d08                svcCloseHandle
 .text.svcWaitSynchronization
                0x00105d10        0x8 /opt/devkitpro/libctru/lib/libctru.a(svc.o)
                0x00105d10                svcWaitSynchronization
 .text.svcWaitSynchronizationN
                0x00105d18       0x28 /opt/devkitpro/libctru/lib/libctru.a(svc.o)
                0x00105d18                svcWaitSynchronizationN
 .text.svcDuplicateHandle
                0x00105d40       0x14 /opt/devkitpro/libctru/lib/libctru.a(svc.o)
                0x00105d40                svcDuplicateHandle
 .text.svcConnectToPort
                0x00105d54       0x14 /opt/devkitpro/libctru/lib/libctru.a(svc.o)
                0x00105d54                svcConnectToPort
 .text.svcSendSyncRequest
                0x00105d68        0x8 /opt/devkitpro/libctru/lib/libctru.a(svc.o)
                0x00105d68                svcSendSyncRequest
 .text.svcGetResourceLimit
                0x00105d70       0x14 /opt/devkitpro/libctru/lib/libctru.a(svc.o)
                0x00105d70                svcGetResourceLimit
 .text.svcGetResourceLimitLimitValues
                0x00105d84        0x8 /opt/devkitpro/libctru/lib/libctru.a(svc.o)
                0x00105d84                svcGetResourceLimitLimitValues
 .text.svcGetResourceLimitCurrentValues
                0x00105d8c        0x8 /opt/devkitpro/libctru/lib/libctru.a(svc.o)
                0x00105d8c                svcGetResourceLimitCurrentValues
 .text.svcBreak
                0x00105d94        0x8 /opt/devkitpro/libctru/lib/libctru.a(svc.o)
                0x00105d94                svcBreak
 .text.initSystem
                0x00105d9c       0x50 /opt/devkitpro/libctru/lib/libctru.a(stack_adjust.o)
                0x00105d9c                initSystem
 .text.__ctru_exit
                0x00105dec       0x14 /opt/devkitpro/libctru/lib/libctru.a(stack_adjust.o)
                0x00105dec                __ctru_exit
 .text._ZL21addrMapNodeComparatorPK11rbtree_nodeS1_
                0x00105e00       0x24 /opt/devkitpro/libctru/lib/libctru.a(linear.o)
 .text._ZL21addrMapNodeDestructorP11rbtree_node
                0x00105e24        0x4 /opt/devkitpro/libctru/lib/libctru.a(linear.o)
 .text.linearMemAlign
                0x00105e28      0x120 /opt/devkitpro/libctru/lib/libctru.a(linear.o)
                0x00105e28                linearMemAlign
 .text.linearAlloc
                0x00105f48        0x8 /opt/devkitpro/libctru/lib/libctru.a(linear.o)
                0x00105f48                linearAlloc
 .text.linearFree
                0x00105f50       0x5c /opt/devkitpro/libctru/lib/libctru.a(linear.o)
                0x00105f50                linearFree
 .text._ZN7MemPool13CoalesceRightEP8MemBlock
                0x00105fac       0x84 /opt/devkitpro/libctru/lib/libctru.a(mem_pool.o)
                0x00105fac                MemPool::CoalesceRight(MemBlock*)
 .text._ZN7MemPool8AllocateER8MemChunkmi
                0x00106030      0x150 /opt/devkitpro/libctru/lib/libctru.a(mem_pool.o)
                0x00106030                MemPool::Allocate(MemChunk&, unsigned long, int)
 .text._ZN7MemPool10DeallocateERK8MemChunk
                0x00106180       0xfc /opt/devkitpro/libctru/lib/libctru.a(mem_pool.o)
                0x00106180                MemPool::Deallocate(MemChunk const&)
 .text._ZN7MemPool12GetFreeSpaceEv
                0x0010627c       0x30 /opt/devkitpro/libctru/lib/libctru.a(mem_pool.o)
                0x0010627c                MemPool::GetFreeSpace()
 .text._ZL21addrMapNodeComparatorPK11rbtree_nodeS1_
                0x001062ac       0x24 /opt/devkitpro/libctru/lib/libctru.a(vram.o)
 .text._ZL21addrMapNodeDestructorP11rbtree_node
                0x001062d0        0x4 /opt/devkitpro/libctru/lib/libctru.a(vram.o)
 .text.vramMemAlignAt
                0x001062d4      0x244 /opt/devkitpro/libctru/lib/libctru.a(vram.o)
                0x001062d4                vramMemAlignAt
 .text.vramAlloc
                0x00106518        0xc /opt/devkitpro/libctru/lib/libctru.a(vram.o)
                0x00106518                vramAlloc
 .text.vramFree
                0x00106524       0x90 /opt/devkitpro/libctru/lib/libctru.a(vram.o)
                0x00106524                vramFree
 .text.envGetHandle
                0x001065b4       0x84 /opt/devkitpro/libctru/lib/libctru.a(env.o)
                0x001065b4                envGetHandle
 .text.envDestroyHandles
                0x00106638       0x50 /opt/devkitpro/libctru/lib/libctru.a(env.o)
                0x00106638                envDestroyHandles
 .text.__ctru_speedup_config
                0x00106688       0x34 /opt/devkitpro/libctru/lib/libctru.a(os.o)
                0x00106688                __ctru_speedup_config
 .text.srvInit  0x001066bc      0x12c /opt/devkitpro/libctru/lib/libctru.a(srv.o)
                0x001066bc                srvInit
 .text.srvExit  0x001067e8       0x58 /opt/devkitpro/libctru/lib/libctru.a(srv.o)
                0x001067e8                srvExit
 .text.srvEnableNotification
                0x00106840       0x60 /opt/devkitpro/libctru/lib/libctru.a(srv.o)
                0x00106840                srvEnableNotification
 .text.srvGetServiceHandleDirect
                0x001068a0       0xa0 /opt/devkitpro/libctru/lib/libctru.a(srv.o)
                0x001068a0                srvGetServiceHandleDirect
 .text.srvGetServiceHandle
                0x00106940       0x38 /opt/devkitpro/libctru/lib/libctru.a(srv.o)
                0x00106940                srvGetServiceHandle
 .text.srvSubscribe
                0x00106978       0x34 /opt/devkitpro/libctru/lib/libctru.a(srv.o)
                0x00106978                srvSubscribe
 .text.srvReceiveNotification
                0x001069ac       0x60 /opt/devkitpro/libctru/lib/libctru.a(srv.o)
                0x001069ac                srvReceiveNotification
 .text.srvPublishToSubscriber
                0x00106a0c       0x38 /opt/devkitpro/libctru/lib/libctru.a(srv.o)
                0x00106a0c                srvPublishToSubscriber
 .text.__sync_init
                0x00106a44        0xc /opt/devkitpro/libctru/lib/libctru.a(synchronization.o)
                0x00106a44                __sync_init
 .text.__sync_fini
                0x00106a50       0x18 /opt/devkitpro/libctru/lib/libctru.a(synchronization.o)
                0x00106a50                __sync_fini
 .text.syncArbitrateAddress
                0x00106a68       0x2c /opt/devkitpro/libctru/lib/libctru.a(synchronization.o)
                0x00106a68                syncArbitrateAddress
 .text.LightLock_Lock
                0x00106a94       0xb0 /opt/devkitpro/libctru/lib/libctru.a(synchronization.o)
                0x00106a94                LightLock_Lock
 .text.LightLock_Unlock
                0x00106b44       0x40 /opt/devkitpro/libctru/lib/libctru.a(synchronization.o)
                0x00106b44                LightLock_Unlock
 .text.RecursiveLock_Lock
                0x00106b84       0x30 /opt/devkitpro/libctru/lib/libctru.a(synchronization.o)
                0x00106b84                RecursiveLock_Lock
 .text.RecursiveLock_Unlock
                0x00106bb4       0x54 /opt/devkitpro/libctru/lib/libctru.a(synchronization.o)
                0x00106bb4                RecursiveLock_Unlock
 .text.LightEvent_Init
                0x00106c08       0x40 /opt/devkitpro/libctru/lib/libctru.a(synchronization.o)
                0x00106c08                LightEvent_Init
 .text.LightEvent_Clear
                0x00106c48       0xa4 /opt/devkitpro/libctru/lib/libctru.a(synchronization.o)
                0x00106c48                LightEvent_Clear
 .text.LightEvent_Signal
                0x00106cec       0xc8 /opt/devkitpro/libctru/lib/libctru.a(synchronization.o)
                0x00106cec                LightEvent_Signal
 .text.LightEvent_TryWait
                0x00106db4       0x50 /opt/devkitpro/libctru/lib/libctru.a(synchronization.o)
                0x00106db4                LightEvent_TryWait
 .text.LightEvent_Wait
                0x00106e04       0xa0 /opt/devkitpro/libctru/lib/libctru.a(synchronization.o)
                0x00106e04                LightEvent_Wait
 .text.threadCreate
                0x00106ea4      0x1d4 /opt/devkitpro/libctru/lib/libctru.a(thread.o)
                0x00106ea4                threadCreate
 .text.threadFree
                0x00107078       0x2c /opt/devkitpro/libctru/lib/libctru.a(thread.o)
                0x00107078                threadFree
 .text.threadJoin
                0x001070a4       0x24 /opt/devkitpro/libctru/lib/libctru.a(thread.o)
                0x001070a4                threadJoin
 .text.threadGetCurrent
                0x001070c8       0x30 /opt/devkitpro/libctru/lib/libctru.a(thread.o)
                0x001070c8                threadGetCurrent
 .text.threadExit
                0x001070f8       0x40 /opt/devkitpro/libctru/lib/libctru.a(thread.o)
                0x001070f8                threadExit
 .text._thread_begin
                0x00107138       0x20 /opt/devkitpro/libctru/lib/libctru.a(thread.o)
 .text.mappableFindAddressWithin
                0x00107158       0x90 /opt/devkitpro/libctru/lib/libctru.a(mappable.o)
 .text.mappableInit
                0x001071e8       0x28 /opt/devkitpro/libctru/lib/libctru.a(mappable.o)
                0x001071e8                mappableInit
 .text.mappableAlloc
                0x00107210       0x80 /opt/devkitpro/libctru/lib/libctru.a(mappable.o)
                0x00107210                mappableAlloc
 .text.mappableFree
                0x00107290        0x4 /opt/devkitpro/libctru/lib/libctru.a(mappable.o)
                0x00107290                mappableFree
 .text.ptmSysmInit
                0x00107294       0x74 /opt/devkitpro/libctru/lib/libctru.a(ptmsysm.o)
                0x00107294                ptmSysmInit
 .text.ptmSysmExit
                0x00107308       0x3c /opt/devkitpro/libctru/lib/libctru.a(ptmsysm.o)
                0x00107308                ptmSysmExit
 .text.PTMSYSM_ConfigureNew3DSCPU
                0x00107344       0x34 /opt/devkitpro/libctru/lib/libctru.a(ptmsysm.o)
                0x00107344                PTMSYSM_ConfigureNew3DSCPU
 .text.srvPmGetSessionHandle
                0x00107378        0xc /opt/devkitpro/libctru/lib/libctru.a(srvpm.o)
                0x00107378                srvPmGetSessionHandle
 .text.rbtree_find
                0x00107384       0x74 /opt/devkitpro/libctru/lib/libctru.a(rbtree_find.o)
                0x00107384                rbtree_find
 .text.rbtree_init
                0x001073f8       0x10 /opt/devkitpro/libctru/lib/libctru.a(rbtree_init.o)
                0x001073f8                rbtree_init
 .text.do_insert
                0x00107408      0x19c /opt/devkitpro/libctru/lib/libctru.a(rbtree_insert.o)
 .text.rbtree_insert
                0x001075a4        0x8 /opt/devkitpro/libctru/lib/libctru.a(rbtree_insert.o)
                0x001075a4                rbtree_insert
 .text.rbtree_remove
                0x001075ac      0x310 /opt/devkitpro/libctru/lib/libctru.a(rbtree_remove.o)
                0x001075ac                rbtree_remove
 .text.rbtree_rotate
                0x001078bc       0x90 /opt/devkitpro/libctru/lib/libctru.a(rbtree_rotate.o)
                0x001078bc                rbtree_rotate
 *fill*         0x0010794c        0x4 
 .text.__system_allocateHeaps
                0x00107950      0x1e0 /opt/devkitpro/libctru/lib/libctru.a(allocateHeaps.o)
                0x00107950                __system_allocateHeaps
 .text.__appExit
                0x00107b30       0x30 /opt/devkitpro/libctru/lib/libctru.a(appExit.o)
                0x00107b30                __appExit
 .text.__appInit
                0x00107b60       0x30 /opt/devkitpro/libctru/lib/libctru.a(appInit.o)
                0x00107b60                __appInit
 .text.__libctru_exit
                0x00107b90       0x90 /opt/devkitpro/libctru/lib/libctru.a(ctru_exit.o)
                0x00107b90                __libctru_exit
 .text.archive_link
                0x00107c20       0x14 /opt/devkitpro/libctru/lib/libctru.a(archive_dev.o)
 .text.archive_dirreset
                0x00107c34       0x14 /opt/devkitpro/libctru/lib/libctru.a(archive_dev.o)
 .text.archive_chmod
                0x00107c48       0x14 /opt/devkitpro/libctru/lib/libctru.a(archive_dev.o)
 .text.error_cmp
                0x00107c5c       0x24 /opt/devkitpro/libctru/lib/libctru.a(archive_dev.o)
 .text.archive_translate_error
                0x00107c80       0x50 /opt/devkitpro/libctru/lib/libctru.a(archive_dev.o)
 .text.archive_seek
                0x00107cd0       0xc4 /opt/devkitpro/libctru/lib/libctru.a(archive_dev.o)
 .text._archiveInit.part.0
                0x00107d94       0x78 /opt/devkitpro/libctru/lib/libctru.a(archive_dev.o)
 .text.archiveFindDevice.part.0
                0x00107e0c       0xc4 /opt/devkitpro/libctru/lib/libctru.a(archive_dev.o)
 .text.archive_utf16path
                0x00107ed0      0x290 /opt/devkitpro/libctru/lib/libctru.a(archive_dev.o)
 .text._archiveUnmountDeviceStruct.part.0
                0x00108160       0x9c /opt/devkitpro/libctru/lib/libctru.a(archive_dev.o)
 .text.archive_statvfs
                0x001081fc       0x14 /opt/devkitpro/libctru/lib/libctru.a(archive_dev.o)
 .text.archive_fchmod
                0x00108210       0x14 /opt/devkitpro/libctru/lib/libctru.a(archive_dev.o)
 .text._archiveMountDevice
                0x00108224      0x168 /opt/devkitpro/libctru/lib/libctru.a(archive_dev.o)
 .text.archive_diropen
                0x0010838c       0xe8 /opt/devkitpro/libctru/lib/libctru.a(archive_dev.o)
 .text.archive_fstat
                0x00108474       0xa4 /opt/devkitpro/libctru/lib/libctru.a(archive_dev.o)
 .text.archive_fsync
                0x00108518       0x6c /opt/devkitpro/libctru/lib/libctru.a(archive_dev.o)
 .text.archive_close
                0x00108584       0x6c /opt/devkitpro/libctru/lib/libctru.a(archive_dev.o)
 .text.archive_dirclose
                0x001085f0       0x70 /opt/devkitpro/libctru/lib/libctru.a(archive_dev.o)
 .text.sdmc_statvfs
                0x00108660       0xe4 /opt/devkitpro/libctru/lib/libctru.a(archive_dev.o)
 .text.archive_chdir
                0x00108744       0xec /opt/devkitpro/libctru/lib/libctru.a(archive_dev.o)
 .text.archive_ftruncate
                0x00108830       0x7c /opt/devkitpro/libctru/lib/libctru.a(archive_dev.o)
 .text.archive_read
                0x001088ac       0xac /opt/devkitpro/libctru/lib/libctru.a(archive_dev.o)
 .text.archive_unlink
                0x00108958       0xa4 /opt/devkitpro/libctru/lib/libctru.a(archive_dev.o)
 .text.archive_rmdir
                0x001089fc       0xbc /opt/devkitpro/libctru/lib/libctru.a(archive_dev.o)
 .text.archive_mkdir
                0x00108ab8       0xdc /opt/devkitpro/libctru/lib/libctru.a(archive_dev.o)
 .text.archive_stat
                0x00108b94      0x194 /opt/devkitpro/libctru/lib/libctru.a(archive_dev.o)
 .text.archive_dirnext
                0x00108d28      0x15c /opt/devkitpro/libctru/lib/libctru.a(archive_dev.o)
 .text.archive_write
                0x00108e84      0x124 /opt/devkitpro/libctru/lib/libctru.a(archive_dev.o)
 .text.archive_open
                0x00108fa8      0x210 /opt/devkitpro/libctru/lib/libctru.a(archive_dev.o)
 .text.archive_rename
                0x001091b8      0x268 /opt/devkitpro/libctru/lib/libctru.a(archive_dev.o)
 .text.archiveMountSdmc
                0x00109420      0x19c /opt/devkitpro/libctru/lib/libctru.a(archive_dev.o)
                0x00109420                archiveMountSdmc
 .text.archiveUnmountAll
                0x001095bc       0x54 /opt/devkitpro/libctru/lib/libctru.a(archive_dev.o)
                0x001095bc                archiveUnmountAll
 .text.fsInit   0x00109610       0xd0 /opt/devkitpro/libctru/lib/libctru.a(fs.o)
                0x00109610                fsInit
 .text.fsExit   0x001096e0       0x3c /opt/devkitpro/libctru/lib/libctru.a(fs.o)
                0x001096e0                fsExit
 .text.fsExemptFromSession
                0x0010971c       0x60 /opt/devkitpro/libctru/lib/libctru.a(fs.o)
                0x0010971c                fsExemptFromSession
 .text.fsUnexemptFromSession
                0x0010977c       0x50 /opt/devkitpro/libctru/lib/libctru.a(fs.o)
                0x0010977c                fsUnexemptFromSession
 .text.FSUSER_OpenFile
                0x001097cc       0xcc /opt/devkitpro/libctru/lib/libctru.a(fs.o)
                0x001097cc                FSUSER_OpenFile
 .text.FSUSER_DeleteFile
                0x00109898       0xbc /opt/devkitpro/libctru/lib/libctru.a(fs.o)
                0x00109898                FSUSER_DeleteFile
 .text.FSUSER_RenameFile
                0x00109954       0xf8 /opt/devkitpro/libctru/lib/libctru.a(fs.o)
                0x00109954                FSUSER_RenameFile
 .text.FSUSER_DeleteDirectory
                0x00109a4c       0xbc /opt/devkitpro/libctru/lib/libctru.a(fs.o)
                0x00109a4c                FSUSER_DeleteDirectory
 .text.FSUSER_CreateFile
                0x00109b08       0xd4 /opt/devkitpro/libctru/lib/libctru.a(fs.o)
                0x00109b08                FSUSER_CreateFile
 .text.FSUSER_CreateDirectory
                0x00109bdc       0xc4 /opt/devkitpro/libctru/lib/libctru.a(fs.o)
                0x00109bdc                FSUSER_CreateDirectory
 .text.FSUSER_RenameDirectory
                0x00109ca0       0xf8 /opt/devkitpro/libctru/lib/libctru.a(fs.o)
                0x00109ca0                FSUSER_RenameDirectory
 .text.FSUSER_OpenDirectory
                0x00109d98       0xb4 /opt/devkitpro/libctru/lib/libctru.a(fs.o)
                0x00109d98                FSUSER_OpenDirectory
 .text.FSUSER_OpenArchive
                0x00109e4c       0x94 /opt/devkitpro/libctru/lib/libctru.a(fs.o)
                0x00109e4c                FSUSER_OpenArchive
 .text.FSUSER_CloseArchive
                0x00109ee0       0x8c /opt/devkitpro/libctru/lib/libctru.a(fs.o)
                0x00109ee0                FSUSER_CloseArchive
 .text.FSUSER_GetSdmcArchiveResource
                0x00109f6c       0x74 /opt/devkitpro/libctru/lib/libctru.a(fs.o)
                0x00109f6c                FSUSER_GetSdmcArchiveResource
 .text.FSUSER_IsSdmcWritable
                0x00109fe0       0x64 /opt/devkitpro/libctru/lib/libctru.a(fs.o)
                0x00109fe0                FSUSER_IsSdmcWritable
 .text.FSFILE_Read
                0x0010a044       0x58 /opt/devkitpro/libctru/lib/libctru.a(fs.o)
                0x0010a044                FSFILE_Read
 .text.FSFILE_Write
                0x0010a09c       0x60 /opt/devkitpro/libctru/lib/libctru.a(fs.o)
                0x0010a09c                FSFILE_Write
 .text.FSFILE_GetSize
                0x0010a0fc       0x38 /opt/devkitpro/libctru/lib/libctru.a(fs.o)
                0x0010a0fc                FSFILE_GetSize
 .text.FSFILE_SetSize
                0x0010a134       0x28 /opt/devkitpro/libctru/lib/libctru.a(fs.o)
                0x0010a134                FSFILE_SetSize
 .text.FSFILE_Close
                0x0010a15c       0x3c /opt/devkitpro/libctru/lib/libctru.a(fs.o)
                0x0010a15c                FSFILE_Close
 .text.FSFILE_Flush
                0x0010a198       0x24 /opt/devkitpro/libctru/lib/libctru.a(fs.o)
                0x0010a198                FSFILE_Flush
 .text.FSDIR_Read
                0x0010a1bc       0x50 /opt/devkitpro/libctru/lib/libctru.a(fs.o)
                0x0010a1bc                FSDIR_Read
 .text.FSDIR_Close
                0x0010a20c       0x3c /opt/devkitpro/libctru/lib/libctru.a(fs.o)
                0x0010a20c                FSDIR_Close
 .text.rbtree_node_next
                0x0010a248       0x5c /opt/devkitpro/libctru/lib/libctru.a(rbtree_iterator.o)
                0x0010a248                rbtree_node_next
 .text.decode_utf8
                0x0010a2a4      0x13c /opt/devkitpro/libctru/lib/libctru.a(decode_utf8.o)
                0x0010a2a4                decode_utf8
 .text.utf16_to_utf8
                0x0010a3e0       0xe8 /opt/devkitpro/libctru/lib/libctru.a(utf16_to_utf8.o)
                0x0010a3e0                utf16_to_utf8
 .text.utf8_to_utf16
                0x0010a4c8       0xc0 /opt/devkitpro/libctru/lib/libctru.a(utf8_to_utf16.o)
                0x0010a4c8                utf8_to_utf16
 .text.__aeabi_read_tp
                0x0010a588        0xc /opt/devkitpro/libctru/lib/libctru.a(readtp.o)
                0x0010a588                __aeabi_read_tp
 .text.decode_utf16
                0x0010a594       0x64 /opt/devkitpro/libctru/lib/libctru.a(decode_utf16.o)
                0x0010a594                decode_utf16
 .text.encode_utf16
                0x0010a5f8       0x54 /opt/devkitpro/libctru/lib/libctru.a(encode_utf16.o)
                0x0010a5f8                encode_utf16
 .text.encode_utf8
                0x0010a64c       0xe0 /opt/devkitpro/libctru/lib/libctru.a(encode_utf8.o)
                0x0010a64c                encode_utf8
 .text.__udivmoddi4
                0x0010a72c      0x120 /opt/devkitpro/devkitARM/bin/../lib/gcc/arm-none-eabi/14.2.0/armv6k/fpu/libgcc.a(_udivmoddi4.o)
                0x0010a72c                __udivmoddi4
 .text.strncmp  0x0010a84c       0xd8 /opt/devkitpro/devkitARM/bin/../lib/gcc/arm-none-eabi/14.2.0/../../../../arm-none-eabi/lib/armv6k/fpu/libg.a(libc_a-strncmp.o)
                0x0010a84c                strncmp
 .text.strlen   0x0010a924       0x5c /opt/devkitpro/devkitARM/bin/../lib/gcc/arm-none-eabi/14.2.0/../../../../arm-none-eabi/lib/armv6k/fpu/libg.a(libc_a-strlen-stub.o)
                0x0010a924                strlen
 .text.putchar  0x0010a980       0x1c /opt/devkitpro/devkitARM/bin/../lib/gcc/arm-none-eabi/14.2.0/../../../../arm-none-eabi/lib/armv6k/fpu/libg.a(libc_a-putchar.o)
                0x0010a980                putchar
 .text._strtoul_l.isra.0
                0x0010a99c      0x1e4 /opt/devkitpro/devkitARM/bin/../lib/gcc/arm-none-eabi/14.2.0/../../../../arm-none-eabi/lib/armv6k/fpu/libg.a(libc_a-strtoul.o)
 .text.strtoul  0x0010ab80       0x34 /opt/devkitpro/devkitARM/bin/../lib/gcc/arm-none-eabi/14.2.0/../../../../arm-none-eabi/lib/armv6k/fpu/libg.a(libc_a-strtoul.o)
                0x0010ab80                strtoul
 .text.strncat  0x0010abb4       0xe4 /opt/devkitpro/devkitARM/bin/../lib/gcc/arm-none-eabi/14.2.0/../../../../arm-none-eabi/lib/armv6k/fpu/libg.a(libc_a-strncat.o)
                0x0010abb4                strncat
 .text.bsearch  0x0010ac98       0x78 /opt/devkitpro/devkitARM/bin/../lib/gcc/arm-none-eabi/14.2.0/../../../../arm-none-eabi/lib/armv6k/fpu/libg.a(libc_a-bsearch.o)
                0x0010ac98                bsearch
 .text.memalign
                0x0010ad10       0x20 /opt/devkitpro/devkitARM/bin/../lib/gcc/arm-none-eabi/14.2.0/../../../../arm-none-eabi/lib/armv6k/fpu/libg.a(libc_a-malign.o)
                0x0010ad10                memalign
 .text.stdio_exit_handler
                0x0010ad30       0x1c /opt/devkitpro/devkitARM/bin/../lib/gcc/arm-none-eabi/14.2.0/../../../../arm-none-eabi/lib/armv6k/fpu/libg.a(libc_a-findfp.o)
 .text.cleanup_stdio
                0x0010ad4c       0x5c /opt/devkitpro/devkitARM/bin/../lib/gcc/arm-none-eabi/14.2.0/../../../../arm-none-eabi/lib/armv6k/fpu/libg.a(libc_a-findfp.o)
 .text.global_stdio_init.part.0
                0x0010ada8      0x154 /opt/devkitpro/devkitARM/bin/../lib/gcc/arm-none-eabi/14.2.0/../../../../arm-none-eabi/lib/armv6k/fpu/libg.a(libc_a-findfp.o)
 .text.__sinit  0x0010aefc       0x5c /opt/devkitpro/devkitARM/bin/../lib/gcc/arm-none-eabi/14.2.0/../../../../arm-none-eabi/lib/armv6k/fpu/libg.a(libc_a-findfp.o)
                0x0010aefc                __sinit
 .text.__sfp_lock_acquire
                0x0010af58        0xc /opt/devkitpro/devkitARM/bin/../lib/gcc/arm-none-eabi/14.2.0/../../../../arm-none-eabi/lib/armv6k/fpu/libg.a(libc_a-findfp.o)
                0x0010af58                __sfp_lock_acquire
 .text.__sfp_lock_release
                0x0010af64        0xc /opt/devkitpro/devkitARM/bin/../lib/gcc/arm-none-eabi/14.2.0/../../../../arm-none-eabi/lib/armv6k/fpu/libg.a(libc_a-findfp.o)
                0x0010af64                __sfp_lock_release
 .text._malloc_r
                0x0010af70      0x7e8 /opt/devkitpro/devkitARM/bin/../lib/gcc/arm-none-eabi/14.2.0/../../../../arm-none-eabi/lib/armv6k/fpu/libg.a(libc_a-mallocr.o)
                0x0010af70                _malloc_r
 .text._putc_r  0x0010b758       0xdc /opt/devkitpro/devkitARM/bin/../lib/gcc/arm-none-eabi/14.2.0/../../../../arm-none-eabi/lib/armv6k/fpu/libg.a(libc_a-putc.o)
                0x0010b758                _putc_r
 .text._malloc_trim_r
                0x0010b834       0xf8 /opt/devkitpro/devkitARM/bin/../lib/gcc/arm-none-eabi/14.2.0/../../../../arm-none-eabi/lib/armv6k/fpu/libg.a(libc_a-freer.o)
                0x0010b834                _malloc_trim_r
 .text._free_r  0x0010b92c      0x300 /opt/devkitpro/devkitARM/bin/../lib/gcc/arm-none-eabi/14.2.0/../../../../arm-none-eabi/lib/armv6k/fpu/libg.a(libc_a-freer.o)
                0x0010b92c                _free_r
 .text.setvbuf  0x0010bc2c      0x294 /opt/devkitpro/devkitARM/bin/../lib/gcc/arm-none-eabi/14.2.0/../../../../arm-none-eabi/lib/armv6k/fpu/libg.a(libc_a-setvbuf.o)
                0x0010bc2c                setvbuf
 .text.strnlen  0x0010bec0       0x4c /opt/devkitpro/devkitARM/bin/../lib/gcc/arm-none-eabi/14.2.0/../../../../arm-none-eabi/lib/armv6k/fpu/libg.a(libc_a-strnlen.o)
                0x0010bec0                strnlen
 .text.__errno  0x0010bf0c        0xc /opt/devkitpro/devkitARM/bin/../lib/gcc/arm-none-eabi/14.2.0/../../../../arm-none-eabi/lib/armv6k/fpu/libg.a(libc_a-errno.o)
                0x0010bf0c                __errno
 .text.malloc   0x0010bf18       0x34 /opt/devkitpro/devkitARM/bin/../lib/gcc/arm-none-eabi/14.2.0/../../../../arm-none-eabi/lib/armv6k/fpu/libg.a(libc_a-malloc.o)
                0x0010bf18                malloc
 .text.free     0x0010bf4c       0x18 /opt/devkitpro/devkitARM/bin/../lib/gcc/arm-none-eabi/14.2.0/../../../../arm-none-eabi/lib/armv6k/fpu/libg.a(libc_a-malloc.o)
                0x0010bf4c                free
 .text.memcpy   0x0010bf64      0x130 /opt/devkitpro/devkitARM/bin/../lib/gcc/arm-none-eabi/14.2.0/../../../../arm-none-eabi/lib/armv6k/fpu/libg.a(libc_a-memcpy-stub.o)
                0x0010bf64                memcpy
 .text.printf   0x0010c094       0x34 /opt/devkitpro/devkitARM/bin/../lib/gcc/arm-none-eabi/14.2.0/../../../../arm-none-eabi/lib/armv6k/fpu/libg.a(libc_a-printf.o)
                0x0010c094                printf
 .text._puts_r  0x0010c0c8       0xe0 /opt/devkitpro/devkitARM/bin/../lib/gcc/arm-none-eabi/14.2.0/../../../../arm-none-eabi/lib/armv6k/fpu/libg.a(libc_a-puts.o)
                0x0010c0c8                _puts_r
 .text.puts     0x0010c1a8       0x18 /opt/devkitpro/devkitARM/bin/../lib/gcc/arm-none-eabi/14.2.0/../../../../arm-none-eabi/lib/armv6k/fpu/libg.a(libc_a-puts.o)
                0x0010c1a8                puts
 .text.memset   0x0010c1c0       0xe8 /opt/devkitpro/devkitARM/bin/../lib/gcc/arm-none-eabi/14.2.0/../../../../arm-none-eabi/lib/armv6k/fpu/libg.a(libc_a-memset.o)
                0x0010c1c0                memset
 .text._fwalk_sglue
                0x0010c2a8       0x70 /opt/devkitpro/devkitARM/bin/../lib/gcc/arm-none-eabi/14.2.0/../../../../arm-none-eabi/lib/armv6k/fpu/libg.a(libc_a-fwalk.o)
                0x0010c2a8                _fwalk_sglue
 .text.__malloc_lock
                0x0010c318        0xc /opt/devkitpro/devkitARM/bin/../lib/gcc/arm-none-eabi/14.2.0/../../../../arm-none-eabi/lib/armv6k/fpu/libg.a(libc_a-mlock.o)
                0x0010c318                __malloc_lock
 .text.__malloc_unlock
                0x0010c324        0xc /opt/devkitpro/devkitARM/bin/../lib/gcc/arm-none-eabi/14.2.0/../../../../arm-none-eabi/lib/armv6k/fpu/libg.a(libc_a-mlock.o)
                0x0010c324                __malloc_unlock
 .text.__call_exitprocs
                0x0010c330        0x4 /opt/devkitpro/devkitARM/bin/../lib/gcc/arm-none-eabi/14.2.0/../../../../arm-none-eabi/lib/armv6k/fpu/libg.a(libc_a-exit.o)
                0x0010c330                __call_exitprocs
 .text.exit     0x0010c334       0x30 /opt/devkitpro/devkitARM/bin/../lib/gcc/arm-none-eabi/14.2.0/../../../../arm-none-eabi/lib/armv6k/fpu/libg.a(libc_a-exit.o)
                0x0010c334                exit
 .text.strncpy  0x0010c364       0xc4 /opt/devkitpro/devkitARM/bin/../lib/gcc/arm-none-eabi/14.2.0/../../../../arm-none-eabi/lib/armv6k/fpu/libg.a(libc_a-strncpy.o)
                0x0010c364                strncpy
 .text.__libc_init_array
                0x0010c428       0x84 /opt/devkitpro/devkitARM/bin/../lib/gcc/arm-none-eabi/14.2.0/../../../../arm-none-eabi/lib/armv6k/fpu/libg.a(libc_a-init.o)
                0x0010c428                __libc_init_array
 .text.__sflush_r
                0x0010c4ac      0x228 /opt/devkitpro/devkitARM/bin/../lib/gcc/arm-none-eabi/14.2.0/../../../../arm-none-eabi/lib/armv6k/fpu/libg.a(libc_a-fflush.o)
                0x0010c4ac                __sflush_r
 .text._fflush_r
                0x0010c6d4       0x94 /opt/devkitpro/devkitARM/bin/../lib/gcc/arm-none-eabi/14.2.0/../../../../arm-none-eabi/lib/armv6k/fpu/libg.a(libc_a-fflush.o)
                0x0010c6d4                _fflush_r
 .text.__sfvwrite_r
                0x0010c768      0x480 /opt/devkitpro/devkitARM/bin/../lib/gcc/arm-none-eabi/14.2.0/../../../../arm-none-eabi/lib/armv6k/fpu/libg.a(libc_a-fvwrite.o)
                0x0010c768                __sfvwrite_r
 .text._memalign_r
                0x0010cbe8      0x150 /opt/devkitpro/devkitARM/bin/../lib/gcc/arm-none-eabi/14.2.0/../../../../arm-none-eabi/lib/armv6k/fpu/libg.a(libc_a-malignr.o)
                0x0010cbe8                _memalign_r
 .text.memchr   0x0010cd38       0xe0 /opt/devkitpro/devkitARM/bin/../lib/gcc/arm-none-eabi/14.2.0/../../../../arm-none-eabi/lib/armv6k/fpu/libg.a(libc_a-memchr-stub.o)
                0x0010cd38                memchr
 .text.__swbuf_r
                0x0010ce18      0x108 /opt/devkitpro/devkitARM/bin/../lib/gcc/arm-none-eabi/14.2.0/../../../../arm-none-eabi/lib/armv6k/fpu/libg.a(libc_a-wbuf.o)
                0x0010ce18                __swbuf_r
 .text.__libc_fini_array
                0x0010cf20       0x3c /opt/devkitpro/devkitARM/bin/../lib/gcc/arm-none-eabi/14.2.0/../../../../arm-none-eabi/lib/armv6k/fpu/libg.a(libc_a-fini.o)
                0x0010cf20                __libc_fini_array
 .text.__sread  0x0010cf5c       0x44 /opt/devkitpro/devkitARM/bin/../lib/gcc/arm-none-eabi/14.2.0/../../../../arm-none-eabi/lib/armv6k/fpu/libg.a(libc_a-stdio.o)
                0x0010cf5c                __sread
 .text.__swrite
                0x0010cfa0       0x68 /opt/devkitpro/devkitARM/bin/../lib/gcc/arm-none-eabi/14.2.0/../../../../arm-none-eabi/lib/armv6k/fpu/libg.a(libc_a-stdio.o)
                0x0010cfa0                __swrite
 .text.__sseek  0x0010d008       0x40 /opt/devkitpro/devkitARM/bin/../lib/gcc/arm-none-eabi/14.2.0/../../../../arm-none-eabi/lib/armv6k/fpu/libg.a(libc_a-stdio.o)
                0x0010d008                __sseek
 .text.__sclose
                0x0010d048        0x8 /opt/devkitpro/devkitARM/bin/../lib/gcc/arm-none-eabi/14.2.0/../../../../arm-none-eabi/lib/armv6k/fpu/libg.a(libc_a-stdio.o)
                0x0010d048                __sclose
 .text._fclose_r
                0x0010d050      0x148 /opt/devkitpro/devkitARM/bin/../lib/gcc/arm-none-eabi/14.2.0/../../../../arm-none-eabi/lib/armv6k/fpu/libg.a(libc_a-fclose.o)
                0x0010d050                _fclose_r
 .text.get_arg  0x0010d198      0x5e4 /opt/devkitpro/devkitARM/bin/../lib/gcc/arm-none-eabi/14.2.0/../../../../arm-none-eabi/lib/armv6k/fpu/libg.a(libc_a-vfprintf.o)
 *fill*         0x0010d77c        0x4 
 .text._vfprintf_r
                0x0010d780     0x342c /opt/devkitpro/devkitARM/bin/../lib/gcc/arm-none-eabi/14.2.0/../../../../arm-none-eabi/lib/armv6k/fpu/libg.a(libc_a-vfprintf.o)
                0x0010d780                _vfprintf_r
 .text.__sbprintf
                0x00110bac       0xb8 /opt/devkitpro/devkitARM/bin/../lib/gcc/arm-none-eabi/14.2.0/../../../../arm-none-eabi/lib/armv6k/fpu/libg.a(libc_a-vfprintf.o)
 .text.__smakebuf_r
                0x00110c64      0x144 /opt/devkitpro/devkitARM/bin/../lib/gcc/arm-none-eabi/14.2.0/../../../../arm-none-eabi/lib/armv6k/fpu/libg.a(libc_a-makebuf.o)
                0x00110c64                __smakebuf_r
 .text.__swhatbuf_r
                0x00110da8       0x8c /opt/devkitpro/devkitARM/bin/../lib/gcc/arm-none-eabi/14.2.0/../../../../arm-none-eabi/lib/armv6k/fpu/libg.a(libc_a-makebuf.o)
                0x00110da8                __swhatbuf_r
 .text.quorem   0x00110e34      0x1b4 /opt/devkitpro/devkitARM/bin/../lib/gcc/arm-none-eabi/14.2.0/../../../../arm-none-eabi/lib/armv6k/fpu/libg.a(libc_a-dtoa.o)
 .text._dtoa_r  0x00110fe8     0x1370 /opt/devkitpro/devkitARM/bin/../lib/gcc/arm-none-eabi/14.2.0/../../../../arm-none-eabi/lib/armv6k/fpu/libg.a(libc_a-dtoa.o)
                0x00110fe8                _dtoa_r
 .text._wcrtomb_r
                0x00112358       0xa0 /opt/devkitpro/devkitARM/bin/../lib/gcc/arm-none-eabi/14.2.0/../../../../arm-none-eabi/lib/armv6k/fpu/libg.a(libc_a-wcrtomb.o)
                0x00112358                _wcrtomb_r
 .text._realloc_r
                0x001123f8      0x4a4 /opt/devkitpro/devkitARM/bin/../lib/gcc/arm-none-eabi/14.2.0/../../../../arm-none-eabi/lib/armv6k/fpu/libg.a(libc_a-reallocr.o)
                0x001123f8                _realloc_r
 .text._wcsrtombs_r
                0x0011289c       0x28 /opt/devkitpro/devkitARM/bin/../lib/gcc/arm-none-eabi/14.2.0/../../../../arm-none-eabi/lib/armv6k/fpu/libg.a(libc_a-wcsrtombs.o)
                0x0011289c                _wcsrtombs_r
 .text.__swsetup_r
                0x001128c4      0x194 /opt/devkitpro/devkitARM/bin/../lib/gcc/arm-none-eabi/14.2.0/../../../../arm-none-eabi/lib/armv6k/fpu/libg.a(libc_a-wsetup.o)
                0x001128c4                __swsetup_r
 .text.frexp    0x00112a58       0x88 /opt/devkitpro/devkitARM/bin/../lib/gcc/arm-none-eabi/14.2.0/../../../../arm-none-eabi/lib/armv6k/fpu/libg.a(libm_a-s_frexp.o)
                0x00112a58                frexp
 .text.memmove  0x00112ae0      0x160 /opt/devkitpro/devkitARM/bin/../lib/gcc/arm-none-eabi/14.2.0/../../../../arm-none-eabi/lib/armv6k/fpu/libg.a(libc_a-memmove.o)
                0x00112ae0                memmove
 .text.__assert_func
                0x00112c40       0x5c /opt/devkitpro/devkitARM/bin/../lib/gcc/arm-none-eabi/14.2.0/../../../../arm-none-eabi/lib/armv6k/fpu/libg.a(libc_a-assert.o)
                0x00112c40                __assert_func
 .text._Balloc  0x00112c9c       0x88 /opt/devkitpro/devkitARM/bin/../lib/gcc/arm-none-eabi/14.2.0/../../../../arm-none-eabi/lib/armv6k/fpu/libg.a(libc_a-mprec.o)
                0x00112c9c                _Balloc
 .text._Bfree   0x00112d24       0x1c /opt/devkitpro/devkitARM/bin/../lib/gcc/arm-none-eabi/14.2.0/../../../../arm-none-eabi/lib/armv6k/fpu/libg.a(libc_a-mprec.o)
                0x00112d24                _Bfree
 .text.__multadd
                0x00112d40       0xf4 /opt/devkitpro/devkitARM/bin/../lib/gcc/arm-none-eabi/14.2.0/../../../../arm-none-eabi/lib/armv6k/fpu/libg.a(libc_a-mprec.o)
                0x00112d40                __multadd
 .text.__hi0bits
                0x00112e34       0x80 /opt/devkitpro/devkitARM/bin/../lib/gcc/arm-none-eabi/14.2.0/../../../../arm-none-eabi/lib/armv6k/fpu/libg.a(libc_a-mprec.o)
                0x00112e34                __hi0bits
 .text.__lo0bits
                0x00112eb4       0xf4 /opt/devkitpro/devkitARM/bin/../lib/gcc/arm-none-eabi/14.2.0/../../../../arm-none-eabi/lib/armv6k/fpu/libg.a(libc_a-mprec.o)
                0x00112eb4                __lo0bits
 .text.__i2b    0x00112fa8       0xa4 /opt/devkitpro/devkitARM/bin/../lib/gcc/arm-none-eabi/14.2.0/../../../../arm-none-eabi/lib/armv6k/fpu/libg.a(libc_a-mprec.o)
                0x00112fa8                __i2b
 .text.__multiply
                0x0011304c      0x208 /opt/devkitpro/devkitARM/bin/../lib/gcc/arm-none-eabi/14.2.0/../../../../arm-none-eabi/lib/armv6k/fpu/libg.a(libc_a-mprec.o)
                0x0011304c                __multiply
 .text.__pow5mult
                0x00113254      0x130 /opt/devkitpro/devkitARM/bin/../lib/gcc/arm-none-eabi/14.2.0/../../../../arm-none-eabi/lib/armv6k/fpu/libg.a(libc_a-mprec.o)
                0x00113254                __pow5mult
 .text.__lshift
                0x00113384      0x138 /opt/devkitpro/devkitARM/bin/../lib/gcc/arm-none-eabi/14.2.0/../../../../arm-none-eabi/lib/armv6k/fpu/libg.a(libc_a-mprec.o)
                0x00113384                __lshift
 .text.__mcmp   0x001134bc       0x58 /opt/devkitpro/devkitARM/bin/../lib/gcc/arm-none-eabi/14.2.0/../../../../arm-none-eabi/lib/armv6k/fpu/libg.a(libc_a-mprec.o)
                0x001134bc                __mcmp
 .text.__mdiff  0x00113514      0x1f0 /opt/devkitpro/devkitARM/bin/../lib/gcc/arm-none-eabi/14.2.0/../../../../arm-none-eabi/lib/armv6k/fpu/libg.a(libc_a-mprec.o)
                0x00113514                __mdiff
 .text.__d2b    0x00113704      0x120 /opt/devkitpro/devkitARM/bin/../lib/gcc/arm-none-eabi/14.2.0/../../../../arm-none-eabi/lib/armv6k/fpu/libg.a(libc_a-mprec.o)
                0x00113704                __d2b
 .text.__locale_mb_cur_max
                0x00113824       0x24 /opt/devkitpro/devkitARM/bin/../lib/gcc/arm-none-eabi/14.2.0/../../../../arm-none-eabi/lib/armv6k/fpu/libg.a(libc_a-locale.o)
                0x00113824                __locale_mb_cur_max
 .text.fiprintf
                0x00113848       0x3c /opt/devkitpro/devkitARM/bin/../lib/gcc/arm-none-eabi/14.2.0/../../../../arm-none-eabi/lib/armv6k/fpu/libg.a(libc_a-fiprintf.o)
                0x00113848                fiprintf
 .text._wcsnrtombs_l
                0x00113884      0x160 /opt/devkitpro/devkitARM/bin/../lib/gcc/arm-none-eabi/14.2.0/../../../../arm-none-eabi/lib/armv6k/fpu/libg.a(libc_a-wcsnrtombs.o)
                0x00113884                _wcsnrtombs_l
 .text._wcsnrtombs_r
                0x001139e4       0x64 /opt/devkitpro/devkitARM/bin/../lib/gcc/arm-none-eabi/14.2.0/../../../../arm-none-eabi/lib/armv6k/fpu/libg.a(libc_a-wcsnrtombs.o)
                0x001139e4                _wcsnrtombs_r
 .text.__utf8_mbtowc
                0x00113a48      0x324 /opt/devkitpro/devkitARM/bin/../lib/gcc/arm-none-eabi/14.2.0/../../../../arm-none-eabi/lib/armv6k/fpu/libg.a(libc_a-mbtowc_r.o)
                0x00113a48                __utf8_mbtowc
 .text.__sprint_r
                0x00113d6c       0x30 /opt/devkitpro/devkitARM/bin/../lib/gcc/arm-none-eabi/14.2.0/../../../../arm-none-eabi/lib/armv6k/fpu/libg.a(libc_a-sprint_r.o)
                0x00113d6c                __sprint_r
 .text.abort    0x00113d9c       0x14 /opt/devkitpro/devkitARM/bin/../lib/gcc/arm-none-eabi/14.2.0/../../../../arm-none-eabi/lib/armv6k/fpu/libg.a(libc_a-abort.o)
                0x00113d9c                abort
 .text._localeconv_r
                0x00113db0       0x24 /opt/devkitpro/devkitARM/bin/../lib/gcc/arm-none-eabi/14.2.0/../../../../arm-none-eabi/lib/armv6k/fpu/libg.a(libc_a-localeconv.o)
                0x00113db0                _localeconv_r
 .text._calloc_r
                0x00113dd4       0xc0 /opt/devkitpro/devkitARM/bin/../lib/gcc/arm-none-eabi/14.2.0/../../../../arm-none-eabi/lib/armv6k/fpu/libg.a(libc_a-callocr.o)
                0x00113dd4                _calloc_r
 .text.__utf8_wctomb
                0x00113e94       0xf0 /opt/devkitpro/devkitARM/bin/../lib/gcc/arm-none-eabi/14.2.0/../../../../arm-none-eabi/lib/armv6k/fpu/libg.a(libc_a-wctomb_r.o)
                0x00113e94                __utf8_wctomb
 .text.strchr   0x00113f84      0x130 /opt/devkitpro/devkitARM/bin/../lib/gcc/arm-none-eabi/14.2.0/../../../../arm-none-eabi/lib/armv6k/fpu/libg.a(libc_a-strchr.o)
                0x00113f84                strchr
 .text._raise_r
                0x001140b4       0x90 /opt/devkitpro/devkitARM/bin/../lib/gcc/arm-none-eabi/14.2.0/../../../../arm-none-eabi/lib/armv6k/fpu/libg.a(libc_a-signal.o)
                0x001140b4                _raise_r
 .text.raise    0x00114144       0x18 /opt/devkitpro/devkitARM/bin/../lib/gcc/arm-none-eabi/14.2.0/../../../../arm-none-eabi/lib/armv6k/fpu/libg.a(libc_a-signal.o)
                0x00114144                raise
 .text.get_arg  0x0011415c      0x5e4 /opt/devkitpro/devkitARM/bin/../lib/gcc/arm-none-eabi/14.2.0/../../../../arm-none-eabi/lib/armv6k/fpu/libg.a(libc_a-vfiprintf.o)
 .text._vfiprintf_r
                0x00114740     0x2264 /opt/devkitpro/devkitARM/bin/../lib/gcc/arm-none-eabi/14.2.0/../../../../arm-none-eabi/lib/armv6k/fpu/libg.a(libc_a-vfiprintf.o)
                0x00114740                _vfiprintf_r
 .text.__sbprintf
                0x001169a4       0xb8 /opt/devkitpro/devkitARM/bin/../lib/gcc/arm-none-eabi/14.2.0/../../../../arm-none-eabi/lib/armv6k/fpu/libg.a(libc_a-vfiprintf.o)
 .text._exit    0x00116a5c       0x20 /opt/devkitpro/devkitARM/bin/../lib/gcc/arm-none-eabi/14.2.0/../../../../arm-none-eabi/lib/armv6k/fpu/libsysbase.a(libsysbase_libsysbase_a-_exit.o)
                0x00116a5c                _exit
 .text.chdir    0x00116a7c      0x13c /opt/devkitpro/devkitARM/bin/../lib/gcc/arm-none-eabi/14.2.0/../../../../arm-none-eabi/lib/armv6k/fpu/libsysbase.a(libsysbase_libsysbase_a-chdir.o)
                0x00116a7c                chdir
 .text._concatenate_path
                0x00116bb8      0x1cc /opt/devkitpro/devkitARM/bin/../lib/gcc/arm-none-eabi/14.2.0/../../../../arm-none-eabi/lib/armv6k/fpu/libsysbase.a(libsysbase_libsysbase_a-concatenate.o)
                0x00116bb8                _concatenate_path
 .text._fstat_r
                0x00116d84       0x88 /opt/devkitpro/devkitARM/bin/../lib/gcc/arm-none-eabi/14.2.0/../../../../arm-none-eabi/lib/armv6k/fpu/libsysbase.a(libsysbase_libsysbase_a-fstat.o)
                0x00116d84                _fstat_r
 .text._getpid_r
                0x00116e0c       0x14 /opt/devkitpro/devkitARM/bin/../lib/gcc/arm-none-eabi/14.2.0/../../../../arm-none-eabi/lib/armv6k/fpu/libsysbase.a(libsysbase_libsysbase_a-getpid.o)
                0x00116e0c                _getpid_r
 .text.__getreent
                0x00116e20       0x2c /opt/devkitpro/devkitARM/bin/../lib/gcc/arm-none-eabi/14.2.0/../../../../arm-none-eabi/lib/armv6k/fpu/libsysbase.a(libsysbase_libsysbase_a-getreent.o)
                0x00116e20                __getreent
 .text.__get_handle
                0x00116e4c       0x3c /opt/devkitpro/devkitARM/bin/../lib/gcc/arm-none-eabi/14.2.0/../../../../arm-none-eabi/lib/armv6k/fpu/libsysbase.a(libsysbase_libsysbase_a-handle_manager.o)
                0x00116e4c                __get_handle
 .text._close_r
                0x00116e88       0xf4 /opt/devkitpro/devkitARM/bin/../lib/gcc/arm-none-eabi/14.2.0/../../../../arm-none-eabi/lib/armv6k/fpu/libsysbase.a(libsysbase_libsysbase_a-handle_manager.o)
                0x00116e88                _close_r
 .text.null_write
                0x00116f7c        0x8 /opt/devkitpro/devkitARM/bin/../lib/gcc/arm-none-eabi/14.2.0/../../../../arm-none-eabi/lib/armv6k/fpu/libsysbase.a(libsysbase_libsysbase_a-iosupport.o)
 .text.setDefaultDevice
                0x00116f84       0x18 /opt/devkitpro/devkitARM/bin/../lib/gcc/arm-none-eabi/14.2.0/../../../../arm-none-eabi/lib/armv6k/fpu/libsysbase.a(libsysbase_libsysbase_a-iosupport.o)
                0x00116f84                setDefaultDevice
 .text.FindDevice
                0x00116f9c       0xc8 /opt/devkitpro/devkitARM/bin/../lib/gcc/arm-none-eabi/14.2.0/../../../../arm-none-eabi/lib/armv6k/fpu/libsysbase.a(libsysbase_libsysbase_a-iosupport.o)
                0x00116f9c                FindDevice
 .text.RemoveDevice
                0x00117064       0x28 /opt/devkitpro/devkitARM/bin/../lib/gcc/arm-none-eabi/14.2.0/../../../../arm-none-eabi/lib/armv6k/fpu/libsysbase.a(libsysbase_libsysbase_a-iosupport.o)
                0x00117064                RemoveDevice
 .text.AddDevice
                0x0011708c       0x98 /opt/devkitpro/devkitARM/bin/../lib/gcc/arm-none-eabi/14.2.0/../../../../arm-none-eabi/lib/armv6k/fpu/libsysbase.a(libsysbase_libsysbase_a-iosupport.o)
                0x0011708c                AddDevice
 .text.GetDeviceOpTab
                0x00117124       0x20 /opt/devkitpro/devkitARM/bin/../lib/gcc/arm-none-eabi/14.2.0/../../../../arm-none-eabi/lib/armv6k/fpu/libsysbase.a(libsysbase_libsysbase_a-iosupport.o)
                0x00117124                GetDeviceOpTab
 .text._isatty_r
                0x00117144        0x8 /opt/devkitpro/devkitARM/bin/../lib/gcc/arm-none-eabi/14.2.0/../../../../arm-none-eabi/lib/armv6k/fpu/libsysbase.a(libsysbase_libsysbase_a-isatty.o)
                0x00117144                _isatty_r
 .text._kill_r  0x0011714c       0x14 /opt/devkitpro/devkitARM/bin/../lib/gcc/arm-none-eabi/14.2.0/../../../../arm-none-eabi/lib/armv6k/fpu/libsysbase.a(libsysbase_libsysbase_a-kill.o)
                0x0011714c                _kill_r
 .text._lseek_r
                0x00117160       0x8c /opt/devkitpro/devkitARM/bin/../lib/gcc/arm-none-eabi/14.2.0/../../../../arm-none-eabi/lib/armv6k/fpu/libsysbase.a(libsysbase_libsysbase_a-lseek.o)
                0x00117160                _lseek_r
 .text._read_r  0x001171ec       0x88 /opt/devkitpro/devkitARM/bin/../lib/gcc/arm-none-eabi/14.2.0/../../../../arm-none-eabi/lib/armv6k/fpu/libsysbase.a(libsysbase_libsysbase_a-read.o)
                0x001171ec                _read_r
 .text._sbrk_r  0x00117274       0x78 /opt/devkitpro/devkitARM/bin/../lib/gcc/arm-none-eabi/14.2.0/../../../../arm-none-eabi/lib/armv6k/fpu/libsysbase.a(libsysbase_libsysbase_a-sbrk.o)
                0x00117274                _sbrk_r
 .text.__libc_lock_acquire
                0x001172ec       0x1c /opt/devkitpro/devkitARM/bin/../lib/gcc/arm-none-eabi/14.2.0/../../../../arm-none-eabi/lib/armv6k/fpu/libsysbase.a(libsysbase_libsysbase_a-syscall_support.o)
                0x001172ec                __libc_lock_acquire
 .text.__libc_lock_release
                0x00117308       0x1c /opt/devkitpro/devkitARM/bin/../lib/gcc/arm-none-eabi/14.2.0/../../../../arm-none-eabi/lib/armv6k/fpu/libsysbase.a(libsysbase_libsysbase_a-syscall_support.o)
                0x00117308                __libc_lock_release
 .text.__libc_lock_acquire_recursive
                0x00117324       0x1c /opt/devkitpro/devkitARM/bin/../lib/gcc/arm-none-eabi/14.2.0/../../../../arm-none-eabi/lib/armv6k/fpu/libsysbase.a(libsysbase_libsysbase_a-syscall_support.o)
                0x00117324                __libc_lock_acquire_recursive
 .text.__libc_lock_release_recursive
                0x00117340       0x1c /opt/devkitpro/devkitARM/bin/../lib/gcc/arm-none-eabi/14.2.0/../../../../arm-none-eabi/lib/armv6k/fpu/libsysbase.a(libsysbase_libsysbase_a-syscall_support.o)
                0x00117340                __libc_lock_release_recursive
 .text._write_r
                0x0011735c       0x88 /opt/devkitpro/devkitARM/bin/../lib/gcc/arm-none-eabi/14.2.0/../../../../arm-none-eabi/lib/armv6k/fpu/libsysbase.a(libsysbase_libsysbase_a-write.o)
                0x0011735c                _write_r
 .text.strrchr  0x001173e4       0x48 /opt/devkitpro/devkitARM/bin/../lib/gcc/arm-none-eabi/14.2.0/../../../../arm-none-eabi/lib/armv6k/fpu/libg.a(libc_a-strrchr.o)
                0x001173e4                strrchr
 *(.glue_7)
 .glue_7        0x0011742c        0x0 linker stubs
 *(.glue_7t)
 .glue_7t       0x0011742c        0x0 linker stubs
 *(.stub)
 *(.gnu.warning)
 *(.gnu.linkonce.t*)
                0x0011742c                        . = ALIGN (0x4)
 *(.fini)
 .fini          0x0011742c        0xc /opt/devkitpro/devkitARM/bin/../lib/gcc/arm-none-eabi/14.2.0/armv6k/fpu/crti.o
                0x0011742c                _fini
 .fini          0x00117438        0xc /opt/devkitpro/devkitARM/bin/../lib/gcc/arm-none-eabi/14.2.0/armv6k/fpu/crtn.o
                0x00117444                        . = ALIGN (0x4)

.vfp11_veneer   0x00117444        0x0
 .vfp11_veneer  0x00117444        0x0 linker stubs

.v4_bx          0x00117444        0x0
 .v4_bx         0x00117444        0x0 linker stubs

.iplt           0x00117444        0x0
 .iplt          0x00117444        0x0 /opt/devkitpro/devkitARM/bin/../lib/gcc/arm-none-eabi/14.2.0/../../../../arm-none-eabi/lib/armv6k/fpu/3dsx_crt0.o
                0x00118000                        . = ALIGN (0x1000)

.rodata         0x00118000     0x1830
 *(.rodata)
 .rodata        0x00118000      0x410 main.o
 .rodata        0x00118410        0xc /opt/devkitpro/libctru/lib/libctru.a(archive_dev.o)
 *(.roda)
 *(.rodata.*)
 .rodata.str1.4
                0x0011841c      0x2f0 main.o
                                0x119 (size before relaxing)
 .rodata.consoleHandleColorEsc
                0x0011870c       0x6c /opt/devkitpro/libctru/lib/libctru.a(console.o)
 .rodata.consolePrintChar
                0x00118778        0x6 /opt/devkitpro/libctru/lib/libctru.a(console.o)
 .rodata.con_write
                0x0011877e       0x46 /opt/devkitpro/libctru/lib/libctru.a(console.o)
 .rodata.str1.4
                0x001187c4       0x10 /opt/devkitpro/libctru/lib/libctru.a(console.o)
 .rodata.dotab_stdout
                0x001187c4       0x80 /opt/devkitpro/libctru/lib/libctru.a(console.o)
 .rodata.grayScale
                0x00118844       0x18 /opt/devkitpro/libctru/lib/libctru.a(console.o)
 .rodata.colorCube
                0x0011885c        0x6 /opt/devkitpro/libctru/lib/libctru.a(console.o)
 *fill*         0x00118862        0x2 
 .rodata.colorTable
                0x00118864       0x30 /opt/devkitpro/libctru/lib/libctru.a(console.o)
 .rodata.aptSendCommand.str1.4
                0x00118894       0x16 /opt/devkitpro/libctru/lib/libctru.a(apt.o)
 .rodata.aptEventHandler
                0x00118894        0xb /opt/devkitpro/libctru/lib/libctru.a(apt.o)
 .rodata.aptWaitForWakeUp.isra.0
                0x0011889f       0x11 /opt/devkitpro/libctru/lib/libctru.a(apt.o)
 .rodata.morton_y.2
                0x001188b0        0x8 /opt/devkitpro/libctru/lib/libctru.a(apt.o)
 .rodata.morton_x.3
                0x001188b8        0x8 /opt/devkitpro/libctru/lib/libctru.a(apt.o)
 .rodata.s_sleepWakeEvents.4
                0x001188c0        0x8 /opt/devkitpro/libctru/lib/libctru.a(apt.o)
 .rodata.gspInit.str1.4
                0x001188c8        0x9 /opt/devkitpro/libctru/lib/libctru.a(gspgpu.o)
 .rodata.hidInit.str1.4
                0x001188c8       0x15 /opt/devkitpro/libctru/lib/libctru.a(hid.o)
 .rodata.irrstInit.str1.4
                0x001188c8        0x7 /opt/devkitpro/libctru/lib/libctru.a(irrst.o)
 .rodata.__system_initArgv.str1.4
                0x001188c8        0xa /opt/devkitpro/libctru/lib/libctru.a(initArgv.o)
 .rodata.default_font_bin
                0x001188c8      0x800 /opt/devkitpro/libctru/lib/libctru.a(default_font.bin.o)
                0x001188c8                default_font_bin
                0x001190c8                default_font_bin_end
 .rodata.srvInit.str1.4
                0x001190c8        0x5 /opt/devkitpro/libctru/lib/libctru.a(srv.o)
 .rodata.ptmSysmInit.str1.4
                0x001190c8        0x9 /opt/devkitpro/libctru/lib/libctru.a(ptmsysm.o)
 .rodata.archive_utf16path.str1.4
                0x001190c8        0x2 /opt/devkitpro/libctru/lib/libctru.a(archive_dev.o)
 .rodata._archiveUnmountDeviceStruct.part.0.str1.4
                0x001190c8        0x2 /opt/devkitpro/libctru/lib/libctru.a(archive_dev.o)
 .rodata._archiveMountDevice.str1.4
                0x001190c8        0xc /opt/devkitpro/libctru/lib/libctru.a(archive_dev.o)
 .rodata.archiveMountSdmc.str1.4
                0x001190c8        0x5 /opt/devkitpro/libctru/lib/libctru.a(archive_dev.o)
 .rodata.error_table
                0x001190c8       0x30 /opt/devkitpro/libctru/lib/libctru.a(archive_dev.o)
 .rodata.str1.4
                0x001190f8        0x8 /opt/devkitpro/libctru/lib/libctru.a(archive_dev.o)
 .rodata.archive_devoptab
                0x001190f8       0x80 /opt/devkitpro/libctru/lib/libctru.a(archive_dev.o)
 .rodata.fsInit.str1.4
                0x00119178        0x8 /opt/devkitpro/libctru/lib/libctru.a(fs.o)
 .rodata._ctype_
                0x00119178      0x101 /opt/devkitpro/devkitARM/bin/../lib/gcc/arm-none-eabi/14.2.0/../../../../arm-none-eabi/lib/armv6k/fpu/libg.a(libc_a-ctype_.o)
                0x00119178                _ctype_
 .rodata._puts_r.str1.4
                0x00119279        0x2 /opt/devkitpro/devkitARM/bin/../lib/gcc/arm-none-eabi/14.2.0/../../../../arm-none-eabi/lib/armv6k/fpu/libg.a(libc_a-puts.o)
 *fill*         0x00119279        0x1 
 .rodata.get_arg
                0x0011927a       0x34 /opt/devkitpro/devkitARM/bin/../lib/gcc/arm-none-eabi/14.2.0/../../../../arm-none-eabi/lib/armv6k/fpu/libg.a(libc_a-vfprintf.o)
 .rodata._vfprintf_r.str1.1
                0x001192ae       0x3b /opt/devkitpro/devkitARM/bin/../lib/gcc/arm-none-eabi/14.2.0/../../../../arm-none-eabi/lib/armv6k/fpu/libg.a(libc_a-vfprintf.o)
 *fill*         0x001192e9        0x1 
 .rodata._vfprintf_r
                0x001192ea       0xb6 /opt/devkitpro/devkitARM/bin/../lib/gcc/arm-none-eabi/14.2.0/../../../../arm-none-eabi/lib/armv6k/fpu/libg.a(libc_a-vfprintf.o)
 .rodata.zeroes.0
                0x001193a0       0x10 /opt/devkitpro/devkitARM/bin/../lib/gcc/arm-none-eabi/14.2.0/../../../../arm-none-eabi/lib/armv6k/fpu/libg.a(libc_a-vfprintf.o)
 .rodata.blanks.1
                0x001193b0       0x10 /opt/devkitpro/devkitARM/bin/../lib/gcc/arm-none-eabi/14.2.0/../../../../arm-none-eabi/lib/armv6k/fpu/libg.a(libc_a-vfprintf.o)
 .rodata._dtoa_r.str1.4
                0x001193c0       0x6a /opt/devkitpro/devkitARM/bin/../lib/gcc/arm-none-eabi/14.2.0/../../../../arm-none-eabi/lib/armv6k/fpu/libg.a(libc_a-dtoa.o)
 .rodata._dtoa_r
                0x001193c0        0x8 /opt/devkitpro/devkitARM/bin/../lib/gcc/arm-none-eabi/14.2.0/../../../../arm-none-eabi/lib/armv6k/fpu/libg.a(libc_a-dtoa.o)
 .rodata.__action_table
                0x001193c8       0x6c /opt/devkitpro/devkitARM/bin/../lib/gcc/arm-none-eabi/14.2.0/../../../../arm-none-eabi/lib/armv6k/fpu/libg.a(libc_a-svfiprintf.o)
                0x001193c8                __action_table
 .rodata.__state_table
                0x00119434       0x6c /opt/devkitpro/devkitARM/bin/../lib/gcc/arm-none-eabi/14.2.0/../../../../arm-none-eabi/lib/armv6k/fpu/libg.a(libc_a-svfiprintf.o)
                0x00119434                __state_table
 .rodata.__chclass
                0x001194a0      0x100 /opt/devkitpro/devkitARM/bin/../lib/gcc/arm-none-eabi/14.2.0/../../../../arm-none-eabi/lib/armv6k/fpu/libg.a(libc_a-svfiprintf.o)
                0x001194a0                __chclass
 .rodata.__assert_func.str1.4
                0x001195a0       0x43 /opt/devkitpro/devkitARM/bin/../lib/gcc/arm-none-eabi/14.2.0/../../../../arm-none-eabi/lib/armv6k/fpu/libg.a(libc_a-assert.o)
 .rodata.__multadd.str1.4
                0x001195a0       0x57 /opt/devkitpro/devkitARM/bin/../lib/gcc/arm-none-eabi/14.2.0/../../../../arm-none-eabi/lib/armv6k/fpu/libg.a(libc_a-mprec.o)
 .rodata.p05.0  0x001195a0        0xc /opt/devkitpro/devkitARM/bin/../lib/gcc/arm-none-eabi/14.2.0/../../../../arm-none-eabi/lib/armv6k/fpu/libg.a(libc_a-mprec.o)
 *fill*         0x001195ac        0x4 
 .rodata.__mprec_bigtens
                0x001195b0       0x28 /opt/devkitpro/devkitARM/bin/../lib/gcc/arm-none-eabi/14.2.0/../../../../arm-none-eabi/lib/armv6k/fpu/libg.a(libc_a-mprec.o)
                0x001195b0                __mprec_bigtens
 .rodata.__mprec_tens
                0x001195d8       0xc8 /opt/devkitpro/devkitARM/bin/../lib/gcc/arm-none-eabi/14.2.0/../../../../arm-none-eabi/lib/armv6k/fpu/libg.a(libc_a-mprec.o)
                0x001195d8                __mprec_tens
 .rodata.str1.4
                0x001196a0       0x4c /opt/devkitpro/devkitARM/bin/../lib/gcc/arm-none-eabi/14.2.0/../../../../arm-none-eabi/lib/armv6k/fpu/libg.a(libc_a-locale.o)
 .rodata.get_arg
                0x001196a0       0x34 /opt/devkitpro/devkitARM/bin/../lib/gcc/arm-none-eabi/14.2.0/../../../../arm-none-eabi/lib/armv6k/fpu/libg.a(libc_a-vfiprintf.o)
 .rodata._vfiprintf_r.str1.1
                0x001196d4       0x29 /opt/devkitpro/devkitARM/bin/../lib/gcc/arm-none-eabi/14.2.0/../../../../arm-none-eabi/lib/armv6k/fpu/libg.a(libc_a-vfiprintf.o)
 .rodata._vfiprintf_r
                0x001196d4       0xb6 /opt/devkitpro/devkitARM/bin/../lib/gcc/arm-none-eabi/14.2.0/../../../../arm-none-eabi/lib/armv6k/fpu/libg.a(libc_a-vfiprintf.o)
 *fill*         0x0011978a        0x2 
 .rodata.zeroes.0
                0x0011978c       0x10 /opt/devkitpro/devkitARM/bin/../lib/gcc/arm-none-eabi/14.2.0/../../../../arm-none-eabi/lib/armv6k/fpu/libg.a(libc_a-vfiprintf.o)
 .rodata.blanks.1
                0x0011979c       0x10 /opt/devkitpro/devkitARM/bin/../lib/gcc/arm-none-eabi/14.2.0/../../../../arm-none-eabi/lib/armv6k/fpu/libg.a(libc_a-vfiprintf.o)
 .rodata.AddDevice.str1.4
                0x001197ac        0x8 /opt/devkitpro/devkitARM/bin/../lib/gcc/arm-none-eabi/14.2.0/../../../../arm-none-eabi/lib/armv6k/fpu/libsysbase.a(libsysbase_libsysbase_a-iosupport.o)
 .rodata.dotab_stdnull
                0x001197ac       0x80 /opt/devkitpro/devkitARM/bin/../lib/gcc/arm-none-eabi/14.2.0/../../../../arm-none-eabi/lib/armv6k/fpu/libsysbase.a(libsysbase_libsysbase_a-iosupport.o)
                0x001197ac                dotab_stdnull
 *all.rodata*(*)
 *(.gnu.linkonce.r*)
                0x0011982c                        . = ALIGN (0x4)
                0x0011982c                        __tdata_align = .
                0x0011982c        0x4 LONG 0x4 ALIGNOF (.tdata)
                0x00119830                        . = ALIGN (0x4)

.eh_frame       0x00119830        0x0
 .eh_frame      0x00119830        0x0 /opt/devkitpro/devkitARM/bin/../lib/gcc/arm-none-eabi/14.2.0/armv6k/fpu/crtbegin.o

.rel.dyn        0x00119830        0x0
 .rel.iplt      0x00119830        0x0 /opt/devkitpro/devkitARM/bin/../lib/gcc/arm-none-eabi/14.2.0/../../../../arm-none-eabi/lib/armv6k/fpu/3dsx_crt0.o
 .rel.got       0x00119830        0x0 /opt/devkitpro/devkitARM/bin/../lib/gcc/arm-none-eabi/14.2.0/../../../../arm-none-eabi/lib/armv6k/fpu/3dsx_crt0.o

.ARM.extab
 *(.ARM.extab* .gnu.linkonce.armextab.*)
                0x00119830                        __exidx_start = .

.ARM.exidx
 *(.ARM.exidx* .gnu.linkonce.armexidx.*)
                0x00119830                        __exidx_end = .
                0x0011a000                        . = ALIGN (0x1000)

.data           0x0011a000     0x1bdc
 *(.data)
 .data          0x0011a000       0x10 main.o
                0x0011a000                pacman
 *(.data.*)
 .data.firstConsoleInit.0
                0x0011a010        0x1 /opt/devkitpro/libctru/lib/libctru.a(console.o)
 *fill*         0x0011a011        0x3 
 .data.currentConsole
                0x0011a014        0x4 /opt/devkitpro/libctru/lib/libctru.a(console.o)
                0x0011a014                currentConsole
 .data.defaultConsole
                0x0011a018       0x48 /opt/devkitpro/libctru/lib/libctru.a(console.o)
                0x0011a018                defaultConsole
 .data.aptChainloadDeliverArgSize
                0x0011a060        0x4 /opt/devkitpro/libctru/lib/libctru.a(apt.o)
 .data.kCount   0x0011a064        0x4 /opt/devkitpro/libctru/lib/libctru.a(hid.o)
 .data.kInterval
                0x0011a068        0x4 /opt/devkitpro/libctru/lib/libctru.a(hid.o)
 .data.kDelay   0x0011a06c        0x4 /opt/devkitpro/libctru/lib/libctru.a(hid.o)
 .data.__stacksize__
                0x0011a070        0x4 /opt/devkitpro/libctru/lib/libctru.a(stack_adjust.o)
                0x0011a070                __stacksize__
 .data._impure_ptr
                0x0011a074        0x4 /opt/devkitpro/devkitARM/bin/../lib/gcc/arm-none-eabi/14.2.0/../../../../arm-none-eabi/lib/armv6k/fpu/libg.a(libc_a-impure.o)
                0x0011a074                _impure_ptr
 .data._impure_data
                0x0011a078      0x120 /opt/devkitpro/devkitARM/bin/../lib/gcc/arm-none-eabi/14.2.0/../../../../arm-none-eabi/lib/armv6k/fpu/libg.a(libc_a-impure.o)
                0x0011a078                _impure_data
 .data.__sglue  0x0011a198        0xc /opt/devkitpro/devkitARM/bin/../lib/gcc/arm-none-eabi/14.2.0/../../../../arm-none-eabi/lib/armv6k/fpu/libg.a(libc_a-findfp.o)
                0x0011a198                __sglue
 .data.__malloc_sbrk_base
                0x0011a1a4        0x4 /opt/devkitpro/devkitARM/bin/../lib/gcc/arm-none-eabi/14.2.0/../../../../arm-none-eabi/lib/armv6k/fpu/libg.a(libc_a-mallocr.o)
                0x0011a1a4                __malloc_sbrk_base
 .data.__malloc_trim_threshold
                0x0011a1a8        0x4 /opt/devkitpro/devkitARM/bin/../lib/gcc/arm-none-eabi/14.2.0/../../../../arm-none-eabi/lib/armv6k/fpu/libg.a(libc_a-mallocr.o)
                0x0011a1a8                __malloc_trim_threshold
 *fill*         0x0011a1ac        0x4 
 .data.__malloc_av_
                0x0011a1b0      0x408 /opt/devkitpro/devkitARM/bin/../lib/gcc/arm-none-eabi/14.2.0/../../../../arm-none-eabi/lib/armv6k/fpu/libg.a(libc_a-mallocr.o)
                0x0011a1b0                __malloc_av_
 .data.__global_locale
                0x0011a5b8      0x16c /opt/devkitpro/devkitARM/bin/../lib/gcc/arm-none-eabi/14.2.0/../../../../arm-none-eabi/lib/armv6k/fpu/libg.a(libc_a-locale.o)
                0x0011a5b8                __global_locale
 .data._current_working_directory
                0x0011a724      0x400 /opt/devkitpro/devkitARM/bin/../lib/gcc/arm-none-eabi/14.2.0/../../../../arm-none-eabi/lib/armv6k/fpu/libsysbase.a(libsysbase_libsysbase_a-chdir.o)
 *fill*         0x0011ab24        0x4 
 .data.handles  0x0011ab28     0x1000 /opt/devkitpro/devkitARM/bin/../lib/gcc/arm-none-eabi/14.2.0/../../../../arm-none-eabi/lib/armv6k/fpu/libsysbase.a(libsysbase_libsysbase_a-handle_manager.o)
 .data.__stderr_handle
                0x0011bb28        0xc /opt/devkitpro/devkitARM/bin/../lib/gcc/arm-none-eabi/14.2.0/../../../../arm-none-eabi/lib/armv6k/fpu/libsysbase.a(libsysbase_libsysbase_a-handle_manager.o)
 .data.__stdout_handle
                0x0011bb34        0xc /opt/devkitpro/devkitARM/bin/../lib/gcc/arm-none-eabi/14.2.0/../../../../arm-none-eabi/lib/armv6k/fpu/libsysbase.a(libsysbase_libsysbase_a-handle_manager.o)
 .data.__stdin_handle
                0x0011bb40        0xc /opt/devkitpro/devkitARM/bin/../lib/gcc/arm-none-eabi/14.2.0/../../../../arm-none-eabi/lib/armv6k/fpu/libsysbase.a(libsysbase_libsysbase_a-handle_manager.o)
 .data.devoptab_list
                0x0011bb4c       0x8c /opt/devkitpro/devkitARM/bin/../lib/gcc/arm-none-eabi/14.2.0/../../../../arm-none-eabi/lib/armv6k/fpu/libsysbase.a(libsysbase_libsysbase_a-iosupport.o)
                0x0011bb4c                devoptab_list
 .data.defaultDevice
                0x0011bbd8        0x4 /opt/devkitpro/devkitARM/bin/../lib/gcc/arm-none-eabi/14.2.0/../../../../arm-none-eabi/lib/armv6k/fpu/libsysbase.a(libsysbase_libsysbase_a-iosupport.o)
 *(.gnu.linkonce.d*)
                0x0011bbdc                        . = ALIGN (0x4)

.igot.plt       0x0011bbdc        0x0
 .igot.plt      0x0011bbdc        0x0 /opt/devkitpro/devkitARM/bin/../lib/gcc/arm-none-eabi/14.2.0/../../../../arm-none-eabi/lib/armv6k/fpu/3dsx_crt0.o

.got            0x0011bbdc        0x8
 .got           0x0011bbdc        0x8 /opt/devkitpro/devkitARM/bin/../lib/gcc/arm-none-eabi/14.2.0/../../../../arm-none-eabi/lib/armv6k/fpu/3dsx_crt0.o

.got.plt        0x0011bbe4        0xc
 .got.plt       0x0011bbe4        0xc /opt/devkitpro/devkitARM/bin/../lib/gcc/arm-none-eabi/14.2.0/../../../../arm-none-eabi/lib/armv6k/fpu/3dsx_crt0.o
                0x0011bbe4                _GLOBAL_OFFSET_TABLE_

.tdata          0x0011bbf0        0x0
                0x0011bbf0                        __tdata_lma = .
 *(.tdata)
 *(.tdata.*)
 *(.gnu.linkonce.td.*)
                0x0011bbf0                        . = ALIGN (0x4)
                0x0011bbf0                        __tdata_lma_end = .

.tbss           0x0011bbf0      0xc08
 *(.tbss)
 *(.tbss.*)
 .tbss.__ctru_dev_utf16_buf
                0x0011bbf0      0x802 /opt/devkitpro/libctru/lib/libctru.a(path_buf.o)
                0x0011bbf0                __ctru_dev_utf16_buf
 *fill*         0x0011c3f2        0x2 
 .tbss.__ctru_dev_path_buf
                0x0011c3f4      0x401 /opt/devkitpro/libctru/lib/libctru.a(path_buf.o)
                0x0011c3f4                __ctru_dev_path_buf
 *(.gnu.linkonce.tb.*)
 *(.tcommon)
                0x0011c7f8                        . = ALIGN (0x4)
 *fill*         0x0011c7f5        0x3 

.preinit_array  0x0011bbf0        0x0
                0x0011bbf0                        PROVIDE (__preinit_array_start = .)
 *(.preinit_array)
                0x0011bbf0                        PROVIDE (__preinit_array_end = .)

.init_array     0x0011bbf0        0x4
                0x0011bbf0                        PROVIDE (__init_array_start = .)
 *(SORT_BY_NAME(.init_array.*))
 *(.init_array)
 .init_array    0x0011bbf0        0x4 /opt/devkitpro/devkitARM/bin/../lib/gcc/arm-none-eabi/14.2.0/armv6k/fpu/crtbegin.o
                0x0011bbf4                        PROVIDE (__init_array_end = .)

.fini_array     0x0011bbf4        0x4
                0x0011bbf4                        PROVIDE (__fini_array_start = .)
 *(.fini_array)
 .fini_array    0x0011bbf4        0x4 /opt/devkitpro/devkitARM/bin/../lib/gcc/arm-none-eabi/14.2.0/armv6k/fpu/crtbegin.o
 *(SORT_BY_NAME(.fini_array.*))
                0x0011bbf8                        PROVIDE (__fini_array_end = .)

.ctors
 *crtbegin.o(.ctors)
 *(EXCLUDE_FILE(*crtend.o) .ctors)
 *(SORT_BY_NAME(.ctors.*))
 *(.ctors)

.dtors
 *crtbegin.o(.dtors)
 *(EXCLUDE_FILE(*crtend.o) .dtors)
 *(SORT_BY_NAME(.dtors.*))
 *(.dtors)
                0x0011bbf8                        __bss_start__ = .

.bss            0x0011bbf8     0x326c
 *(.dynbss)
 *(.bss)
 .bss           0x0011bbf8      0x48c main.o
                0x0011bbf8                gameMaze
                0x0011bff4                topScreen
                0x0011c03c                bottomScreen
 *(.bss.*)
 .bss.completed.1
                0x0011c084        0x1 /opt/devkitpro/devkitARM/bin/../lib/gcc/arm-none-eabi/14.2.0/armv6k/fpu/crtbegin.o
 *fill*         0x0011c085        0x3 
 .bss.object.0  0x0011c088       0x18 /opt/devkitpro/devkitARM/bin/../lib/gcc/arm-none-eabi/14.2.0/armv6k/fpu/crtbegin.o
 .bss.escapeSeq
                0x0011c0a0       0x1c /opt/devkitpro/libctru/lib/libctru.a(console.o)
 .bss.currentCopy
                0x0011c0bc       0x48 /opt/devkitpro/libctru/lib/libctru.a(console.o)
                0x0011c0bc                currentCopy
 .bss.screenAlloc
                0x0011c104        0x4 /opt/devkitpro/libctru/lib/libctru.a(gfx.o)
 .bss.screenFree
                0x0011c108        0x4 /opt/devkitpro/libctru/lib/libctru.a(gfx.o)
 .bss.gfxIsDoubleBuf
                0x0011c10c        0x2 /opt/devkitpro/libctru/lib/libctru.a(gfx.o)
 *fill*         0x0011c10e        0x2 
 .bss.gfxCurBuf
                0x0011c110        0x2 /opt/devkitpro/libctru/lib/libctru.a(gfx.o)
 .bss.gfxIsVram
                0x0011c112        0x1 /opt/devkitpro/libctru/lib/libctru.a(gfx.o)
 .bss.gfxTopMode
                0x0011c113        0x1 /opt/devkitpro/libctru/lib/libctru.a(gfx.o)
 .bss.gfxFramebufferFormats
                0x0011c114        0x2 /opt/devkitpro/libctru/lib/libctru.a(gfx.o)
 *fill*         0x0011c116        0x2 
 .bss.gfxBottomFramebufferMaxSize
                0x0011c118        0x4 /opt/devkitpro/libctru/lib/libctru.a(gfx.o)
 .bss.gfxTopFramebufferMaxSize
                0x0011c11c        0x4 /opt/devkitpro/libctru/lib/libctru.a(gfx.o)
 .bss.gfxBottomFramebuffers
                0x0011c120        0x8 /opt/devkitpro/libctru/lib/libctru.a(gfx.o)
 .bss.gfxTopFramebuffers
                0x0011c128        0x8 /opt/devkitpro/libctru/lib/libctru.a(gfx.o)
 .bss.flagValue.0
                0x0011c130        0x1 /opt/devkitpro/libctru/lib/libctru.a(apt.o)
 .bss.flagInit.1
                0x0011c131        0x1 /opt/devkitpro/libctru/lib/libctru.a(apt.o)
 *fill*         0x0011c132        0x2 
 .bss.serviceName.6
                0x0011c134        0x4 /opt/devkitpro/libctru/lib/libctru.a(apt.o)
 .bss.aptChainloadFlags
                0x0011c138        0x1 /opt/devkitpro/libctru/lib/libctru.a(apt.o)
 .bss.aptChainloadMediatype
                0x0011c139        0x1 /opt/devkitpro/libctru/lib/libctru.a(apt.o)
 *fill*         0x0011c13a        0x2 
 .bss.aptChainloadHmac
                0x0011c13c       0x20 /opt/devkitpro/libctru/lib/libctru.a(apt.o)
 .bss.aptChainloadDeliverArg
                0x0011c15c      0x300 /opt/devkitpro/libctru/lib/libctru.a(apt.o)
 *fill*         0x0011c45c        0x4 
 .bss.aptChainloadTid
                0x0011c460        0x8 /opt/devkitpro/libctru/lib/libctru.a(apt.o)
 .bss.aptParameters
                0x0011c468     0x1000 /opt/devkitpro/libctru/lib/libctru.a(apt.o)
 .bss.aptFlags  0x0011d468        0x4 /opt/devkitpro/libctru/lib/libctru.a(apt.o)
 .bss.aptHomeButtonState
                0x0011d46c        0x1 /opt/devkitpro/libctru/lib/libctru.a(apt.o)
 *fill*         0x0011d46d        0x3 
 .bss.aptMessageFuncData
                0x0011d470        0x4 /opt/devkitpro/libctru/lib/libctru.a(apt.o)
 .bss.aptMessageFunc
                0x0011d474        0x4 /opt/devkitpro/libctru/lib/libctru.a(apt.o)
 .bss.aptFirstHook
                0x0011d478        0xc /opt/devkitpro/libctru/lib/libctru.a(apt.o)
 .bss.aptEventHandlerThreadQuit
                0x0011d484        0x1 /opt/devkitpro/libctru/lib/libctru.a(apt.o)
 *fill*         0x0011d485        0x3 
 .bss.aptEventHandlerThread
                0x0011d488        0x4 /opt/devkitpro/libctru/lib/libctru.a(apt.o)
 .bss.aptSleepEvent
                0x0011d48c        0x8 /opt/devkitpro/libctru/lib/libctru.a(apt.o)
 .bss.aptReceiveEvent
                0x0011d494        0x8 /opt/devkitpro/libctru/lib/libctru.a(apt.o)
 .bss.aptEvents
                0x0011d49c        0x8 /opt/devkitpro/libctru/lib/libctru.a(apt.o)
 .bss.aptLockHandle
                0x0011d4a4        0x4 /opt/devkitpro/libctru/lib/libctru.a(apt.o)
 .bss.aptRefCount
                0x0011d4a8        0x4 /opt/devkitpro/libctru/lib/libctru.a(apt.o)
 .bss.gspEventCbOneShot
                0x0011d4ac        0x7 /opt/devkitpro/libctru/lib/libctru.a(gspgpu.o)
 *fill*         0x0011d4b3        0x1 
 .bss.gspEventCbData
                0x0011d4b4       0x1c /opt/devkitpro/libctru/lib/libctru.a(gspgpu.o)
 .bss.gspEventCb
                0x0011d4d0       0x1c /opt/devkitpro/libctru/lib/libctru.a(gspgpu.o)
 .bss.gspEvents
                0x0011d4ec       0x38 /opt/devkitpro/libctru/lib/libctru.a(gspgpu.o)
 .bss.gspLastEvent
                0x0011d524        0x4 /opt/devkitpro/libctru/lib/libctru.a(gspgpu.o)
 .bss.gspRunEvents
                0x0011d528        0x1 /opt/devkitpro/libctru/lib/libctru.a(gspgpu.o)
 *fill*         0x0011d529        0x3 
 .bss.gspEventThread
                0x0011d52c        0x4 /opt/devkitpro/libctru/lib/libctru.a(gspgpu.o)
 .bss.gspEvent  0x0011d530        0x4 /opt/devkitpro/libctru/lib/libctru.a(gspgpu.o)
 .bss.gspGpuRight
                0x0011d534        0x1 /opt/devkitpro/libctru/lib/libctru.a(gspgpu.o)
 .bss.gspThreadId
                0x0011d535        0x1 /opt/devkitpro/libctru/lib/libctru.a(gspgpu.o)
 *fill*         0x0011d536        0x2 
 .bss.gspSharedMem
                0x0011d538        0x4 /opt/devkitpro/libctru/lib/libctru.a(gspgpu.o)
 .bss.gspSharedMemHandle
                0x0011d53c        0x4 /opt/devkitpro/libctru/lib/libctru.a(gspgpu.o)
 .bss.gspRefCount
                0x0011d540        0x4 /opt/devkitpro/libctru/lib/libctru.a(gspgpu.o)
 .bss.gspGpuHandle
                0x0011d544        0x4 /opt/devkitpro/libctru/lib/libctru.a(gspgpu.o)
 .bss.usingIrrst
                0x0011d548        0x1 /opt/devkitpro/libctru/lib/libctru.a(hid.o)
 *fill*         0x0011d549        0x3 
 .bss.hidRefCount
                0x0011d54c        0x4 /opt/devkitpro/libctru/lib/libctru.a(hid.o)
 .bss.gRate     0x0011d550        0x6 /opt/devkitpro/libctru/lib/libctru.a(hid.o)
 *fill*         0x0011d556        0x2 
 .bss.aVec      0x0011d558        0x6 /opt/devkitpro/libctru/lib/libctru.a(hid.o)
 *fill*         0x0011d55e        0x2 
 .bss.cPos      0x0011d560        0x4 /opt/devkitpro/libctru/lib/libctru.a(hid.o)
 .bss.tPos      0x0011d564        0x4 /opt/devkitpro/libctru/lib/libctru.a(hid.o)
 .bss.kRepeat   0x0011d568        0x4 /opt/devkitpro/libctru/lib/libctru.a(hid.o)
 .bss.kUp       0x0011d56c        0x4 /opt/devkitpro/libctru/lib/libctru.a(hid.o)
 .bss.kDown     0x0011d570        0x4 /opt/devkitpro/libctru/lib/libctru.a(hid.o)
 .bss.kHeld     0x0011d574        0x4 /opt/devkitpro/libctru/lib/libctru.a(hid.o)
 .bss.kOld      0x0011d578        0x4 /opt/devkitpro/libctru/lib/libctru.a(hid.o)
 .bss.hidSharedMem
                0x0011d57c        0x4 /opt/devkitpro/libctru/lib/libctru.a(hid.o)
                0x0011d57c                hidSharedMem
 .bss.hidEvents
                0x0011d580       0x14 /opt/devkitpro/libctru/lib/libctru.a(hid.o)
                0x0011d580                hidEvents
 .bss.hidMemHandle
                0x0011d594        0x4 /opt/devkitpro/libctru/lib/libctru.a(hid.o)
                0x0011d594                hidMemHandle
 .bss.hidHandle
                0x0011d598        0x4 /opt/devkitpro/libctru/lib/libctru.a(hid.o)
                0x0011d598                hidHandle
 .bss.irrstRefCount
                0x0011d59c        0x4 /opt/devkitpro/libctru/lib/libctru.a(irrst.o)
 .bss.csPos     0x0011d5a0        0x4 /opt/devkitpro/libctru/lib/libctru.a(irrst.o)
 .bss.kHeld     0x0011d5a4        0x4 /opt/devkitpro/libctru/lib/libctru.a(irrst.o)
 .bss.irrstSharedMem
                0x0011d5a8        0x4 /opt/devkitpro/libctru/lib/libctru.a(irrst.o)
                0x0011d5a8                irrstSharedMem
 .bss.irrstEvent
                0x0011d5ac        0x4 /opt/devkitpro/libctru/lib/libctru.a(irrst.o)
                0x0011d5ac                irrstEvent
 .bss.irrstMemHandle
                0x0011d5b0        0x4 /opt/devkitpro/libctru/lib/libctru.a(irrst.o)
                0x0011d5b0                irrstMemHandle
 .bss.irrstHandle
                0x0011d5b4        0x4 /opt/devkitpro/libctru/lib/libctru.a(irrst.o)
                0x0011d5b4                irrstHandle
 .bss.__system_retAddr
                0x0011d5b8        0x4 /opt/devkitpro/libctru/lib/libctru.a(ctru_init.o)
                0x0011d5b8                __system_retAddr
 .bss.__system_argv
                0x0011d5bc        0x4 /opt/devkitpro/libctru/lib/libctru.a(initArgv.o)
                0x0011d5bc                __system_argv
 .bss.__system_argc
                0x0011d5c0        0x4 /opt/devkitpro/libctru/lib/libctru.a(initArgv.o)
                0x0011d5c0                __system_argc
 .bss.saved_stack.42
                0x0011d5c4        0x8 /opt/devkitpro/libctru/lib/libctru.a(stack_adjust.o)
 *fill*         0x0011d5cc        0x4 
 .bss._ZL11sLinearPool
                0x0011d5d0        0x8 /opt/devkitpro/libctru/lib/libctru.a(linear.o)
 .bss._ZL8sAddrMap
                0x0011d5d8        0xc /opt/devkitpro/libctru/lib/libctru.a(linear.o)
 *fill*         0x0011d5e4        0x4 
 .bss._ZL10sVramPoolB
                0x0011d5e8        0x8 /opt/devkitpro/libctru/lib/libctru.a(vram.o)
 .bss._ZL10sVramPoolA
                0x0011d5f0        0x8 /opt/devkitpro/libctru/lib/libctru.a(vram.o)
 .bss._ZL8sAddrMap
                0x0011d5f8        0xc /opt/devkitpro/libctru/lib/libctru.a(vram.o)
 .bss.__3dslink_host
                0x0011d604        0x4 /opt/devkitpro/libctru/lib/libctru.a(3dslink.o)
                0x0011d604                __3dslink_host
 .bss.__ctru_speedup
                0x0011d608        0x1 /opt/devkitpro/libctru/lib/libctru.a(os.o)
                0x0011d608                __ctru_speedup
 *fill*         0x0011d609        0x3 
 .bss.srvRefCount
                0x0011d60c        0x4 /opt/devkitpro/libctru/lib/libctru.a(srv.o)
 .bss.srvHandle
                0x0011d610        0x4 /opt/devkitpro/libctru/lib/libctru.a(srv.o)
 .bss.arbiter   0x0011d614        0x4 /opt/devkitpro/libctru/lib/libctru.a(synchronization.o)
 .bss.currentAddr
                0x0011d618        0x4 /opt/devkitpro/libctru/lib/libctru.a(mappable.o)
 .bss.maxAddr   0x0011d61c        0x4 /opt/devkitpro/libctru/lib/libctru.a(mappable.o)
 .bss.minAddr   0x0011d620        0x4 /opt/devkitpro/libctru/lib/libctru.a(mappable.o)
 .bss.ptmSysmRefCount
                0x0011d624        0x4 /opt/devkitpro/libctru/lib/libctru.a(ptmsysm.o)
 .bss.ptmSysmHandle
                0x0011d628        0x4 /opt/devkitpro/libctru/lib/libctru.a(ptmsysm.o)
 .bss.srvPmHandle
                0x0011d62c        0x4 /opt/devkitpro/libctru/lib/libctru.a(srvpm.o)
 .bss.__ctru_linear_heap_size
                0x0011d630        0x4 /opt/devkitpro/libctru/lib/libctru.a(allocateHeaps.o)
                0x0011d630                __ctru_linear_heap_size
 .bss.__ctru_heap_size
                0x0011d634        0x4 /opt/devkitpro/libctru/lib/libctru.a(allocateHeaps.o)
                0x0011d634                __ctru_heap_size
 .bss.__ctru_linear_heap