Archive member included to satisfy reference by file (symbol)

/opt/devkitpro/libctru/lib/libcitro3d.a(attribs.o)
                              main.o (AttrInfo_Init)
/opt/devkitpro/libctru/lib/libcitro3d.a(base.o)
                              /opt/devkitpro/libctru/lib/libcitro3d.a(attribs.o) (__C3D_Context)
/opt/devkitpro/libctru/lib/libcitro3d.a(buffers.o)
                              main.o (BufInfo_Init)
/opt/devkitpro/libctru/lib/libcitro3d.a(drawArrays.o)
                              main.o (C3D_DrawArrays)
/opt/devkitpro/libctru/lib/libcitro3d.a(effect.o)
                              /opt/devkitpro/libctru/lib/libcitro3d.a(base.o) (C3D_DepthMap)
/opt/devkitpro/libctru/lib/libcitro3d.a(framebuffer.o)
                              /opt/devkitpro/libctru/lib/libcitro3d.a(base.o) (C3Di_FrameBufBind)
/opt/devkitpro/libctru/lib/libcitro3d.a(immediate.o)
                              /opt/devkitpro/libctru/lib/libcitro3d.a(base.o) (C3D_ImmSendAttrib)
/opt/devkitpro/libctru/lib/libcitro3d.a(renderqueue.o)
                              /opt/devkitpro/libctru/lib/libcitro3d.a(base.o) (C3Di_RenderQueueEnableVBlank)
/opt/devkitpro/libctru/lib/libcitro3d.a(texenv.o)
                              main.o (C3D_GetTexEnv)
/opt/devkitpro/libctru/lib/libcitro3d.a(texture.o)
                              /opt/devkitpro/libctru/lib/libcitro3d.a(base.o) (C3Di_SetTex)
/opt/devkitpro/libctru/lib/libcitro3d.a(uniforms.o)
                              /opt/devkitpro/libctru/lib/libcitro3d.a(base.o) (C3D_UpdateUniforms)
/opt/devkitpro/libctru/lib/libcitro3d.a(mtx_orthotilt.o)
                              main.o (Mtx_OrthoTilt)
/opt/devkitpro/libctru/lib/libctru.a(linear.o)
                              main.o (linearAlloc)
/opt/devkitpro/libctru/lib/libctru.a(mem_pool.o)
                              /opt/devkitpro/libctru/lib/libctru.a(linear.o) (MemPool::Allocate(MemChunk&, unsigned long, int))
/opt/devkitpro/libctru/lib/libctru.a(vram.o)
                              /opt/devkitpro/libctru/lib/libcitro3d.a(renderqueue.o) (vramAlloc)
/opt/devkitpro/libctru/lib/libctru.a(gfx.o)
                              main.o (gfxInitDefault)
/opt/devkitpro/libctru/lib/libctru.a(os.o)
                              /opt/devkitpro/libctru/lib/libcitro3d.a(buffers.o) (osConvertVirtToPhys)
/opt/devkitpro/libctru/lib/libctru.a(gpu.o)
                              /opt/devkitpro/libctru/lib/libcitro3d.a(base.o) (gpuCmdBufOffset)
/opt/devkitpro/libctru/lib/libctru.a(gx.o)
                              /opt/devkitpro/libctru/lib/libcitro3d.a(renderqueue.o) (GX_BindQueue)
/opt/devkitpro/libctru/lib/libctru.a(gxqueue.o)
                              /opt/devkitpro/libctru/lib/libcitro3d.a(renderqueue.o) (gxCmdQueueClear)
/opt/devkitpro/libctru/lib/libctru.a(shaderProgram.o)
                              main.o (shaderInstanceGetUniformLocation)
/opt/devkitpro/libctru/lib/libctru.a(shbin.o)
                              main.o (DVLB_ParseFile)
/opt/devkitpro/libctru/lib/libctru.a(apt.o)
                              /opt/devkitpro/libctru/lib/libcitro3d.a(base.o) (aptHook)
/opt/devkitpro/libctru/lib/libctru.a(gspgpu.o)
                              /opt/devkitpro/libctru/lib/libctru.a(gfx.o) (gspInit)
/opt/devkitpro/libctru/lib/libctru.a(hid.o)
                              main.o (hidScanInput)
/opt/devkitpro/libctru/lib/libctru.a(irrst.o)
                              /opt/devkitpro/libctru/lib/libctru.a(hid.o) (irrstInit)
/opt/devkitpro/libctru/lib/libctru.a(ptmsysm.o)
                              /opt/devkitpro/libctru/lib/libctru.a(os.o) (ptmSysmInit)
/opt/devkitpro/libctru/lib/libctru.a(rbtree_find.o)
                              /opt/devkitpro/libctru/lib/libctru.a(linear.o) (rbtree_find)
/opt/devkitpro/libctru/lib/libctru.a(rbtree_init.o)
                              /opt/devkitpro/libctru/lib/libctru.a(linear.o) (rbtree_init)
/opt/devkitpro/libctru/lib/libctru.a(rbtree_insert.o)
                              /opt/devkitpro/libctru/lib/libctru.a(linear.o) (rbtree_insert)
/opt/devkitpro/libctru/lib/libctru.a(rbtree_remove.o)
                              /opt/devkitpro/libctru/lib/libctru.a(linear.o) (rbtree_remove)
/opt/devkitpro/libctru/lib/libctru.a(rbtree_rotate.o)
                              /opt/devkitpro/libctru/lib/libctru.a(rbtree_insert.o) (rbtree_rotate)
/opt/devkitpro/libctru/lib/libctru.a(allocateHeaps.o)
                              /opt/devkitpro/libctru/lib/libcitro3d.a(renderqueue.o) (__ctru_linear_heap_size)
/opt/devkitpro/libctru/lib/libctru.a(ctru_init.o)
                              /opt/devkitpro/libctru/lib/libctru.a(apt.o) (__system_retAddr)
/opt/devkitpro/libctru/lib/libctru.a(initArgv.o)
                              /opt/devkitpro/libctru/lib/libctru.a(ctru_init.o) (__system_initArgv)
/opt/devkitpro/libctru/lib/libctru.a(syscalls.o)
                              /opt/devkitpro/libctru/lib/libctru.a(ctru_init.o) (__system_initSyscalls)
/opt/devkitpro/libctru/lib/libctru.a(svc.o)
[...]
Memory Configuration

Name             Origin             Length             Attributes
*default*        0x00000000         0xffffffff

Linker script and memory map

                0x00000000                        __sync_synchronize = __sync_synchronize_dmb
                0x00100000                        PROVIDE (__start__ = 0x100000)
                0x00100000                        . = __start__

.text           0x00100000     0xf64c
 *(.crt0)
 .crt0          0x00100000       0x94 /opt/devkitpro/devkitARM/bin/../lib/gcc/arm-none-eabi/14.2.0/../../../../arm-none-eabi/lib/armv6k/fpu/3dsx_crt0.o
                0x00100000                _start
                0x00100008                __service_ptr
                0x0010000c                __apt_appid
                0x00100010                __heap_size
                0x00100014                __linear_heap_size
                0x00100018                __system_arglist
                0x0010001c                __system_runflags
 *(.init)
 .init          0x00100094        0xc /opt/devkitpro/devkitARM/bin/../lib/gcc/arm-none-eabi/14.2.0/armv6k/fpu/crti.o
                0x00100094                _init
 .init          0x001000a0        0xc /opt/devkitpro/devkitARM/bin/../lib/gcc/arm-none-eabi/14.2.0/armv6k/fpu/crtn.o
                0x001000ac                        . = ALIGN (0x4)
 *(.text)
 .text          0x001000ac      0x3c0 /opt/devkitpro/devkitARM/bin/../lib/gcc/arm-none-eabi/14.2.0/armv6k/fpu/libgcc.a(_arm_addsubdf3.o)
                0x001000ac                __aeabi_drsub
                0x001000b4                __subdf3
                0x001000b4                __aeabi_dsub
                0x001000b8                __aeabi_dadd
                0x001000b8                __adddf3
                0x00100364                __aeabi_ui2d
                0x00100364                __floatunsidf
                0x00100388                __floatsidf
                0x00100388                __aeabi_i2d
                0x001003b0                __extendsfdf2
                0x001003b0                __aeabi_f2d
                0x001003f8                __aeabi_ul2d
                0x001003f8                __floatundidf
                0x0010040c                __aeabi_l2d
                0x0010040c                __floatdidf
 .text          0x0010046c        0x4 /opt/devkitpro/devkitARM/bin/../lib/gcc/arm-none-eabi/14.2.0/armv6k/fpu/libgcc.a(_dvmd_tls.o)
                0x0010046c                __aeabi_ldiv0
                0x0010046c                __aeabi_idiv0
 *fill*         0x00100470       0x10 
 .text          0x00100480      0x390 /opt/devkitpro/devkitARM/bin/../lib/gcc/arm-none-eabi/14.2.0/../../../../arm-none-eabi/lib/armv6k/fpu/libg.a(libc_a-strcmp.o)
                0x00100488                strcmp
 .text          0x00100810      0x20c /opt/devkitpro/devkitARM/bin/../lib/gcc/arm-none-eabi/14.2.0/armv6k/fpu/libgcc.a(_udivsi3.o)
                0x00100810                __udivsi3
                0x00100810                __aeabi_uidiv
                0x001009fc                __aeabi_uidivmod
 *(.text.*)
 .text.__do_global_dtors_aux
                0x00100a1c       0x40 /opt/devkitpro/devkitARM/bin/../lib/gcc/arm-none-eabi/14.2.0/armv6k/fpu/crtbegin.o
 .text.frame_dummy
                0x00100a5c       0x2c /opt/devkitpro/devkitARM/bin/../lib/gcc/arm-none-eabi/14.2.0/armv6k/fpu/crtbegin.o
 .text.sceneRender
                0x00100a88       0xf0 main.o
 .text.startup.main
                0x00100b78      0x2d0 main.o
                0x00100b78                main
 .text.AttrInfo_Init
                0x00100e48       0x28 /opt/devkitpro/libctru/lib/libcitro3d.a(attribs.o)
                0x00100e48                AttrInfo_Init
 .text.AttrInfo_AddLoader
                0x00100e70       0x94 /opt/devkitpro/libctru/lib/libcitro3d.a(attribs.o)
                0x00100e70                AttrInfo_AddLoader
 .text.AttrInfo_AddFixed
                0x00100f04       0x5c /opt/devkitpro/libctru/lib/libcitro3d.a(attribs.o)
                0x00100f04                AttrInfo_AddFixed
 .text.C3D_GetAttrInfo
                0x00100f60       0x20 /opt/devkitpro/libctru/lib/libcitro3d.a(attribs.o)
                0x00100f60                C3D_GetAttrInfo
 .text.C3Di_AttrInfoBind
                0x00100f80       0x80 /opt/devkitpro/libctru/lib/libcitro3d.a(attribs.o)
                0x00100f80                C3Di_AttrInfoBind
 .text.C3Di_LightEnvUpdate
                0x00101000        0x4 /opt/devkitpro/libctru/lib/libcitro3d.a(base.o)
                0x00101000                C3Di_LightEnvUpdate
 .text.C3Di_LightEnvDirty
                0x00101004        0x4 /opt/devkitpro/libctru/lib/libcitro3d.a(base.o)
                0x00101004                C3Di_LightEnvDirty
 .text.C3Di_ProcTexUpdate
                0x00101008        0x4 /opt/devkitpro/libctru/lib/libcitro3d.a(base.o)
                0x00101008                C3Di_ProcTexUpdate
 .text.C3Di_ProcTexDirty
                0x0010100c        0x4 /opt/devkitpro/libctru/lib/libcitro3d.a(base.o)
                0x0010100c                C3Di_ProcTexDirty
 .text.C3Di_AptEventHook
                0x00101010       0xb4 /opt/devkitpro/libctru/lib/libcitro3d.a(base.o)
 .text.C3Di_GasUpdate
                0x001010c4        0x4 /opt/devkitpro/libctru/lib/libcitro3d.a(base.o)
                0x001010c4                C3Di_GasUpdate
 .text.C3D_Init
                0x001010c8      0x1d0 /opt/devkitpro/libctru/lib/libcitro3d.a(base.o)
                0x001010c8                C3D_Init
 .text.C3D_SetViewport
                0x00101298       0x98 /opt/devkitpro/libctru/lib/libcitro3d.a(base.o)
                0x00101298                C3D_SetViewport
 .text.C3Di_UpdateContext
                0x00101330      0x4e8 /opt/devkitpro/libctru/lib/libcitro3d.a(base.o)
                0x00101330                C3Di_UpdateContext
 .text.C3Di_SplitFrame
                0x00101818       0xe0 /opt/devkitpro/libctru/lib/libcitro3d.a(base.o)
                0x00101818                C3Di_SplitFrame
 .text.C3D_Fini
                0x001018f8       0x44 /opt/devkitpro/libctru/lib/libcitro3d.a(base.o)
                0x001018f8                C3D_Fini
 .text.C3D_BindProgram
                0x0010193c      0x194 /opt/devkitpro/libctru/lib/libcitro3d.a(base.o)
                0x0010193c                C3D_BindProgram
 .text.C3D_FixedAttribGetWritePtr
                0x00101ad0       0x50 /opt/devkitpro/libctru/lib/libcitro3d.a(base.o)
                0x00101ad0                C3D_FixedAttribGetWritePtr
 .text.BufInfo_Init
                0x00101b20       0x24 /opt/devkitpro/libctru/lib/libcitro3d.a(buffers.o)
                0x00101b20                BufInfo_Init
 .text.BufInfo_Add
                0x00101b44       0x80 /opt/devkitpro/libctru/lib/libcitro3d.a(buffers.o)
                0x00101b44                BufInfo_Add
 .text.C3D_GetBufInfo
                0x00101bc4       0x20 /opt/devkitpro/libctru/lib/libcitro3d.a(buffers.o)
                0x00101bc4                C3D_GetBufInfo
 .text.C3Di_BufInfoBind
                0x00101be4       0x48 /opt/devkitpro/libctru/lib/libcitro3d.a(buffers.o)
                0x00101be4                C3Di_BufInfoBind
 .text.C3D_DrawArrays
                0x00101c2c      0x148 /opt/devkitpro/libctru/lib/libcitro3d.a(drawArrays.o)
                0x00101c2c                C3D_DrawArrays
 .text.C3D_DepthMap
                0x00101d74       0x40 /opt/devkitpro/libctru/lib/libcitro3d.a(effect.o)
                0x00101d74                C3D_DepthMap
 .text.C3D_CullFace
                0x00101db4       0x1c /opt/devkitpro/libctru/lib/libcitro3d.a(effect.o)
                0x00101db4                C3D_CullFace
 .text.C3D_StencilTest
                0x00101dd0       0x40 /opt/devkitpro/libctru/lib/libcitro3d.a(effect.o)
                0x00101dd0                C3D_StencilTest
 .text.C3D_StencilOp
                0x00101e10       0x24 /opt/devkitpro/libctru/lib/libcitro3d.a(effect.o)
                0x00101e10                C3D_StencilOp
 .text.C3D_BlendingColor
                0x00101e34       0x1c /opt/devkitpro/libctru/lib/libcitro3d.a(effect.o)
                0x00101e34                C3D_BlendingColor
 .text.C3D_EarlyDepthTest
                0x00101e50       0x24 /opt/devkitpro/libctru/lib/libcitro3d.a(effect.o)
                0x00101e50                C3D_EarlyDepthTest
 .text.C3D_DepthTest
                0x00101e74       0x2c /opt/devkitpro/libctru/lib/libcitro3d.a(effect.o)
                0x00101e74                C3D_DepthTest
 .text.C3D_AlphaTest
                0x00101ea0       0x2c /opt/devkitpro/libctru/lib/libcitro3d.a(effect.o)
                0x00101ea0                C3D_AlphaTest
 .text.C3D_AlphaBlend
                0x00101ecc       0x50 /opt/devkitpro/libctru/lib/libcitro3d.a(effect.o)
                0x00101ecc                C3D_AlphaBlend
 .text.C3D_FragOpMode
                0x00101f1c       0x30 /opt/devkitpro/libctru/lib/libcitro3d.a(effect.o)
                0x00101f1c                C3D_FragOpMode
 .text.C3D_FragOpShadow
                0x00101f4c       0x44 /opt/devkitpro/libctru/lib/libcitro3d.a(effect.o)
                0x00101f4c                C3D_FragOpShadow
 .text.C3Di_EffectBind
                0x00101f90      0x1ac /opt/devkitpro/libctru/lib/libcitro3d.a(effect.o)
                0x00101f90                C3Di_EffectBind
 .text.C3D_CalcColorBufSize
                0x0010213c       0x1c /opt/devkitpro/libctru/lib/libcitro3d.a(framebuffer.o)
                0x0010213c                C3D_CalcColorBufSize
 .text.C3D_CalcDepthBufSize
                0x00102158       0x1c /opt/devkitpro/libctru/lib/libcitro3d.a(framebuffer.o)
                0x00102158                C3D_CalcDepthBufSize
 .text.C3D_SetFrameBuf
                0x00102174       0x44 /opt/devkitpro/libctru/lib/libcitro3d.a(framebuffer.o)
                0x00102174                C3D_SetFrameBuf
 .text.C3Di_FrameBufBind
                0x001021b8      0x16c /opt/devkitpro/libctru/lib/libcitro3d.a(framebuffer.o)
                0x001021b8                C3Di_FrameBufBind
 .text.C3D_FrameBufClear
                0x00102324       0xc8 /opt/devkitpro/libctru/lib/libcitro3d.a(framebuffer.o)
                0x00102324                C3D_FrameBufClear
 .text.C3D_FrameBufTransfer
                0x001023ec       0x44 /opt/devkitpro/libctru/lib/libcitro3d.a(framebuffer.o)
                0x001023ec                C3D_FrameBufTransfer
 .text.C3D_ImmSendAttrib
                0x00102430       0xa8 /opt/devkitpro/libctru/lib/libcitro3d.a(immediate.o)
                0x00102430                C3D_ImmSendAttrib
 .text.onVBlank0
                0x001024d8       0x4c /opt/devkitpro/libctru/lib/libcitro3d.a(renderqueue.o)
 .text.onVBlank1
                0x00102524       0x4c /opt/devkitpro/libctru/lib/libcitro3d.a(renderqueue.o)
 .text.C3Di_RenderTargetDestroy
                0x00102570       0x80 /opt/devkitpro/libctru/lib/libcitro3d.a(renderqueue.o)
 .text.onQueueFinish
                0x001025f0       0xf4 /opt/devkitpro/libctru/lib/libcitro3d.a(renderqueue.o)
 .text.C3Di_RenderQueueEnableVBlank
                0x001026e4       0x38 /opt/devkitpro/libctru/lib/libcitro3d.a(renderqueue.o)
                0x001026e4                C3Di_RenderQueueEnableVBlank
 .text.C3Di_RenderQueueDisableVBlank
                0x0010271c       0x30 /opt/devkitpro/libctru/lib/libcitro3d.a(renderqueue.o)
                0x0010271c                C3Di_RenderQueueDisableVBlank
 .text.C3Di_RenderQueueInit
                0x0010274c       0x60 /opt/devkitpro/libctru/lib/libcitro3d.a(renderqueue.o)
                0x0010274c                C3Di_RenderQueueInit
 .text.C3Di_RenderQueueExit
                0x001027ac       0xb4 /opt/devkitpro/libctru/lib/libcitro3d.a(renderqueue.o)
                0x001027ac                C3Di_RenderQueueExit
 .text.C3Di_RenderQueueWaitDone
                0x00102860       0x34 /opt/devkitpro/libctru/lib/libcitro3d.a(renderqueue.o)
                0x00102860                C3Di_RenderQueueWaitDone
 .text.C3D_FrameBegin
                0x00102894       0xe8 /opt/devkitpro/libctru/lib/libcitro3d.a(renderqueue.o)
                0x00102894                C3D_FrameBegin
 .text.C3D_FrameDrawOn
                0x0010297c       0x48 /opt/devkitpro/libctru/lib/libcitro3d.a(renderqueue.o)
                0x0010297c                C3D_FrameDrawOn
 .text.C3D_FrameEnd
                0x001029c4      0x1d0 /opt/devkitpro/libctru/lib/libcitro3d.a(renderqueue.o)
                0x001029c4                C3D_FrameEnd
 .text.C3D_RenderTargetCreate
                0x00102b94      0x170 /opt/devkitpro/libctru/lib/libcitro3d.a(renderqueue.o)
                0x00102b94                C3D_RenderTargetCreate
 .text.C3D_RenderTargetSetOutput
                0x00102d04       0xa8 /opt/devkitpro/libctru/lib/libcitro3d.a(renderqueue.o)
                0x00102d04                C3D_RenderTargetSetOutput
 .text.C3D_GetTexEnv
                0x00102dac       0x34 /opt/devkitpro/libctru/lib/libcitro3d.a(texenv.o)
                0x00102dac                C3D_GetTexEnv
 .text.C3Di_TexEnvBind
                0x00102de0       0x24 /opt/devkitpro/libctru/lib/libcitro3d.a(texenv.o)
                0x00102de0                C3Di_TexEnvBind
 .text.C3Di_SetTex
                0x00102e04      0x14c /opt/devkitpro/libctru/lib/libcitro3d.a(texture.o)
                0x00102e04                C3Di_SetTex
 .text.C3D_UpdateUniforms
                0x00102f50      0x290 /opt/devkitpro/libctru/lib/libcitro3d.a(uniforms.o)
                0x00102f50                C3D_UpdateUniforms
 .text.C3Di_DirtyUniforms
                0x001031e0       0xc0 /opt/devkitpro/libctru/lib/libcitro3d.a(uniforms.o)
                0x001031e0                C3Di_DirtyUniforms
 .text.C3Di_LoadShaderUniforms
                0x001032a0       0xd8 /opt/devkitpro/libctru/lib/libcitro3d.a(uniforms.o)
                0x001032a0                C3Di_LoadShaderUniforms
 .text.C3Di_ClearShaderUniforms
                0x00103378       0x28 /opt/devkitpro/libctru/lib/libcitro3d.a(uniforms.o)
                0x00103378                C3Di_ClearShaderUniforms
 .text.Mtx_OrthoTilt
                0x001033a0       0xcc /opt/devkitpro/libctru/lib/libcitro3d.a(mtx_orthotilt.o)
                0x001033a0                Mtx_OrthoTilt
 .text._ZL21addrMapNodeComparatorPK11rbtree_nodeS1_
                0x0010346c       0x24 /opt/devkitpro/libctru/lib/libctru.a(linear.o)
 .text._ZL21addrMapNodeDestructorP11rbtree_node
                0x00103490        0x4 /opt/devkitpro/libctru/lib/libctru.a(linear.o)
 .text.linearMemAlign
                0x00103494      0x120 /opt/devkitpro/libctru/lib/libctru.a(linear.o)
                0x00103494                linearMemAlign
 .text.linearAlloc
                0x001035b4        0x8 /opt/devkitpro/libctru/lib/libctru.a(linear.o)
                0x001035b4                linearAlloc
 .text.linearFree
                0x001035bc       0x5c /opt/devkitpro/libctru/lib/libctru.a(linear.o)
                0x001035bc                linearFree
 .text._ZN7MemPool13CoalesceRightEP8MemBlock
                0x00103618       0x84 /opt/devkitpro/libctru/lib/libctru.a(mem_pool.o)
                0x00103618                MemPool::CoalesceRight(MemBlock*)
 .text._ZN7MemPool8AllocateER8MemChunkmi
                0x0010369c      0x150 /opt/devkitpro/libctru/lib/libctru.a(mem_pool.o)
                0x0010369c                MemPool::Allocate(MemChunk&, unsigned long, int)
 .text._ZN7MemPool10DeallocateERK8MemChunk
                0x001037ec       0xfc /opt/devkitpro/libctru/lib/libctru.a(mem_pool.o)
                0x001037ec                MemPool::Deallocate(MemChunk const&)
 .text._ZN7MemPool12GetFreeSpaceEv
                0x001038e8       0x30 /opt/devkitpro/libctru/lib/libctru.a(mem_pool.o)
                0x001038e8                MemPool::GetFreeSpace()
 .text._ZL21addrMapNodeComparatorPK11rbtree_nodeS1_
                0x00103918       0x24 /opt/devkitpro/libctru/lib/libctru.a(vram.o)
 .text._ZL21addrMapNodeDestructorP11rbtree_node
                0x0010393c        0x4 /opt/devkitpro/libctru/lib/libctru.a(vram.o)
 .text.vramMemAlignAt
                0x00103940      0x244 /opt/devkitpro/libctru/lib/libctru.a(vram.o)
                0x00103940                vramMemAlignAt
 .text.vramAlloc
                0x00103b84        0xc /opt/devkitpro/libctru/lib/libctru.a(vram.o)
                0x00103b84                vramAlloc
 .text.vramAllocAt
                0x00103b90        0xc /opt/devkitpro/libctru/lib/libctru.a(vram.o)
                0x00103b90                vramAllocAt
 .text.vramFree
                0x00103b9c       0x90 /opt/devkitpro/libctru/lib/libctru.a(vram.o)
                0x00103b9c                vramFree
 .text.gfxPresentFramebuffer
                0x00103c2c       0xd0 /opt/devkitpro/libctru/lib/libctru.a(gfx.o)
 .text.gfxSetScreenFormat
                0x00103cfc       0xec /opt/devkitpro/libctru/lib/libctru.a(gfx.o)
                0x00103cfc                gfxSetScreenFormat
 .text.gfxInit  0x00103de8       0xd8 /opt/devkitpro/libctru/lib/libctru.a(gfx.o)
                0x00103de8                gfxInit
 .text.gfxInitDefault
                0x00103ec0       0x10 /opt/devkitpro/libctru/lib/libctru.a(gfx.o)
                0x00103ec0                gfxInitDefault
 .text.gfxExit  0x00103ed0       0xb4 /opt/devkitpro/libctru/lib/libctru.a(gfx.o)
                0x00103ed0                gfxExit
 .text.gfxGetFramebuffer
                0x00103f84       0xa0 /opt/devkitpro/libctru/lib/libctru.a(gfx.o)
                0x00103f84                gfxGetFramebuffer
 .text.gfxScreenSwapBuffers
                0x00104024       0x30 /opt/devkitpro/libctru/lib/libctru.a(gfx.o)
                0x00104024                gfxScreenSwapBuffers
 .text.osConvertVirtToPhys
                0x00104054       0x74 /opt/devkitpro/libctru/lib/libctru.a(os.o)
                0x00104054                osConvertVirtToPhys
 .text.__ctru_speedup_config
                0x001040c8       0x34 /opt/devkitpro/libctru/lib/libctru.a(os.o)
                0x001040c8                __ctru_speedup_config
 .text.GPUCMD_Add
                0x001040fc      0x13c /opt/devkitpro/libctru/lib/libctru.a(gpu.o)
                0x001040fc                GPUCMD_Add
 .text.GPUCMD_Split
                0x00104238       0xb0 /opt/devkitpro/libctru/lib/libctru.a(gpu.o)
                0x00104238                GPUCMD_Split
 .text.f32tof16
                0x001042e8       0x34 /opt/devkitpro/libctru/lib/libctru.a(gpu.o)
                0x001042e8                f32tof16
 .text.f32tof24
                0x0010431c       0x34 /opt/devkitpro/libctru/lib/libctru.a(gpu.o)
                0x0010431c                f32tof24
 .text.f32tof31
                0x00104350       0x38 /opt/devkitpro/libctru/lib/libctru.a(gpu.o)
                0x00104350                f32tof31
 .text.GX_BindQueue
                0x00104388       0x10 /opt/devkitpro/libctru/lib/libctru.a(gx.o)
                0x00104388                GX_BindQueue
 .text.GX_ProcessCommandList
                0x00104398       0x78 /opt/devkitpro/libctru/lib/libctru.a(gx.o)
                0x00104398                GX_ProcessCommandList
 .text.GX_MemoryFill
                0x00104410       0x74 /opt/devkitpro/libctru/lib/libctru.a(gx.o)
                0x00104410                GX_MemoryFill
 .text.GX_DisplayTransfer
                0x00104484       0x70 /opt/devkitpro/libctru/lib/libctru.a(gx.o)
                0x00104484                GX_DisplayTransfer
 .text.gxCmdQueueDoCommands.part.0
                0x001044f4       0x68 /opt/devkitpro/libctru/lib/libctru.a(gxqueue.o)
 .text.gxCmdQueueInterrupt
                0x0010455c       0xc8 /opt/devkitpro/libctru/lib/libctru.a(gxqueue.o)
                0x0010455c                gxCmdQueueInterrupt
 .text.gxCmdQueueClear
                0x00104624       0x4c /opt/devkitpro/libctru/lib/libctru.a(gxqueue.o)
                0x00104624                gxCmdQueueClear
 .text.gxCmdQueueAdd
                0x00104670       0xf8 /opt/devkitpro/libctru/lib/libctru.a(gxqueue.o)
                0x00104670                gxCmdQueueAdd
 .text.gxCmdQueueRun
                0x00104768       0x80 /opt/devkitpro/libctru/lib/libctru.a(gxqueue.o)
                0x00104768                gxCmdQueueRun
 .text.gxCmdQueueStop
                0x001047e8       0x60 /opt/devkitpro/libctru/lib/libctru.a(gxqueue.o)
                0x001047e8                gxCmdQueueStop
 .text.gxCmdQueueWait
                0x00104848       0x8c /opt/devkitpro/libctru/lib/libctru.a(gxqueue.o)
                0x00104848                gxCmdQueueWait
 .text.shaderInstanceInit
                0x001048d4      0x1d0 /opt/devkitpro/libctru/lib/libctru.a(shaderProgram.o)
                0x001048d4                shaderInstanceInit
 .text.shaderInstanceGetUniformLocation
                0x00104aa4       0x18 /opt/devkitpro/libctru/lib/libctru.a(shaderProgram.o)
                0x00104aa4                shaderInstanceGetUniformLocation
 .text.shaderProgramInit
                0x00104abc       0x1c /opt/devkitpro/libctru/lib/libctru.a(shaderProgram.o)
                0x00104abc                shaderProgramInit
 .text.shaderProgramFree
                0x00104ad8       0x64 /opt/devkitpro/libctru/lib/libctru.a(shaderProgram.o)
                0x00104ad8                shaderProgramFree
 .text.shaderProgramSetVsh
                0x00104b3c       0x80 /opt/devkitpro/libctru/lib/libctru.a(shaderProgram.o)
                0x00104b3c                shaderProgramSetVsh
 .text.shaderProgramConfigure
                0x00104bbc      0x8d0 /opt/devkitpro/libctru/lib/libctru.a(shaderProgram.o)
                0x00104bbc                shaderProgramConfigure
 .text.DVLE_GenerateOutmap.part.0
                0x0010548c      0x1dc /opt/devkitpro/libctru/lib/libctru.a(shbin.o)
 .text.DVLB_ParseFile
                0x00105668      0x1b0 /opt/devkitpro/libctru/lib/libctru.a(shbin.o)
                0x00105668                DVLB_ParseFile
 .text.DVLB_Free
                0x00105818       0x38 /opt/devkitpro/libctru/lib/libctru.a(shbin.o)
                0x00105818                DVLB_Free
 .text.DVLE_GetUniformRegister
                0x00105850       0x74 /opt/devkitpro/libctru/lib/libctru.a(shbin.o)
                0x00105850                DVLE_GetUniformRegister
 .text.aptConvertScreenForCapture
                0x001058c4      0x1b0 /opt/devkitpro/libctru/lib/libctru.a(apt.o)
 .text.aptDspSleep
                0x00105a74        0x8 /opt/devkitpro/libctru/lib/libctru.a(apt.o)
                0x00105a74                aptDspSleep
 .text.aptDspWakeup
                0x00105a7c        0x4 /opt/devkitpro/libctru/lib/libctru.a(apt.o)
                0x00105a7c                aptDspWakeup
 .text.aptDspCancel
                0x00105a80        0x4 /opt/devkitpro/libctru/lib/libctru.a(apt.o)
                0x00105a80                aptDspCancel
 .text.aptSendCommand
                0x00105a84      0x158 /opt/devkitpro/libctru/lib/libctru.a(apt.o)
                0x00105a84                aptSendCommand
 *fill*         0x00105bdc        0x4 
 .text.aptExitProcess
                0x00105be0       0x44 /opt/devkitpro/libctru/lib/libctru.a(apt.o)
 .text.aptExit  0x00105c24      0x380 /opt/devkitpro/libctru/lib/libctru.a(apt.o)
                0x00105c24                aptExit
 .text.aptHandleSleep
                0x00105fa4       0xd8 /opt/devkitpro/libctru/lib/libctru.a(apt.o)
                0x00105fa4                aptHandleSleep
 .text.aptHook  0x0010607c       0x30 /opt/devkitpro/libctru/lib/libctru.a(apt.o)
                0x0010607c                aptHook
 .text.aptUnhook
                0x001060ac       0x30 /opt/devkitpro/libctru/lib/libctru.a(apt.o)
                0x001060ac                aptUnhook
 .text.APT_SleepIfShellClosed
                0x001060dc       0x84 /opt/devkitpro/libctru/lib/libctru.a(apt.o)
                0x001060dc                APT_SleepIfShellClosed
 .text.aptSetSleepAllowed
                0x00106160       0x78 /opt/devkitpro/libctru/lib/libctru.a(apt.o)
                0x00106160                aptSetSleepAllowed
 .text.APT_UnlockTransition
                0x001061d8       0x84 /opt/devkitpro/libctru/lib/libctru.a(apt.o)
                0x001061d8                APT_UnlockTransition
 *fill*         0x0010625c        0x4 
 .text.aptEventHandler
                0x00106260      0x478 /opt/devkitpro/libctru/lib/libctru.a(apt.o)
 .text.APT_ReceiveParameter
                0x001066d8       0xb0 /opt/devkitpro/libctru/lib/libctru.a(apt.o)
                0x001066d8                APT_ReceiveParameter
 .text.aptReceiveParameter.constprop.0
                0x00106788       0xac /opt/devkitpro/libctru/lib/libctru.a(apt.o)
 *fill*         0x00106834        0x4 
 .text.aptScreenTransfer
                0x00106838      0x294 /opt/devkitpro/libctru/lib/libctru.a(apt.o)
 .text.aptWaitForWakeUp.isra.0
                0x00106acc      0x2c8 /opt/devkitpro/libctru/lib/libctru.a(apt.o)
 .text.aptJumpToHomeMenu
                0x00106d94       0xf4 /opt/devkitpro/libctru/lib/libctru.a(apt.o)
                0x00106d94                aptJumpToHomeMenu
 .text.aptMainLoop
                0x00106e88       0x48 /opt/devkitpro/libctru/lib/libctru.a(apt.o)
                0x00106e88                aptMainLoop
 .text.aptInit  0x00106ed0      0x22c /opt/devkitpro/libctru/lib/libctru.a(apt.o)
                0x00106ed0                aptInit
 .text.APT_CheckNew3DS
                0x001070fc       0x7c /opt/devkitpro/libctru/lib/libctru.a(apt.o)
                0x001070fc                APT_CheckNew3DS
 .text.gspHardwareInit
                0x00107178      0xc70 /opt/devkitpro/libctru/lib/libctru.a(gspgpu.o)
 .text.gspInit  0x00107de8      0x248 /opt/devkitpro/libctru/lib/libctru.a(gspgpu.o)
                0x00107de8                gspInit
 .text.gspExit  0x00108030       0xe4 /opt/devkitpro/libctru/lib/libctru.a(gspgpu.o)
                0x00108030                gspExit
 .text.gspHasGpuRight
                0x00108114       0x10 /opt/devkitpro/libctru/lib/libctru.a(gspgpu.o)
                0x00108114                gspHasGpuRight
 .text.gspPresentBuffer
                0x00108124       0xa0 /opt/devkitpro/libctru/lib/libctru.a(gspgpu.o)
                0x00108124                gspPresentBuffer
 .text.gspSetEventCallback
                0x001081c4       0x30 /opt/devkitpro/libctru/lib/libctru.a(gspgpu.o)
                0x001081c4                gspSetEventCallback
 .text.gspWaitForEvent
                0x001081f4       0x44 /opt/devkitpro/libctru/lib/libctru.a(gspgpu.o)
                0x001081f4                gspWaitForEvent
 .text.gspWaitForAnyEvent
                0x00108238       0x4c /opt/devkitpro/libctru/lib/libctru.a(gspgpu.o)
                0x00108238                gspWaitForAnyEvent
 .text.gspEventThreadMain
                0x00108284      0x160 /opt/devkitpro/libctru/lib/libctru.a(gspgpu.o)
 .text.gspSubmitGxCommand
                0x001083e4      0x130 /opt/devkitpro/libctru/lib/libctru.a(gspgpu.o)
                0x001083e4                gspSubmitGxCommand
 .text.GSPGPU_FlushDataCache
                0x00108514       0x50 /opt/devkitpro/libctru/lib/libctru.a(gspgpu.o)
                0x00108514                GSPGPU_FlushDataCache
 .text.GSPGPU_SetLcdForceBlack
                0x00108564       0x34 /opt/devkitpro/libctru/lib/libctru.a(gspgpu.o)
                0x00108564                GSPGPU_SetLcdForceBlack
 .text.GSPGPU_AcquireRight
                0x00108598       0x68 /opt/devkitpro/libctru/lib/libctru.a(gspgpu.o)
                0x00108598                GSPGPU_AcquireRight
 .text.GSPGPU_ReleaseRight
                0x00108600       0x48 /opt/devkitpro/libctru/lib/libctru.a(gspgpu.o)
                0x00108600                GSPGPU_ReleaseRight
 .text.GSPGPU_ImportDisplayCaptureInfo
                0x00108648       0x7c /opt/devkitpro/libctru/lib/libctru.a(gspgpu.o)
                0x00108648                GSPGPU_ImportDisplayCaptureInfo
 .text.GSPGPU_SaveVramSysArea
                0x001086c4       0x2c /opt/devkitpro/libctru/lib/libctru.a(gspgpu.o)
                0x001086c4                GSPGPU_SaveVramSysArea
 .text.GSPGPU_RestoreVramSysArea
                0x001086f0       0x2c /opt/devkitpro/libctru/lib/libctru.a(gspgpu.o)
                0x001086f0                GSPGPU_RestoreVramSysArea
 .text.hidShouldUseIrrst
                0x0010871c       0x24 /opt/devkitpro/libctru/lib/libctru.a(hid.o)
                0x0010871c                hidShouldUseIrrst
 .text.hidInit  0x00108740      0x18c /opt/devkitpro/libctru/lib/libctru.a(hid.o)
                0x00108740                hidInit
 .text.hidExit  0x001088cc       0xe8 /opt/devkitpro/libctru/lib/libctru.a(hid.o)
                0x001088cc                hidExit
 .text.hidScanInput
                0x001089b4      0x2a4 /opt/devkitpro/libctru/lib/libctru.a(hid.o)
                0x001089b4                hidScanInput
 .text.hidKeysDown
                0x00108c58       0x10 /opt/devkitpro/libctru/lib/libctru.a(hid.o)
                0x00108c58                hidKeysDown
 .text.irrstInit
                0x00108c68      0x160 /opt/devkitpro/libctru/lib/libctru.a(irrst.o)
                0x00108c68                irrstInit
 .text.irrstExit
                0x00108dc8       0xcc /opt/devkitpro/libctru/lib/libctru.a(irrst.o)
                0x00108dc8                irrstExit
 .text.irrstScanInput
                0x00108e94       0xb4 /opt/devkitpro/libctru/lib/libctru.a(irrst.o)
                0x00108e94                irrstScanInput
 .text.irrstKeysHeld
                0x00108f48       0x24 /opt/devkitpro/libctru/lib/libctru.a(irrst.o)
                0x00108f48                irrstKeysHeld
 .text.ptmSysmInit
                0x00108f6c       0x74 /opt/devkitpro/libctru/lib/libctru.a(ptmsysm.o)
                0x00108f6c                ptmSysmInit
 .text.ptmSysmExit
                0x00108fe0       0x3c /opt/devkitpro/libctru/lib/libctru.a(ptmsysm.o)
                0x00108fe0                ptmSysmExit
 .text.PTMSYSM_ConfigureNew3DSCPU
                0x0010901c       0x34 /opt/devkitpro/libctru/lib/libctru.a(ptmsysm.o)
                0x0010901c                PTMSYSM_ConfigureNew3DSCPU
 .text.rbtree_find
                0x00109050       0x74 /opt/devkitpro/libctru/lib/libctru.a(rbtree_find.o)
                0x00109050                rbtree_find
 .text.rbtree_init
                0x001090c4       0x10 /opt/devkitpro/libctru/lib/libctru.a(rbtree_init.o)
                0x001090c4                rbtree_init
 .text.do_insert
                0x001090d4      0x19c /opt/devkitpro/libctru/lib/libctru.a(rbtree_insert.o)
 .text.rbtree_insert
                0x00109270        0x8 /opt/devkitpro/libctru/lib/libctru.a(rbtree_insert.o)
                0x00109270                rbtree_insert
 .text.rbtree_remove
                0x00109278      0x310 /opt/devkitpro/libctru/lib/libctru.a(rbtree_remove.o)
                0x00109278                rbtree_remove
 .text.rbtree_rotate
                0x00109588       0x90 /opt/devkitpro/libctru/lib/libctru.a(rbtree_rotate.o)
                0x00109588                rbtree_rotate
 .text.__system_allocateHeaps
                0x00109618      0x1e0 /opt/devkitpro/libctru/lib/libctru.a(allocateHeaps.o)
                0x00109618                __system_allocateHeaps
 .text.__libctru_init
                0x001097f8       0x38 /opt/devkitpro/libctru/lib/libctru.a(ctru_init.o)
                0x001097f8                __libctru_init
 .text.__system_initArgv
                0x00109830      0x160 /opt/devkitpro/libctru/lib/libctru.a(initArgv.o)
                0x00109830                __system_initArgv
 .text.__syscall_getreent
                0x00109990       0x30 /opt/devkitpro/libctru/lib/libctru.a(syscalls.o)
                0x00109990                __syscall_getreent
 .text.__syscall_lock_acquire_recursive
                0x001099c0        0x4 /opt/devkitpro/libctru/lib/libctru.a(syscalls.o)
                0x001099c0                __syscall_lock_acquire_recursive
 .text.__syscall_lock_release_recursive
                0x001099c4        0x4 /opt/devkitpro/libctru/lib/libctru.a(syscalls.o)
                0x001099c4                __syscall_lock_release_recursive
 .text.__syscall_exit
                0x001099c8        0x4 /opt/devkitpro/libctru/lib/libctru.a(syscalls.o)
                0x001099c8                __syscall_exit
 .text.initThreadVars
                0x001099cc       0x50 /opt/devkitpro/libctru/lib/libctru.a(syscalls.o)
                0x001099cc                initThreadVars
 .text.__system_initSyscalls
                0x00109a1c       0x80 /opt/devkitpro/libctru/lib/libctru.a(syscalls.o)
                0x00109a1c                __system_initSyscalls
 .text.svcControlMemory
                0x00109a9c       0x20 /opt/devkitpro/libctru/lib/libctru.a(svc.o)
                0x00109a9c                svcControlMemory
 .text.svcQueryMemory
                0x00109abc       0x30 /opt/devkitpro/libctru/lib/libctru.a(svc.o)
                0x00109abc                svcQueryMemory
 .text.svcExitProcess
                0x00109aec        0x8 /opt/devkitpro/libctru/lib/libctru.a(svc.o)
                0x00109aec                svcExitProcess
 .text.svcCreateThread
                0x00109af4       0x20 /opt/devkitpro/libctru/lib/libctru.a(svc.o)
                0x00109af4                svcCreateThread
 .text.svcExitThread
                0x00109b14        0x8 /opt/devkitpro/libctru/lib/libctru.a(svc.o)
                0x00109b14                svcExitThread
 .text.svcSleepThread
                0x00109b1c        0x8 /opt/devkitpro/libctru/lib/libctru.a(svc.o)
                0x00109b1c                svcSleepThread
 .text.svcReleaseMutex
                0x00109b24        0x8 /opt/devkitpro/libctru/lib/libctru.a(svc.o)
                0x00109b24                svcReleaseMutex
 .text.svcCreateEvent
                0x00109b2c       0x14 /opt/devkitpro/libctru/lib/libctru.a(svc.o)
                0x00109b2c                svcCreateEvent
 .text.svcSignalEvent
                0x00109b40        0x8 /opt/devkitpro/libctru/lib/libctru.a(svc.o)
                0x00109b40                svcSignalEvent
 .text.svcClearEvent
                0x00109b48        0x8 /opt/devkitpro/libctru/lib/libctru.a(svc.o)
                0x00109b48                svcClearEvent
 .text.svcMapMemoryBlock
                0x00109b50        0x8 /opt/devkitpro/libctru/lib/libctru.a(svc.o)
                0x00109b50                svcMapMemoryBlock
 .text.svcUnmapMemoryBlock
                0x00109b58        0x8 /opt/devkitpro/libctru/lib/libctru.a(svc.o)
                0x00109b58                svcUnmapMemoryBlock
 .text.svcCreateAddressArbiter
                0x00109b60       0x14 /opt/devkitpro/libctru/lib/libctru.a(svc.o)
                0x00109b60                svcCreateAddressArbiter
 .text.svcArbitrateAddressNoTimeout
                0x00109b74        0x8 /opt/devkitpro/libctru/lib/libctru.a(svc.o)
                0x00109b74                svcArbitrateAddressNoTimeout
 .text.svcCloseHandle
                0x00109b7c        0x8 /opt/devkitpro/libctru/lib/libctru.a(svc.o)
                0x00109b7c                svcCloseHandle
 .text.svcWaitSynchronization
                0x00109b84        0x8 /opt/devkitpro/libctru/lib/libctru.a(svc.o)
                0x00109b84                svcWaitSynchronization
 .text.svcWaitSynchronizationN
                0x00109b8c       0x28 /opt/devkitpro/libctru/lib/libctru.a(svc.o)
                0x00109b8c                svcWaitSynchronizationN
 .text.svcDuplicateHandle
                0x00109bb4       0x14 /opt/devkitpro/libctru/lib/libctru.a(svc.o)
                0x00109bb4                svcDuplicateHandle
 .text.svcGetSystemTick
                0x00109bc8        0x8 /opt/devkitpro/libctru/lib/libctru.a(svc.o)
                0x00109bc8                svcGetSystemTick
 .text.svcConnectToPort
                0x00109bd0       0x14 /opt/devkitpro/libctru/lib/libctru.a(svc.o)
                0x00109bd0                svcConnectToPort
 .text.svcSendSyncRequest
                0x00109be4        0x8 /opt/devkitpro/libctru/lib/libctru.a(svc.o)
                0x00109be4                svcSendSyncRequest
 .text.svcGetResourceLimit
                0x00109bec       0x14 /opt/devkitpro/libctru/lib/libctru.a(svc.o)
                0x00109bec                svcGetResourceLimit
 .text.svcGetResourceLimitLimitValues
                0x00109c00        0x8 /opt/devkitpro/libctru/lib/libctru.a(svc.o)
                0x00109c00                svcGetResourceLimitLimitValues
 .text.svcGetResourceLimitCurrentValues
                0x00109c08        0x8 /opt/devkitpro/libctru/lib/libctru.a(svc.o)
                0x00109c08                svcGetResourceLimitCurrentValues
 .text.svcBreak
                0x00109c10        0x8 /opt/devkitpro/libctru/lib/libctru.a(svc.o)
                0x00109c10                svcBreak
 .text.initSystem
                0x00109c18       0x50 /opt/devkitpro/libctru/lib/libctru.a(stack_adjust.o)
                0x00109c18                initSystem
 .text.__ctru_exit
                0x00109c68       0x14 /opt/devkitpro/libctru/lib/libctru.a(stack_adjust.o)
                0x00109c68                __ctru_exit
 .text.envGetHandle
                0x00109c7c       0x84 /opt/devkitpro/libctru/lib/libctru.a(env.o)
                0x00109c7c                envGetHandle
 .text.envDestroyHandles
                0x00109d00       0x50 /opt/devkitpro/libctru/lib/libctru.a(env.o)
                0x00109d00                envDestroyHandles
 .text.srvInit  0x00109d50      0x12c /opt/devkitpro/libctru/lib/libctru.a(srv.o)
                0x00109d50                srvInit
 .text.srvExit  0x00109e7c       0x58 /opt/devkitpro/libctru/lib/libctru.a(srv.o)
                0x00109e7c                srvExit
 .text.srvEnableNotification
                0x00109ed4       0x60 /opt/devkitpro/libctru/lib/libctru.a(srv.o)
                0x00109ed4                srvEnableNotification
 .text.srvGetServiceHandleDirect
                0x00109f34       0xa0 /opt/devkitpro/libctru/lib/libctru.a(srv.o)
                0x00109f34                srvGetServiceHandleDirect
 .text.srvGetServiceHandle
                0x00109fd4       0x38 /opt/devkitpro/libctru/lib/libctru.a(srv.o)
                0x00109fd4                srvGetServiceHandle
 .text.srvSubscribe
                0x0010a00c       0x34 /opt/devkitpro/libctru/lib/libctru.a(srv.o)
                0x0010a00c                srvSubscribe
 .text.srvReceiveNotification
                0x0010a040       0x60 /opt/devkitpro/libctru/lib/libctru.a(srv.o)
                0x0010a040                srvReceiveNotification
 .text.srvPublishToSubscriber
                0x0010a0a0       0x38 /opt/devkitpro/libctru/lib/libctru.a(srv.o)
                0x0010a0a0                srvPublishToSubscriber
 .text.__sync_init
                0x0010a0d8        0xc /opt/devkitpro/libctru/lib/libctru.a(synchronization.o)
                0x0010a0d8                __sync_init
 .text.__sync_fini
                0x0010a0e4       0x18 /opt/devkitpro/libctru/lib/libctru.a(synchronization.o)
                0x0010a0e4                __sync_fini
 .text.syncArbitrateAddress
                0x0010a0fc       0x2c /opt/devkitpro/libctru/lib/libctru.a(synchronization.o)
                0x0010a0fc                syncArbitrateAddress
 .text.LightLock_Lock
                0x0010a128       0xb0 /opt/devkitpro/libctru/lib/libctru.a(synchronization.o)
                0x0010a128                LightLock_Lock
 .text.LightLock_Unlock
                0x0010a1d8       0x40 /opt/devkitpro/libctru/lib/libctru.a(synchronization.o)
                0x0010a1d8                LightLock_Unlock
 .text.RecursiveLock_Lock
                0x0010a218       0x30 /opt/devkitpro/libctru/lib/libctru.a(synchronization.o)
                0x0010a218                RecursiveLock_Lock
 .text.RecursiveLock_Unlock
                0x0010a248       0x54 /opt/devkitpro/libctru/lib/libctru.a(synchronization.o)
                0x0010a248                RecursiveLock_Unlock
 .text.LightEvent_Init
                0x0010a29c       0x40 /opt/devkitpro/libctru/lib/libctru.a(synchronization.o)
                0x0010a29c                LightEvent_Init
 .text.LightEvent_Clear
                0x0010a2dc       0xa4 /opt/devkitpro/libctru/lib/libctru.a(synchronization.o)
                0x0010a2dc                LightEvent_Clear
 .text.LightEvent_Signal
                0x0010a380       0xc8 /opt/devkitpro/libctru/lib/libctru.a(synchronization.o)
                0x0010a380                LightEvent_Signal
 .text.LightEvent_TryWait
                0x0010a448       0x50 /opt/devkitpro/libctru/lib/libctru.a(synchronization.o)
                0x0010a448                LightEvent_TryWait
 .text.LightEvent_Wait
                0x0010a498       0xa0 /opt/devkitpro/libctru/lib/libctru.a(synchronization.o)
                0x0010a498                LightEvent_Wait
 .text.threadCreate
                0x0010a538      0x1d4 /opt/devkitpro/libctru/lib/libctru.a(thread.o)
                0x0010a538                threadCreate
 .text.threadFree
                0x0010a70c       0x2c /opt/devkitpro/libctru/lib/libctru.a(thread.o)
                0x0010a70c                threadFree
 .text.threadJoin
                0x0010a738       0x24 /opt/devkitpro/libctru/lib/libctru.a(thread.o)
                0x0010a738                threadJoin
 .text.threadGetCurrent
                0x0010a75c       0x30 /opt/devkitpro/libctru/lib/libctru.a(thread.o)
                0x0010a75c                threadGetCurrent
 .text.threadExit
                0x0010a78c       0x40 /opt/devkitpro/libctru/lib/libctru.a(thread.o)
                0x0010a78c                threadExit
 .text._thread_begin
                0x0010a7cc       0x20 /opt/devkitpro/libctru/lib/libctru.a(thread.o)
 .text.mappableFindAddressWithin
                0x0010a7ec       0x90 /opt/devkitpro/libctru/lib/libctru.a(mappable.o)
 .text.mappableInit
                0x0010a87c       0x28 /opt/devkitpro/libctru/lib/libctru.a(mappable.o)
                0x0010a87c                mappableInit
 .text.mappableAlloc
                0x0010a8a4       0x80 /opt/devkitpro/libctru/lib/libctru.a(mappable.o)
                0x0010a8a4                mappableAlloc
 .text.mappableFree
                0x0010a924        0x4 /opt/devkitpro/libctru/lib/libctru.a(mappable.o)
                0x0010a924                mappableFree
 .text.srvPmGetSessionHandle
                0x0010a928        0xc /opt/devkitpro/libctru/lib/libctru.a(srvpm.o)
                0x0010a928                srvPmGetSessionHandle
 .text.rbtree_node_next
                0x0010a934       0x5c /opt/devkitpro/libctru/lib/libctru.a(rbtree_iterator.o)
                0x0010a934                rbtree_node_next
 .text.__appExit
                0x0010a990       0x30 /opt/devkitpro/libctru/lib/libctru.a(appExit.o)
                0x0010a990                __appExit
 .text.__appInit
                0x0010a9c0       0x30 /opt/devkitpro/libctru/lib/libctru.a(appInit.o)
                0x0010a9c0                __appInit
 .text.__libctru_exit
                0x0010a9f0       0x90 /opt/devkitpro/libctru/lib/libctru.a(ctru_exit.o)
                0x0010a9f0                __libctru_exit
 .text.archive_link
                0x0010aa80       0x14 /opt/devkitpro/libctru/lib/libctru.a(archive_dev.o)
 .text.archive_dirreset
                0x0010aa94       0x14 /opt/devkitpro/libctru/lib/libctru.a(archive_dev.o)
 .text.archive_chmod
                0x0010aaa8       0x14 /opt/devkitpro/libctru/lib/libctru.a(archive_dev.o)
 .text.error_cmp
                0x0010aabc       0x24 /opt/devkitpro/libctru/lib/libctru.a(archive_dev.o)
 .text.archive_translate_error
                0x0010aae0       0x50 /opt/devkitpro/libctru/lib/libctru.a(archive_dev.o)
 .text.archive_seek
                0x0010ab30       0xc4 /opt/devkitpro/libctru/lib/libctru.a(archive_dev.o)
 .text._archiveInit.part.0
                0x0010abf4       0x78 /opt/devkitpro/libctru/lib/libctru.a(archive_dev.o)
 .text.archiveFindDevice.part.0
                0x0010ac6c       0xc4 /opt/devkitpro/libctru/lib/libctru.a(archive_dev.o)
 .text.archive_utf16path
                0x0010ad30      0x290 /opt/devkitpro/libctru/lib/libctru.a(archive_dev.o)
 .text._archiveUnmountDeviceStruct.part.0
                0x0010afc0       0x9c /opt/devkitpro/libctru/lib/libctru.a(archive_dev.o)
 .text.archive_statvfs
                0x0010b05c       0x14 /opt/devkitpro/libctru/lib/libctru.a(archive_dev.o)
 .text.archive_fchmod
                0x0010b070       0x14 /opt/devkitpro/libctru/lib/libctru.a(archive_dev.o)
 .text._archiveMountDevice
                0x0010b084      0x168 /opt/devkitpro/libctru/lib/libctru.a(archive_dev.o)
 .text.archive_diropen
                0x0010b1ec       0xe8 /opt/devkitpro/libctru/lib/libctru.a(archive_dev.o)
 .text.archive_fstat
                0x0010b2d4       0xa4 /opt/devkitpro/libctru/lib/libctru.a(archive_dev.o)
 .text.archive_fsync
                0x0010b378       0x6c /opt/devkitpro/libctru/lib/libctru.a(archive_dev.o)
 .text.archive_close
                0x0010b3e4       0x6c /opt/devkitpro/libctru/lib/libctru.a(archive_dev.o)
 .text.archive_dirclose
                0x0010b450       0x70 /opt/devkitpro/libctru/lib/libctru.a(archive_dev.o)
 .text.sdmc_statvfs
                0x0010b4c0       0xe4 /opt/devkitpro/libctru/lib/libctru.a(archive_dev.o)
 .text.archive_chdir
                0x0010b5a4       0xec /opt/devkitpro/libctru/lib/libctru.a(archive_dev.o)
 .text.archive_ftruncate
                0x0010b690       0x7c /opt/devkitpro/libctru/lib/libctru.a(archive_dev.o)
 .text.archive_read
                0x0010b70c       0xac /opt/devkitpro/libctru/lib/libctru.a(archive_dev.o)
 .text.archive_unlink
                0x0010b7b8       0xa4 /opt/devkitpro/libctru/lib/libctru.a(archive_dev.o)
 .text.archive_rmdir
                0x0010b85c       0xbc /opt/devkitpro/libctru/lib/libctru.a(archive_dev.o)
 .text.archive_mkdir
                0x0010b918       0xdc /opt/devkitpro/libctru/lib/libctru.a(archive_dev.o)
 .text.archive_stat
                0x0010b9f4      0x194 /opt/devkitpro/libctru/lib/libctru.a(archive_dev.o)
 .text.archive_dirnext
                0x0010bb88      0x15c /opt/devkitpro/libctru/lib/libctru.a(archive_dev.o)
 .text.archive_write
                0x0010bce4      0x124 /opt/devkitpro/libctru/lib/libctru.a(archive_dev.o)
 .text.archive_open
                0x0010be08      0x210 /opt/devkitpro/libctru/lib/libctru.a(archive_dev.o)
 .text.archive_rename
                0x0010c018      0x268 /opt/devkitpro/libctru/lib/libctru.a(archive_dev.o)
 .text.archiveMountSdmc
                0x0010c280      0x19c /opt/devkitpro/libctru/lib/libctru.a(archive_dev.o)
                0x0010c280                archiveMountSdmc
 .text.archiveUnmountAll
                0x0010c41c       0x54 /opt/devkitpro/libctru/lib/libctru.a(archive_dev.o)
                0x0010c41c                archiveUnmountAll
 .text.fsInit   0x0010c470       0xd0 /opt/devkitpro/libctru/lib/libctru.a(fs.o)
                0x0010c470                fsInit
 .text.fsExit   0x0010c540       0x3c /opt/devkitpro/libctru/lib/libctru.a(fs.o)
                0x0010c540                fsExit
 .text.fsExemptFromSession
                0x0010c57c       0x60 /opt/devkitpro/libctru/lib/libctru.a(fs.o)
                0x0010c57c                fsExemptFromSession
 .text.fsUnexemptFromSession
                0x0010c5dc       0x50 /opt/devkitpro/libctru/lib/libctru.a(fs.o)
                0x0010c5dc                fsUnexemptFromSession
 .text.FSUSER_OpenFile
                0x0010c62c       0xcc /opt/devkitpro/libctru/lib/libctru.a(fs.o)
                0x0010c62c                FSUSER_OpenFile
 .text.FSUSER_DeleteFile
                0x0010c6f8       0xbc /opt/devkitpro/libctru/lib/libctru.a(fs.o)
                0x0010c6f8                FSUSER_DeleteFile
 .text.FSUSER_RenameFile
                0x0010c7b4       0xf8 /opt/devkitpro/libctru/lib/libctru.a(fs.o)
                0x0010c7b4                FSUSER_RenameFile
 .text.FSUSER_DeleteDirectory
                0x0010c8ac       0xbc /opt/devkitpro/libctru/lib/libctru.a(fs.o)
                0x0010c8ac                FSUSER_DeleteDirectory
 .text.FSUSER_CreateFile
                0x0010c968       0xd4 /opt/devkitpro/libctru/lib/libctru.a(fs.o)
                0x0010c968                FSUSER_CreateFile
 .text.FSUSER_CreateDirectory
                0x0010ca3c       0xc4 /opt/devkitpro/libctru/lib/libctru.a(fs.o)
                0x0010ca3c                FSUSER_CreateDirectory
 .text.FSUSER_RenameDirectory
                0x0010cb00       0xf8 /opt/devkitpro/libctru/lib/libctru.a(fs.o)
                0x0010cb00                FSUSER_RenameDirectory
 .text.FSUSER_OpenDirectory
                0x0010cbf8       0xb4 /opt/devkitpro/libctru/lib/libctru.a(fs.o)
                0x0010cbf8                FSUSER_OpenDirectory
 .text.FSUSER_OpenArchive
                0x0010ccac       0x94 /opt/devkitpro/libctru/lib/libctru.a(fs.o)
                0x0010ccac                FSUSER_OpenArchive
 .text.FSUSER_CloseArchive
                0x0010cd40       0x8c /opt/devkitpro/libctru/lib/libctru.a(fs.o)
                0x0010cd40                FSUSER_CloseArchive
 .text.FSUSER_GetSdmcArchiveResource
                0x0010cdcc       0x74 /opt/devkitpro/libctru/lib/libctru.a(fs.o)
                0x0010cdcc                FSUSER_GetSdmcArchiveResource
 .text.FSUSER_IsSdmcWritable
                0x0010ce40       0x64 /opt/devkitpro/libctru/lib/libctru.a(fs.o)
                0x0010ce40                FSUSER_IsSdmcWritable
 .text.FSFILE_Read
                0x0010cea4       0x58 /opt/devkitpro/libctru/lib/libctru.a(fs.o)
                0x0010cea4                FSFILE_Read
 .text.FSFILE_Write
                0x0010cefc       0x60 /opt/devkitpro/libctru/lib/libctru.a(fs.o)
                0x0010cefc                FSFILE_Write
 .text.FSFILE_GetSize
                0x0010cf5c       0x38 /opt/devkitpro/libctru/lib/libctru.a(fs.o)
                0x0010cf5c                FSFILE_GetSize
 .text.FSFILE_SetSize
                0x0010cf94       0x28 /opt/devkitpro/libctru/lib/libctru.a(fs.o)
                0x0010cf94                FSFILE_SetSize
 .text.FSFILE_Close
                0x0010cfbc       0x3c /opt/devkitpro/libctru/lib/libctru.a(fs.o)
                0x0010cfbc                FSFILE_Close
 .text.FSFILE_Flush
                0x0010cff8       0x24 /opt/devkitpro/libctru/lib/libctru.a(fs.o)
                0x0010cff8                FSFILE_Flush
 .text.FSDIR_Read
                0x0010d01c       0x50 /opt/devkitpro/libctru/lib/libctru.a(fs.o)
                0x0010d01c                FSDIR_Read
 .text.FSDIR_Close
                0x0010d06c       0x3c /opt/devkitpro/libctru/lib/libctru.a(fs.o)
                0x0010d06c                FSDIR_Close
 .text.decode_utf8
                0x0010d0a8      0x13c /opt/devkitpro/libctru/lib/libctru.a(decode_utf8.o)
                0x0010d0a8                decode_utf8
 .text.utf16_to_utf8
                0x0010d1e4       0xe8 /opt/devkitpro/libctru/lib/libctru.a(utf16_to_utf8.o)
                0x0010d1e4                utf16_to_utf8
 .text.utf8_to_utf16
                0x0010d2cc       0xc0 /opt/devkitpro/libctru/lib/libctru.a(utf8_to_utf16.o)
                0x0010d2cc                utf8_to_utf16
 .text.__aeabi_read_tp
                0x0010d38c        0xc /opt/devkitpro/libctru/lib/libctru.a(readtp.o)
                0x0010d38c                __aeabi_read_tp
 .text.decode_utf16
                0x0010d398       0x64 /opt/devkitpro/libctru/lib/libctru.a(decode_utf16.o)
                0x0010d398                decode_utf16
 .text.encode_utf16
                0x0010d3fc       0x54 /opt/devkitpro/libctru/lib/libctru.a(encode_utf16.o)
                0x0010d3fc                encode_utf16
 .text.encode_utf8
                0x0010d450       0xe0 /opt/devkitpro/libctru/lib/libctru.a(encode_utf8.o)
                0x0010d450                encode_utf8
 .text.cosf     0x0010d530      0x21c /opt/devkitpro/devkitARM/bin/../lib/gcc/arm-none-eabi/14.2.0/../../../../arm-none-eabi/lib/armv6k/fpu/libm.a(libm_a-cosf.o)
                0x0010d530                cosf
 .text.with_errnof
                0x0010d74c       0x24 /opt/devkitpro/devkitARM/bin/../lib/gcc/arm-none-eabi/14.2.0/../../../../arm-none-eabi/lib/armv6k/fpu/libm.a(libm_a-math_errf.o)
 .text.__math_invalidf
                0x0010d770       0x1c /opt/devkitpro/devkitARM/bin/../lib/gcc/arm-none-eabi/14.2.0/../../../../arm-none-eabi/lib/armv6k/fpu/libm.a(libm_a-math_errf.o)
                0x0010d770                __math_invalidf
 .text.strncmp  0x0010d78c       0xd8 /opt/devkitpro/devkitARM/bin/../lib/gcc/arm-none-eabi/14.2.0/../../../../arm-none-eabi/lib/armv6k/fpu/libg.a(libc_a-strncmp.o)
                0x0010d78c                strncmp
 .text.strlen   0x0010d864       0x5c /opt/devkitpro/devkitARM/bin/../lib/gcc/arm-none-eabi/14.2.0/../../../../arm-none-eabi/lib/armv6k/fpu/libg.a(libc_a-strlen-stub.o)
                0x0010d864                strlen
 .text._strtoul_l.isra.0
                0x0010d8c0      0x1e4 /opt/devkitpro/devkitARM/bin/../lib/gcc/arm-none-eabi/14.2.0/../../../../arm-none-eabi/lib/armv6k/fpu/libg.a(libc_a-strtoul.o)
 .text.strtoul  0x0010daa4       0x34 /opt/devkitpro/devkitARM/bin/../lib/gcc/arm-none-eabi/14.2.0/../../../../arm-none-eabi/lib/armv6k/fpu/libg.a(libc_a-strtoul.o)
                0x0010daa4                strtoul
 .text.strncat  0x0010dad8       0xe4 /opt/devkitpro/devkitARM/bin/../lib/gcc/arm-none-eabi/14.2.0/../../../../arm-none-eabi/lib/armv6k/fpu/libg.a(libc_a-strncat.o)
                0x0010dad8                strncat
 .text.bsearch  0x0010dbbc       0x78 /opt/devkitpro/devkitARM/bin/../lib/gcc/arm-none-eabi/14.2.0/../../../../arm-none-eabi/lib/armv6k/fpu/libg.a(libc_a-bsearch.o)
                0x0010dbbc                bsearch
 .text.calloc   0x0010dc34       0x20 /opt/devkitpro/devkitARM/bin/../lib/gcc/arm-none-eabi/14.2.0/../../../../arm-none-eabi/lib/armv6k/fpu/libg.a(libc_a-calloc.o)
                0x0010dc34                calloc
 .text._calloc_r
                0x0010dc54       0xc0 /opt/devkitpro/devkitARM/bin/../lib/gcc/arm-none-eabi/14.2.0/../../../../arm-none-eabi/lib/armv6k/fpu/libg.a(libc_a-callocr.o)
                0x0010dc54                _calloc_r
 .text.memalign
                0x0010dd14       0x20 /opt/devkitpro/devkitARM/bin/../lib/gcc/arm-none-eabi/14.2.0/../../../../arm-none-eabi/lib/armv6k/fpu/libg.a(libc_a-malign.o)
                0x0010dd14                memalign
 .text._malloc_r
                0x0010dd34      0x7e8 /opt/devkitpro/devkitARM/bin/../lib/gcc/arm-none-eabi/14.2.0/../../../../arm-none-eabi/lib/armv6k/fpu/libg.a(libc_a-mallocr.o)
                0x0010dd34                _malloc_r
 .text._malloc_trim_r
                0x0010e51c       0xf8 /opt/devkitpro/devkitARM/bin/../lib/gcc/arm-none-eabi/14.2.0/../../../../arm-none-eabi/lib/armv6k/fpu/libg.a(libc_a-freer.o)
                0x0010e51c                _malloc_trim_r
 .text._free_r  0x0010e614      0x300 /opt/devkitpro/devkitARM/bin/../lib/gcc/arm-none-eabi/14.2.0/../../../../arm-none-eabi/lib/armv6k/fpu/libg.a(libc_a-freer.o)
                0x0010e614                _free_r
 .text.strnlen  0x0010e914       0x4c /opt/devkitpro/devkitARM/bin/../lib/gcc/arm-none-eabi/14.2.0/../../../../arm-none-eabi/lib/armv6k/fpu/libg.a(libc_a-strnlen.o)
                0x0010e914                strnlen
 .text.__errno  0x0010e960        0xc /opt/devkitpro/devkitARM/bin/../lib/gcc/arm-none-eabi/14.2.0/../../../../arm-none-eabi/lib/armv6k/fpu/libg.a(libc_a-errno.o)
                0x0010e960                __errno
 .text.malloc   0x0010e96c       0x34 /opt/devkitpro/devkitARM/bin/../lib/gcc/arm-none-eabi/14.2.0/../../../../arm-none-eabi/lib/armv6k/fpu/libg.a(libc_a-malloc.o)
                0x0010e96c                malloc
 .text.free     0x0010e9a0       0x18 /opt/devkitpro/devkitARM/bin/../lib/gcc/arm-none-eabi/14.2.0/../../../../arm-none-eabi/lib/armv6k/fpu/libg.a(libc_a-malloc.o)
                0x0010e9a0                free
 .text.memcpy   0x0010e9b8      0x130 /opt/devkitpro/devkitARM/bin/../lib/gcc/arm-none-eabi/14.2.0/../../../../arm-none-eabi/lib/armv6k/fpu/libg.a(libc_a-memcpy-stub.o)
                0x0010e9b8                memcpy
 .text.memset   0x0010eae8       0xe8 /opt/devkitpro/devkitARM/bin/../lib/gcc/arm-none-eabi/14.2.0/../../../../arm-none-eabi/lib/armv6k/fpu/libg.a(libc_a-memset.o)
                0x0010eae8                memset
 .text.__malloc_lock
                0x0010ebd0        0xc /opt/devkitpro/devkitARM/bin/../lib/gcc/arm-none-eabi/14.2.0/../../../../arm-none-eabi/lib/armv6k/fpu/libg.a(libc_a-mlock.o)
                0x0010ebd0                __malloc_lock
 .text.__malloc_unlock
                0x0010ebdc        0xc /opt/devkitpro/devkitARM/bin/../lib/gcc/arm-none-eabi/14.2.0/../../../../arm-none-eabi/lib/armv6k/fpu/libg.a(libc_a-mlock.o)
                0x0010ebdc                __malloc_unlock
 .text.__call_exitprocs
                0x0010ebe8        0x4 /opt/devkitpro/devkitARM/bin/../lib/gcc/arm-none-eabi/14.2.0/../../../../arm-none-eabi/lib/armv6k/fpu/libg.a(libc_a-exit.o)
                0x0010ebe8                __call_exitprocs
 .text.exit     0x0010ebec       0x30 /opt/devkitpro/devkitARM/bin/../lib/gcc/arm-none-eabi/14.2.0/../../../../arm-none-eabi/lib/armv6k/fpu/libg.a(libc_a-exit.o)
                0x0010ebec                exit
 .text.strncpy  0x0010ec1c       0xc4 /opt/devkitpro/devkitARM/bin/../lib/gcc/arm-none-eabi/14.2.0/../../../../arm-none-eabi/lib/armv6k/fpu/libg.a(libc_a-strncpy.o)
                0x0010ec1c                strncpy
 .text.__libc_init_array
                0x0010ece0       0x84 /opt/devkitpro/devkitARM/bin/../lib/gcc/arm-none-eabi/14.2.0/../../../../arm-none-eabi/lib/armv6k/fpu/libg.a(libc_a-init.o)
                0x0010ece0                __libc_init_array
 .text._memalign_r
                0x0010ed64      0x150 /opt/devkitpro/devkitARM/bin/../lib/gcc/arm-none-eabi/14.2.0/../../../../arm-none-eabi/lib/armv6k/fpu/libg.a(libc_a-malignr.o)
                0x0010ed64                _memalign_r
 .text.__libc_fini_array
                0x0010eeb4       0x3c /opt/devkitpro/devkitARM/bin/../lib/gcc/arm-none-eabi/14.2.0/../../../../arm-none-eabi/lib/armv6k/fpu/libg.a(libc_a-fini.o)
                0x0010eeb4                __libc_fini_array
 .text._exit    0x0010eef0       0x20 /opt/devkitpro/devkitARM/bin/../lib/gcc/arm-none-eabi/14.2.0/../../../../arm-none-eabi/lib/armv6k/fpu/libsysbase.a(libsysbase_libsysbase_a-_exit.o)
                0x0010eef0                _exit
 .text.chdir    0x0010ef10      0x13c /opt/devkitpro/devkitARM/bin/../lib/gcc/arm-none-eabi/14.2.0/../../../../arm-none-eabi/lib/armv6k/fpu/libsysbase.a(libsysbase_libsysbase_a-chdir.o)
                0x0010ef10                chdir
 .text._concatenate_path
                0x0010f04c      0x1cc /opt/devkitpro/devkitARM/bin/../lib/gcc/arm-none-eabi/14.2.0/../../../../arm-none-eabi/lib/armv6k/fpu/libsysbase.a(libsysbase_libsysbase_a-concatenate.o)
                0x0010f04c                _concatenate_path
 .text.__getreent
                0x0010f218       0x2c /opt/devkitpro/devkitARM/bin/../lib/gcc/arm-none-eabi/14.2.0/../../../../arm-none-eabi/lib/armv6k/fpu/libsysbase.a(libsysbase_libsysbase_a-getreent.o)
                0x0010f218                __getreent
 .text.null_write
                0x0010f244        0x8 /opt/devkitpro/devkitARM/bin/../lib/gcc/arm-none-eabi/14.2.0/../../../../arm-none-eabi/lib/armv6k/fpu/libsysbase.a(libsysbase_libsysbase_a-iosupport.o)
 .text.setDefaultDevice
                0x0010f24c       0x18 /opt/devkitpro/devkitARM/bin/../lib/gcc/arm-none-eabi/14.2.0/../../../../arm-none-eabi/lib/armv6k/fpu/libsysbase.a(libsysbase_libsysbase_a-iosupport.o)
                0x0010f24c                setDefaultDevice
 .text.FindDevice
                0x0010f264       0xc8 /opt/devkitpro/devkitARM/bin/../lib/gcc/arm-none-eabi/14.2.0/../../../../arm-none-eabi/lib/armv6k/fpu/libsysbase.a(libsysbase_libsysbase_a-iosupport.o)
                0x0010f264                FindDevice
 .text.RemoveDevice
                0x0010f32c       0x28 /opt/devkitpro/devkitARM/bin/../lib/gcc/arm-none-eabi/14.2.0/../../../../arm-none-eabi/lib/armv6k/fpu/libsysbase.a(libsysbase_libsysbase_a-iosupport.o)
                0x0010f32c                RemoveDevice
 .text.AddDevice
                0x0010f354       0x98 /opt/devkitpro/devkitARM/bin/../lib/gcc/arm-none-eabi/14.2.0/../../../../arm-none-eabi/lib/armv6k/fpu/libsysbase.a(libsysbase_libsysbase_a-iosupport.o)
                0x0010f354                AddDevice
 .text.GetDeviceOpTab
                0x0010f3ec       0x20 /opt/devkitpro/devkitARM/bin/../lib/gcc/arm-none-eabi/14.2.0/../../../../arm-none-eabi/lib/armv6k/fpu/libsysbase.a(libsysbase_libsysbase_a-iosupport.o)
                0x0010f3ec                GetDeviceOpTab
 .text._sbrk_r  0x0010f40c       0x78 /opt/devkitpro/devkitARM/bin/../lib/gcc/arm-none-eabi/14.2.0/../../../../arm-none-eabi/lib/armv6k/fpu/libsysbase.a(libsysbase_libsysbase_a-sbrk.o)
                0x0010f40c                _sbrk_r
 .text.__libc_lock_acquire_recursive
                0x0010f484       0x1c /opt/devkitpro/devkitARM/bin/../lib/gcc/arm-none-eabi/14.2.0/../../../../arm-none-eabi/lib/armv6k/fpu/libsysbase.a(libsysbase_libsysbase_a-syscall_support.o)
                0x0010f484                __libc_lock_acquire_recursive
 .text.__libc_lock_release_recursive
                0x0010f4a0       0x1c /opt/devkitpro/devkitARM/bin/../lib/gcc/arm-none-eabi/14.2.0/../../../../arm-none-eabi/lib/armv6k/fpu/libsysbase.a(libsysbase_libsysbase_a-syscall_support.o)
                0x0010f4a0                __libc_lock_release_recursive
 .text.strchr   0x0010f4bc      0x130 /opt/devkitpro/devkitARM/bin/../lib/gcc/arm-none-eabi/14.2.0/../../../../arm-none-eabi/lib/armv6k/fpu/libg.a(libc_a-strchr.o)
                0x0010f4bc                strchr
 .text.strrchr  0x0010f5ec       0x48 /opt/devkitpro/devkitARM/bin/../lib/gcc/arm-none-eabi/14.2.0/../../../../arm-none-eabi/lib/armv6k/fpu/libg.a(libc_a-strrchr.o)
                0x0010f5ec                strrchr
 *(.glue_7)
 .glue_7        0x0010f634        0x0 linker stubs
 *(.glue_7t)
 .glue_7t       0x0010f634        0x0 linker stubs
 *(.stub)
 *(.gnu.warning)
 *(.gnu.linkonce.t*)
                0x0010f634                        . = ALIGN (0x4)
 *(.fini)
 .fini          0x0010f634        0xc /opt/devkitpro/devkitARM/bin/../lib/gcc/arm-none-eabi/14.2.0/armv6k/fpu/crti.o
                0x0010f634                _fini
 .fini          0x0010f640        0xc /opt/devkitpro/devkitARM/bin/../lib/gcc/arm-none-eabi/14.2.0/armv6k/fpu/crtn.o
                0x0010f64c                        . = ALIGN (0x4)

.vfp11_veneer   0x0010f64c        0x0
 .vfp11_veneer  0x0010f64c        0x0 linker stubs

.v4_bx          0x0010f64c        0x0
 .v4_bx         0x0010f64c        0x0 linker stubs

.iplt           0x0010f64c        0x0
 .iplt          0x0010f64c        0x0 /opt/devkitpro/devkitARM/bin/../lib/gcc/arm-none-eabi/14.2.0/../../../../arm-none-eabi/lib/armv6k/fpu/3dsx_crt0.o
                0x00110000                        . = ALIGN (0x1000)

.rodata         0x00110000      0x5a0
 *(.rodata)
 .rodata        0x00110000       0x24 main.o
 .rodata        0x00110024        0xc /opt/devkitpro/libctru/lib/libctru.a(archive_dev.o)
 *(.roda)
 *(.rodata.*)
 .rodata.vshader_shbin
                0x00110030      0x118 vshader.shbin.o
                0x00110030                vshader_shbin
                0x00110148                vshader_shbin_end
 .rodata.str1.4
                0x00110148       0x98 main.o
                                  0xb (size before relaxing)
 .rodata.depthFmtSizes
                0x001101e0        0x4 /opt/devkitpro/libctru/lib/libcitro3d.a(framebuffer.o)
 .rodata.colorFmtSizes
                0x001101e4        0x5 /opt/devkitpro/libctru/lib/libcitro3d.a(framebuffer.o)
 .rodata.DVLE_GenerateOutmap.part.0
                0x001101e9        0x9 /opt/devkitpro/libctru/lib/libctru.a(shbin.o)
 .rodata.aptSendCommand.str1.4
                0x001101f2       0x16 /opt/devkitpro/libctru/lib/libctru.a(apt.o)
 .rodata.aptEventHandler
                0x001101f2        0xb /opt/devkitpro/libctru/lib/libctru.a(apt.o)
 .rodata.aptWaitForWakeUp.isra.0
                0x001101fd       0x11 /opt/devkitpro/libctru/lib/libctru.a(apt.o)
 *fill*         0x0011020e        0x2 
 .rodata.morton_y.2
                0x00110210        0x8 /opt/devkitpro/libctru/lib/libctru.a(apt.o)
 .rodata.morton_x.3
                0x00110218        0x8 /opt/devkitpro/libctru/lib/libctru.a(apt.o)
 .rodata.s_sleepWakeEvents.4
                0x00110220        0x8 /opt/devkitpro/libctru/lib/libctru.a(apt.o)
 .rodata.gspInit.str1.4
                0x00110228        0x9 /opt/devkitpro/libctru/lib/libctru.a(gspgpu.o)
 .rodata.hidInit.str1.4
                0x00110228       0x15 /opt/devkitpro/libctru/lib/libctru.a(hid.o)
 .rodata.irrstInit.str1.4
                0x00110228        0x7 /opt/devkitpro/libctru/lib/libctru.a(irrst.o)
 .rodata.ptmSysmInit.str1.4
                0x00110228        0x9 /opt/devkitpro/libctru/lib/libctru.a(ptmsysm.o)
 .rodata.__system_initArgv.str1.4
                0x00110228        0xa /opt/devkitpro/libctru/lib/libctru.a(initArgv.o)
 .rodata.srvInit.str1.4
                0x00110228        0x5 /opt/devkitpro/libctru/lib/libctru.a(srv.o)
 .rodata.archive_utf16path.str1.4
                0x00110228        0x2 /opt/devkitpro/libctru/lib/libctru.a(archive_dev.o)
 .rodata._archiveUnmountDeviceStruct.part.0.str1.4
                0x00110228        0x2 /opt/devkitpro/libctru/lib/libctru.a(archive_dev.o)
 .rodata._archiveMountDevice.str1.4
                0x00110228        0xc /opt/devkitpro/libctru/lib/libctru.a(archive_dev.o)
 .rodata.archiveMountSdmc.str1.4
                0x00110228        0x5 /opt/devkitpro/libctru/lib/libctru.a(archive_dev.o)
 .rodata.error_table
                0x00110228       0x30 /opt/devkitpro/libctru/lib/libctru.a(archive_dev.o)
 .rodata.str1.4
                0x00110258        0x8 /opt/devkitpro/libctru/lib/libctru.a(archive_dev.o)
 .rodata.archive_devoptab
                0x00110258       0x80 /opt/devkitpro/libctru/lib/libctru.a(archive_dev.o)
 .rodata.fsInit.str1.4
                0x001102d8        0x8 /opt/devkitpro/libctru/lib/libctru.a(fs.o)
 .rodata.__inv_pio4
                0x001102d8       0x60 /opt/devkitpro/devkitARM/bin/../lib/gcc/arm-none-eabi/14.2.0/../../../../arm-none-eabi/lib/armv6k/fpu/libm.a(libm_a-sincosf_data.o)
                0x001102d8                __inv_pio4
 .rodata.__sincosf_table
                0x00110338       0xe0 /opt/devkitpro/devkitARM/bin/../lib/gcc/arm-none-eabi/14.2.0/../../../../arm-none-eabi/lib/armv6k/fpu/libm.a(libm_a-sincosf_data.o)
                0x00110338                __sincosf_table
 .rodata._ctype_
                0x00110418      0x101 /opt/devkitpro/devkitARM/bin/../lib/gcc/arm-none-eabi/14.2.0/../../../../arm-none-eabi/lib/armv6k/fpu/libg.a(libc_a-ctype_.o)
                0x00110418                _ctype_
 .rodata.AddDevice.str1.4
                0x00110519        0x8 /opt/devkitpro/devkitARM/bin/../lib/gcc/arm-none-eabi/14.2.0/../../../../arm-none-eabi/lib/armv6k/fpu/libsysbase.a(libsysbase_libsysbase_a-iosupport.o)
 *fill*         0x00110519        0x3 
 .rodata.dotab_stdnull
                0x0011051c       0x80 /opt/devkitpro/devkitARM/bin/../lib/gcc/arm-none-eabi/14.2.0/../../../../arm-none-eabi/lib/armv6k/fpu/libsysbase.a(libsysbase_libsysbase_a-iosupport.o)
                0x0011051c                dotab_stdnull
 *all.rodata*(*)
 *(.gnu.linkonce.r*)
                0x0011059c                        . = ALIGN (0x4)
                0x0011059c                        __tdata_align = .
                0x0011059c        0x4 LONG 0x4 ALIGNOF (.tdata)
                0x001105a0                        . = ALIGN (0x4)

.eh_frame       0x001105a0        0x0
 .eh_frame      0x001105a0        0x0 /opt/devkitpro/devkitARM/bin/../lib/gcc/arm-none-eabi/14.2.0/armv6k/fpu/crtbegin.o

.rel.dyn        0x001105a0        0x0
 .rel.iplt      0x001105a0        0x0 /opt/devkitpro/devkitARM/bin/../lib/gcc/arm-none-eabi/14.2.0/../../../../arm-none-eabi/lib/armv6k/fpu/3dsx_crt0.o
 .rel.got       0x001105a0        0x0 /opt/devkitpro/devkitARM/bin/../lib/gcc/arm-none-eabi/14.2.0/../../../../arm-none-eabi/lib/armv6k/fpu/3dsx_crt0.o

.ARM.extab
 *(.ARM.extab* .gnu.linkonce.armextab.*)
                0x001105a0                        __exidx_start = .

.ARM.exidx
 *(.ARM.exidx* .gnu.linkonce.armexidx.*)
                0x001105a0                        __exidx_end = .
                0x00111000                        . = ALIGN (0x1000)

.data           0x00111000      0x9e8
 *(.data)
 *(.data.*)
 .data.framerateCounter
                0x00111000        0x8 /opt/devkitpro/libctru/lib/libcitro3d.a(renderqueue.o)
 .data.framerate
                0x00111008        0x4 /opt/devkitpro/libctru/lib/libcitro3d.a(renderqueue.o)
 .data.queueLock
                0x0011100c        0x4 /opt/devkitpro/libctru/lib/libctru.a(gxqueue.o)
 .data.aptChainloadDeliverArgSize
                0x00111010        0x4 /opt/devkitpro/libctru/lib/libctru.a(apt.o)
 .data.kCount   0x00111014        0x4 /opt/devkitpro/libctru/lib/libctru.a(hid.o)
 .data.kInterval
                0x00111018        0x4 /opt/devkitpro/libctru/lib/libctru.a(hid.o)
 .data.kDelay   0x0011101c        0x4 /opt/devkitpro/libctru/lib/libctru.a(hid.o)
 .data.__stacksize__
                0x00111020        0x4 /opt/devkitpro/libctru/lib/libctru.a(stack_adjust.o)
                0x00111020                __stacksize__
 .data._impure_ptr
                0x00111024        0x4 /opt/devkitpro/devkitARM/bin/../lib/gcc/arm-none-eabi/14.2.0/../../../../arm-none-eabi/lib/armv6k/fpu/libg.a(libc_a-impure.o)
                0x00111024                _impure_ptr
 .data._impure_data
                0x00111028      0x120 /opt/devkitpro/devkitARM/bin/../lib/gcc/arm-none-eabi/14.2.0/../../../../arm-none-eabi/lib/armv6k/fpu/libg.a(libc_a-impure.o)
                0x00111028                _impure_data
 .data.__malloc_sbrk_base
                0x00111148        0x4 /opt/devkitpro/devkitARM/bin/../lib/gcc/arm-none-eabi/14.2.0/../../../../arm-none-eabi/lib/armv6k/fpu/libg.a(libc_a-mallocr.o)
                0x00111148                __malloc_sbrk_base
 .data.__malloc_trim_threshold
                0x0011114c        0x4 /opt/devkitpro/devkitARM/bin/../lib/gcc/arm-none-eabi/14.2.0/../../../../arm-none-eabi/lib/armv6k/fpu/libg.a(libc_a-mallocr.o)
                0x0011114c                __malloc_trim_threshold
 .data.__malloc_av_
                0x00111150      0x408 /opt/devkitpro/devkitARM/bin/../lib/gcc/arm-none-eabi/14.2.0/../../../../arm-none-eabi/lib/armv6k/fpu/libg.a(libc_a-mallocr.o)
                0x00111150                __malloc_av_
 .data._current_working_directory
                0x00111558      0x400 /opt/devkitpro/devkitARM/bin/../lib/gcc/arm-none-eabi/14.2.0/../../../../arm-none-eabi/lib/armv6k/fpu/libsysbase.a(libsysbase_libsysbase_a-chdir.o)
 .data.devoptab_list
                0x00111958       0x8c /opt/devkitpro/devkitARM/bin/../lib/gcc/arm-none-eabi/14.2.0/../../../../arm-none-eabi/lib/armv6k/fpu/libsysbase.a(libsysbase_libsysbase_a-iosupport.o)
                0x00111958                devoptab_list
 .data.defaultDevice
                0x001119e4        0x4 /opt/devkitpro/devkitARM/bin/../lib/gcc/arm-none-eabi/14.2.0/../../../../arm-none-eabi/lib/armv6k/fpu/libsysbase.a(libsysbase_libsysbase_a-iosupport.o)
 *(.gnu.linkonce.d*)
                0x001119e8                        . = ALIGN (0x4)

.igot.plt       0x001119e8        0x0
 .igot.plt      0x001119e8        0x0 /opt/devkitpro/devkitARM/bin/../lib/gcc/arm-none-eabi/14.2.0/../../../../arm-none-eabi/lib/armv6k/fpu/3dsx_crt0.o

.got            0x001119e8        0x8
 .got           0x001119e8        0x8 /opt/devkitpro/devkitARM/bin/../lib/gcc/arm-none-eabi/14.2.0/../../../../arm-none-eabi/lib/armv6k/fpu/3dsx_crt0.o

.got.plt        0x001119f0        0xc
 .got.plt       0x001119f0        0xc /opt/devkitpro/devkitARM/bin/../lib/gcc/arm-none-eabi/14.2.0/../../../../arm-none-eabi/lib/armv6k/fpu/3dsx_crt0.o
                0x001119f0                _GLOBAL_OFFSET_TABLE_

.tdata          0x001119fc        0x0
                0x001119fc                        __tdata_lma = .
 *(.tdata)
 *(.tdata.*)
 *(.gnu.linkonce.td.*)
                0x001119fc                        . = ALIGN (0x4)
                0x001119fc                        __tdata_lma_end = .

.tbss           0x001119fc      0xc08
 *(.tbss)
 *(.tbss.*)
 .tbss.__ctru_dev_utf16_buf
                0x001119fc      0x802 /opt/devkitpro/libctru/lib/libctru.a(path_buf.o)
                0x001119fc                __ctru_dev_utf16_buf
 *fill*         0x001121fe        0x2 
 .tbss.__ctru_dev_path_buf
                0x00112200      0x401 /opt/devkitpro/libctru/lib/libctru.a(path_buf.o)
                0x00112200                __ctru_dev_path_buf
 *(.gnu.linkonce.tb.*)
 *(.tcommon)
                0x00112604                        . = ALIGN (0x4)
 *fill*         0x00112601        0x3 

.preinit_array  0x001119fc        0x0
                0x001119fc                        PROVIDE (__preinit_array_start = .)
 *(.preinit_array)
                0x001119fc                        PROVIDE (__preinit_array_end = .)

.init_array     0x001119fc        0x4
                0x001119fc                        PROVIDE (__init_array_start = .)
 *(SORT_BY_NAME(.init_array.*))
 *(.init_array)
 .init_array    0x001119fc        0x4 /opt/devkitpro/devkitARM/bin/../lib/gcc/arm-none-eabi/14.2.0/armv6k/fpu/crtbegin.o
                0x00111a00                        PROVIDE (__init_array_end = .)

.fini_array     0x00111a00        0x4
                0x00111a00                        PROVIDE (__fini_array_start = .)
 *(.fini_array)
 .fini_array    0x00111a00        0x4 /opt/devkitpro/devkitARM/bin/../lib/gcc/arm-none-eabi/14.2.0/armv6k/fpu/crtbegin.o
 *(SORT_BY_NAME(.fini_array.*))
                0x00111a04                        PROVIDE (__fini_array_end = .)

.ctors
 *crtbegin.o(.ctors)
 *(EXCLUDE_FILE(*crtend.o) .ctors)
 *(SORT_BY_NAME(.ctors.*))
 *(.ctors)

.dtors
 *crtbegin.o(.dtors)
 *(EXCLUDE_FILE(*crtend.o) .dtors)
 *(SORT_BY_NAME(.dtors.*))
 *(.dtors)
                0x00111a04                        __bss_start__ = .

.bss            0x00111a04     0x3f1c
 *(.dynbss)
 *(.bss)
 .bss           0x00111a04       0xa0 main.o
 *(.bss.*)
 .bss.completed.1
                0x00111aa4        0x1 /opt/devkitpro/devkitARM/bin/../lib/gcc/arm-none-eabi/14.2.0/armv6k/fpu/crtbegin.o
 *fill*         0x00111aa5        0x3 
 .bss.object.0  0x00111aa8       0x18 /opt/devkitpro/devkitARM/bin/../lib/gcc/arm-none-eabi/14.2.0/armv6k/fpu/crtbegin.o
 .bss.hookCookie
                0x00111ac0        0xc /opt/devkitpro/libctru/lib/libcitro3d.a(base.o)
 *fill*         0x00111acc        0x4 
 .bss.__C3D_Context
                0x00111ad0      0x2d0 /opt/devkitpro/libctru/lib/libcitro3d.a(base.o)
                0x00111ad0                __C3D_Context
 .bss.frameEndCbData
                0x00111da0        0x4 /opt/devkitpro/libctru/lib/libcitro3d.a(renderqueue.o)
 .bss.frameEndCb
                0x00111da4        0x4 /opt/devkitpro/libctru/lib/libcitro3d.a(renderqueue.o)
 .bss.frameCounter
                0x00111da8        0x8 /opt/devkitpro/libctru/lib/libcitro3d.a(renderqueue.o)
 .bss.isTopStereo
                0x00111db0        0x1 /opt/devkitpro/libctru/lib/libcitro3d.a(renderqueue.o)
 .bss.needSwapBot
                0x00111db1        0x1 /opt/devkitpro/libctru/lib/libcitro3d.a(renderqueue.o)
 .bss.needSwapTop
                0x00111db2        0x1 /opt/devkitpro/libctru/lib/libcitro3d.a(renderqueue.o)
 .bss.measureGpuTime
                0x00111db3        0x1 /opt/devkitpro/libctru/lib/libcitro3d.a(renderqueue.o)
 .bss.inSafeTransfer
                0x00111db4        0x1 /opt/devkitpro/libctru/lib/libcitro3d.a(renderqueue.o)
 .bss.inFrame   0x00111db5        0x1 /opt/devkitpro/libctru/lib/libcitro3d.a(renderqueue.o)
 *fill*         0x00111db6        0x2 
 .bss.cpuTime   0x00111db8       0x10 /opt/devkitpro/libctru/lib/libcitro3d.a(renderqueue.o)
 .bss.gpuTime   0x00111dc8       0x10 /opt/devkitpro/libctru/lib/libcitro3d.a(renderqueue.o)
 .bss.linkedTarget
                0x00111dd8        0xc /opt/devkitpro/libctru/lib/libcitro3d.a(renderqueue.o)
 .bss.lastTarget
                0x00111de4        0x4 /opt/devkitpro/libctru/lib/libcitro3d.a(renderqueue.o)
 .bss.firstTarget
                0x00111de8        0x4 /opt/devkitpro/libctru/lib/libcitro3d.a(renderqueue.o)
 .bss.C3Di_IVUnifEverDirty
                0x00111dec        0x8 /opt/devkitpro/libctru/lib/libcitro3d.a(uniforms.o)
 .bss.C3Di_FVUnifEverDirty
                0x00111df4       0xc0 /opt/devkitpro/libctru/lib/libcitro3d.a(uniforms.o)
 .bss.C3Di_ShaderFVecData
                0x00111eb4       0x18 /opt/devkitpro/libctru/lib/libcitro3d.a(uniforms.o)
 .bss.C3D_BoolUnifsDirty
                0x00111ecc        0x2 /opt/devkitpro/libctru/lib/libcitro3d.a(uniforms.o)
                0x00111ecc                C3D_BoolUnifsDirty
 *fill*         0x00111ece        0x2 
 .bss.C3D_IVUnifDirty
                0x00111ed0        0x8 /opt/devkitpro/libctru/lib/libcitro3d.a(uniforms.o)
                0x00111ed0                C3D_IVUnifDirty
 .bss.C3D_FVUnifDirty
                0x00111ed8       0xc0 /opt/devkitpro/libctru/lib/libcitro3d.a(uniforms.o)
                0x00111ed8                C3D_FVUnifDirty
 .bss.C3D_BoolUnifs
                0x00111f98        0x4 /opt/devkitpro/libctru/lib/libcitro3d.a(uniforms.o)
                0x00111f98                C3D_BoolUnifs
 .bss.C3D_IVUnif
                0x00111f9c       0x20 /opt/devkitpro/libctru/lib/libcitro3d.a(uniforms.o)
                0x00111f9c                C3D_IVUnif
 .bss.C3D_FVUnif
                0x00111fbc      0xc00 /opt/devkitpro/libctru/lib/libcitro3d.a(uniforms.o)
                0x00111fbc                C3D_FVUnif
 *fill*         0x00112bbc        0x4 
 .bss._ZL11sLinearPool
                0x00112bc0        0x8 /opt/devkitpro/libctru/lib/libctru.a(linear.o)
 .bss._ZL8sAddrMap
                0x00112bc8        0xc /opt/devkitpro/libctru/lib/libctru.a(linear.o)
 *fill*         0x00112bd4        0x4 
 .bss._ZL10sVramPoolB
                0x00112bd8        0x8 /opt/devkitpro/libctru/lib/libctru.a(vram.o)
 .bss._ZL10sVramPoolA
                0x00112be0        0x8 /opt/devkitpro/libctru/lib/libctru.a(vram.o)
 .bss._ZL8sAddrMap
                0x00112be8        0xc /opt/devkitpro/libctru/lib/libctru.a(vram.o)
 .bss.screenAlloc
                0x00112bf4        0x4 /opt/devkitpro/libctru/lib/libctru.a(gfx.o)
 .bss.screenFree
                0x00112bf8        0x4 /opt/devkitpro/libctru/lib/libctru.a(gfx.o)
 .bss.gfxIsDoubleBuf
                0x00112bfc        0x2 /opt/devkitpro/libctru/lib/libctru.a(gfx.o)
 *fill*         0x00112bfe        0x2 
 .bss.gfxCurBuf
                0x00112c00        0x2 /opt/devkitpro/libctru/lib/libctru.a(gfx.o)
 .bss.gfxIsVram
                0x00112c02        0x1 /opt/devkitpro/libctru/lib/libctru.a(gfx.o)
 .bss.gfxTopMode
                0x00112c03        0x1 /opt/devkitpro/libctru/lib/libctru.a(gfx.o)
 .bss.gfxFramebufferFormats
                0x00112c04        0x2 /opt/devkitpro/libctru/lib/libctru.a(gfx.o)
 *fill*         0x00112c06        0x2 
 .bss.gfxBottomFramebufferMaxSize
                0x00112c08        0x4 /opt/devkitpro/libctru/lib/libctru.a(gfx.o)
 .bss.gfxTopFramebufferMaxSize
                0x00112c0c        0x4 /opt/devkitpro/libctru/lib/libctru.a(gfx.o)
 .bss.gfxBottomFramebuffers
                0x00112c10        0x8 /opt/devkitpro/libctru/lib/libctru.a(gfx.o)
 .bss.gfxTopFramebuffers
                0x00112c18        0x8 /opt/devkitpro/libctru/lib/libctru.a(gfx.o)
 .bss.__ctru_speedup
                0x00112c20        0x1 /opt/devkitpro/libctru/lib/libctru.a(os.o)
                0x00112c20                __ctru_speedup
 *fill*         0x00112c21        0x3 
 .bss.gpuCmdBufOffset
                0x00112c24        0x4 /opt/devkitpro/libctru/lib/libctru.a(gpu.o)
                0x00112c24                gpuCmdBufOffset
 .bss.gpuCmdBufSize
                0x00112c28        0x4 /opt/devkitpro/libctru/lib/libctru.a(gpu.o)
                0x00112c28                gpuCmdBufSize
 .bss.gpuCmdBuf
                0x00112c2c        0x4 /opt/devkitpro/libctru/lib/libctru.a(gpu.o)
                0x00112c2c                gpuCmdBuf
 .bss.boundQueue
                0x00112c30        0x4 /opt/devkitpro/libctru/lib/libctru.a(gx.o)
 .bss.shouldStop
                0x00112c34        0x1 /opt/devkitpro/libctru/lib/libctru.a(gxqueue.o)
 .bss.isRunning
                0x00112c35        0x1 /opt/devkitpro/libctru/lib/libctru.a(gxqueue.o)
 .bss.isActive  0x00112c36        0x1 /opt/devkitpro/libctru/lib/libctru.a(gxqueue.o)
 *fill*         0x00112c37        0x1 
 .bss.curQueue  0x00112c38        0x4 /opt/devkitpro/libctru/lib/libctru.a(gxqueue.o)
 .bss.flagValue.0
                0x00112c3c        0x1 /opt/devkitpro/libctru/lib/libctru.a(apt.o)
 .bss.flagInit.1
                0x00112c3d        0x1 /opt/devkitpro/libctru/lib/libctru.a(apt.o)
 *fill*         0x00112c3e        0x2 
 .bss.serviceName.6
                0x00112c40        0x4 /opt/devkitpro/libctru/lib/libctru.a(apt.o)
 .bss.aptChainloadFlags
                0x00112c44        0x1 /opt/devkitpro/libctru/lib/libctru.a(apt.o)
 .bss.aptChainloadMediatype
                0x00112c45        0x1 /opt/devkitpro/libctru/lib/libctru.a(apt.o)
 *fill*         0x00112c46        0x2 
 .bss.aptChainloadHmac
                0x00112c48       0x20 /opt/devkitpro/libctru/lib/libctru.a(apt.o)
 .bss.aptChainloadDeliverArg
                0x00112c68      0x300 /opt/devkitpro/libctru/lib/libctru.a(apt.o)
 .bss.aptChainloadTid
                0x00112f68        0x8 /opt/devkitpro/libctru/lib/libctru.a(apt.o)
 .bss.aptParameters
                0x00112f70     0x1000 /opt/devkitpro/libctru/lib/libctru.a(apt.o)
 .bss.aptFlags  0x00113f70        0x4 /opt/devkitpro/libctru/lib/libctru.a(apt.o)
 .bss.aptHomeButtonState
                0x00113f74        0x1 /opt/devkitpro/libctru/lib/libctru.a(apt.o)
 *fill*         0x00113f75        0x3 
 .bss.aptMessageFuncData
                0x00113f78        0x4 /opt/devkitpro/libctru/lib/libctru.a(apt.o)
 .bss.aptMessageFunc
                0x00113f7c        0x4 /opt/devkitpro/libctru/lib/libctru.a(apt.o)
 .bss.aptFirstHook
                0x00113f80        0xc /opt/devkitpro/libctru/lib/libctru.a(apt.o)
 .bss.aptEventHandlerThreadQuit
                0x00113f8c        0x1 /opt/devkitpro/libctru/lib/libctru.a(apt.o)
 *fill*         0x00113f8d        0x3 
 .bss.aptEventHandlerThread
                0x00113f90        0x4 /opt/devkitpro/libctru/lib/libctru.a(apt.o)
 .bss.aptSleepEvent
                0x00113f94        0x8 /opt/devkitpro/libctru/lib/libctru.a(apt.o)
 .bss.aptReceiveEvent
                0x00113f9c        0x8 /opt/devkitpro/libctru/lib/libctru.a(apt.o)
 .bss.aptEvents
                0x00113fa4        0x8 /opt/devkitpro/libctru/lib/libctru.a(apt.o)
 .bss.aptLockHandle
                0x00113fac        0x4 /opt/devkitpro/libctru/lib/libctru.a(apt.o)
 .bss.aptRefCount
                0x00113fb0        0x4 /opt/devkitpro/libctru/lib/libctru.a(apt.o)
 .bss.gspEventCbOneShot
                0x00113fb4        0x7 /opt/devkitpro/libctru/lib/libctru.a(gspgpu.o)
 *fill*         0x00113fbb        0x1 
 .bss.gspEventCbData
                0x00113fbc       0x1c /opt/devkitpro/libctru/lib/libctru.a(gspgpu.o)
 .bss.gspEventCb
                0x00113fd8       0x1c /opt/devkitpro/libctru/lib/libctru.a(gspgpu.o)
 .bss.gspEvents
                0x00113ff4       0x38 /opt/devkitpro/libctru/lib/libctru.a(gspgpu.o)
 .bss.gspLastEvent
                0x0011402c        0x4 /opt/devkitpro/libctru/lib/libctru.a(gspgpu.o)
 .bss.gspRunEvents
                0x00114030        0x1 /opt/devkitpro/libctru/lib/libctru.a(gspgpu.o)
 *fill*         0x00114031        0x3 
 .bss.gspEventThread
                0x00114034        0x4 /opt/devkitpro/libctru/lib/libctru.a(gspgpu.o)
 .bss.gspEvent  0x00114038        0x4 /opt/devkitpro/libctru/lib/libctru.a(gspgpu.o)
 .bss.gspGpuRight
                0x0011403c        0x1 /opt/devkitpro/libctru/lib/libctru.a(gspgpu.o)
 .bss.gspThreadId
                0x0011403d        0x1 /opt/devkitpro/libctru/lib/libctru.a(gspgpu.o)
 *fill*         0x0011403e        0x2 
 .bss.gspSharedMem
                0x00114040        0x4 /opt/devkitpro/libctru/lib/libctru.a(gspgpu.o)
 .bss.gspSharedMemHandle
                0x00114044        0x4 /opt/devkitpro/libctru/lib/libctru.a(gspgpu.o)
 .bss.gspRefCount
                0x00114048        0x4 /opt/devkitpro/libctru/lib/libctru.a(gspgpu.o)
 .bss.gspGpuHandle
                0x0011404c        0x4 /opt/devkitpro/libctru/lib/libctru.a(gspgpu.o)
 .bss.usingIrrst
                0x00114050        0x1 /opt/devkitpro/libctru/lib/libctru.a(hid.o)
 *fill*         0x00114051        0x3 
 .bss.hidRefCount
                0x00114054        0x4 /opt/devkitpro/libctru/lib/libctru.a(hid.o)
 .bss.gRate     0x00114058        0x6 /opt/devkitpro/libctru/lib/libctru.a(hid.o)
 *fill*         0x0011405e        0x2 
 .bss.aVec      0x00114060        0x6 /opt/devkitpro/libctru/lib/libctru.a(hid.o)
 *fill*         0x00114066        0x2 
 .bss.cPos      0x00114068        0x4 /opt/devkitpro/libctru/lib/libctru.a(hid.o)
 .bss.tPos      0x0011406c        0x4 /opt/devkitpro/libctru/lib/libctru.a(hid.o)
 .bss.kRepeat   0x00114070        0x4 /opt/devkitpro/libctru/lib/libctru.a(hid.o)
 .bss.kUp       0x00114074        0x4 /opt/devkitpro/libctru/lib/libctru.a(hid.o)
 .bss.kDown     0x00114078        0x4 /opt/devkitpro/libctru/lib/libctru.a(hid.o)
 .bss.kHeld     0x0011407c        0x4 /opt/devkitpro/libctru/lib/libctru.a(hid.o)
 .bss.kOld      0x00114080        0x4 /opt/devkitpro/libctru/lib/libctru.a(hid.o)
 .bss.hidSharedMem
                0x00114084        0x4 /opt/devkitpro/libctru/lib/libctru.a(hid.o)
                0x00114084                hidSharedMem
 .bss.hidEvents
                0x00114088       0x14 /opt/devkitpro/libctru/lib/libctru.a(hid.o)
                0x00114088                hidEvents
 .bss.hidMemHandle
                0x0011409c        0x4 /opt/devkitpro/libctru/lib/libctru.a(hid.o)
                0x0011409c                hidMemHandle
 .bss.hidHandle
                0x001140a0        0x4 /opt/devkitpro/libctru/lib/libctru.a(hid.o)
                0x001140a0                hidHandle
 .bss.irrstRefCount
                0x001140a4        0x4 /opt/devkitpro/libctru/lib/libctru.a(irrst.o)
 .bss.csPos     0x001140a8        0x4 /opt/devkitpro/libctru/lib/libctru.a(irrst.o)
 .bss.kHeld     0x001140ac        0x4 /opt/devkitpro/libctru/lib/libctru.a(irrst.o)
 .bss.irrstSharedMem
                0x001140b0        0x4 /opt/devkitpro/libctru/lib/libctru.a(irrst.o)
                0x001140b0                irrstSharedMem
 .bss.irrstEvent
                0x001140b4        0x4 /opt/devkitpro/libctru/lib/libctru.a(irrst.o)
                0x001140b4                irrstEvent
 .bss.irrstMemHandle
                0x001140b8        0x4 /opt/devkitpro/libctru/lib/libctru.a(irrst.o)
                0x001140b8                irrstMemHandle
 .bss.irrstHandle
                0x001140bc        0x4 /opt/devkitpro/libctru/lib/libctru.a(irrst.o)
                0x001140bc                irrstHandle
 .bss.ptmSysmRefCount
                0x001140c0        0x4 /opt/devkitpro/libctru/lib/libctru.a(ptmsysm.o)
 .bss.ptmSysmHandle
                0x001140c4        0x4 /opt/devkitpro/libctru/lib/libctru.a(ptmsysm.o)
 .bss.__ctru_linear_heap_size
                0x001140c8        0x4 /opt/devkitpro/libctru/lib/libctru.a(allocateHeaps.o)
                0x001140c8                __ctru_linear_heap_size
 .bss.__ctru_heap_size
                0x001140cc        0x4 /opt/devkitpro/libctru/lib/libctru.a(allocateHeaps.o)
                0x001140cc                __ctru_heap_size
 .bss.__ctru_linear_heap
                0x001140d0        0x4 /opt/devkitpro/libctru/lib/libctru.a(allocateHeaps.o)
                0x001140d0                __ctru_linear_heap
 .bss.__ctru_heap
                0x001140d4        0x4 /opt/devkitpro/libctru/lib/libctru.a(allocateHeaps.o)
                0x001140d4                __ctru_heap
 .bss.__system_retAddr
                0x001140d8        0x4 /opt/devkitpro/libctru/lib/libctru.a(ctru_init.o)
                0x001140d8                __system_retAddr
 .bss.__system_argv
                0x001140dc        0x4 /opt/devkitpro/libctru/lib/libctru.a(initArgv.o)
                0x001140dc                __system_argv
 .bss.__system_argc
                0x001140e0        0x4 /opt/devkitpro/libctru/lib/libctru.a(initArgv.o)
                0x001140e0                __system_argc
 .bss.saved_stack.42
                0x001140e4        0x8 /opt/devkitpro/libctru/lib/libctru.a(stack_adjust.o)
 .bss.__3dslink_host
                0x001140ec        0x4 /opt/devkitpro/libctru/lib/libctru.a(3dslink.o)
                0x001140ec                __3dslink_host
 .bss.srvRefCount
                0x001140f0        0x4 /opt/devkitpro/libctru/lib/libctru.a(srv.o)
 .bss.srvHandle
                0x001140f4        0x4 /opt/devkitpro/libctru/lib/libctru.a(srv.o)
 .bss.arbiter   0x001140f8        0x4 /opt/devkitpro/libctru/lib/libctru.a(synchronization.o)
 .bss.currentAddr
                0x001140fc        0x4 /opt/devkitpro/libctru/lib/libctru.a(mappable.o)
 .bss.maxAddr   0x00114100        0x4 /opt/devkitpro/libctru/lib/libctru.a(mappable.o)
 .bss.minAddr   0x00114104        0x4 /opt/devkitpro/libctru/lib/libctru.a(mappable.o)
 .bss.srvPmHandle
                0x00114108        0x4 /opt/devkitpro/libctru/lib/libctru.a(srvpm.o)
 *fill*         0x0011410c        0x4 
 .bss.archive_devices
                0x00114110      0x5c0 /opt/devkitpro/libctru/lib/libctru.a(archive_dev.o)
 .bss.archive_device_cwd
                0x001146d0        0x4 /opt/devkitpro/libctru/lib/libctru.a(archive_dev.o)
 .bss.archive_initialized
                0x001146d4        0x1 /opt/devkitpro/libctru/lib/libctru.a(archive_dev.o)
 *fill*         0x001146d5        0x3 
 .bss.fsExemptArchives
                0x001146d8       0x80 /opt/devkitpro/libctru/lib/libctru.a(fs.o)
 .bss.fsuRefCount
                0x00114758        0x4 /opt/devkitpro/libctru/lib/libctru.a(fs.o)
 .bss.fsuHandle
                0x0011475c        0x4 /opt/devkitpro/libctru/lib/libctru.a(fs.o)
 .bss.__sf      0x00114760      0x168 /opt/devkitpro/devkitARM/bin/../lib/gcc/arm-none-eabi/14.2.0/../../../../arm-none-eabi/lib/armv6k/fpu/libg.a(libc_a-findfp.o)
                0x00114760                __sf
 .bss.__stdio_exit_handler
                0x001148c8        0x4 /opt/devkitpro/devkitARM/bin/../lib/gcc/arm-none-eabi/14.2.0/../../../../arm-none-eabi/lib/armv6k/fpu/libg.a(libc_a-findfp.o)
                0x001148c8                __stdio_exit_handler
 .bss.__malloc_current_mallinfo
                0x001148cc       0x28 /opt/devkitpro/devkitARM/bin/../lib/gcc/arm-none-eabi/14.2.0/../../../../arm-none-eabi/lib/armv6k/fpu/libg.a(libc_a-mallocr.o)
                0x001148cc                __malloc_current_mallinfo
 .bss.__malloc_max_total_mem
                0x001148f4        0x4 /opt/devkitpro/devkitARM/bin/../lib/gcc/arm-none-eabi/14.2.0/../../../../arm-none-eabi/lib/armv6k/fpu/libg.a(libc_a-mallocr.o)
                0x001148f4                __malloc_max_total_mem
 .bss.__malloc_max_sbrked_mem
                0x001148f8        0x4 /opt/devkitpro/devkitARM/bin/../lib/gcc/arm-none-eabi/14.2.0/../../../../arm-none-eabi/lib/armv6k/fpu/libg.a(libc_a-mallocr.o)
                0x001148f8                __malloc_max_sbrked_mem
 .bss.__malloc_top_pad
                0x001148fc        0x4 /opt/devkitpro/devkitARM/bin/../lib/gcc/arm-none-eabi/14.2.0/../../../../arm-none-eabi/lib/armv6k/fpu/libg.a(libc_a-mallocr.o)
                0x001148fc                __malloc_top_pad
 .bss.__malloc_recursive_mutex
                0x00114900        0xc /opt/devkitpro/devkitARM/bin/../lib/gcc/arm-none-eabi/14.2.0/../../../../arm-none-eabi/lib/armv6k/fpu/libg.a(libc_a-mlock.o)
 .bss.temp_cwd  0x0011490c      0x400 /opt/devkitpro/devkitARM/bin/../lib/gcc/arm-none-eabi/14.2.0/../../../../arm-none-eabi/lib/armv6k/fpu/libsysbase.a(libsysbase_libsysbase_a-chdir.o)
 .bss.fake_heap_start
                0x00114d0c        0x4 /opt/devkitpro/devkitARM/bin/../lib/gcc/arm-none-eabi/14.2.0/../../../../arm-none-eabi/lib/armv6k/fpu/libsysbase.a(libsysbase_libsysbase_a-malloc_vars.o)
                0x00114d0c                fake_heap_start
 .bss.fake_heap_end
                0x00114d10        0x4 /opt/devkitpro/devkitARM/bin/../lib/gcc/arm-none-eabi/14.2.0/../../../../arm-none-eabi/lib/armv6k/fpu/libsysbase.a(libsysbase_libsysbase_a-malloc_vars.o)
                0x00114d10                fake_heap_end
 .bss.heap_start.0
                0x00114d14        0x4 /opt/devkitpro/devkitARM/bin/../lib/gcc/arm-none-eabi/14.2.0/../../../../arm-none-eabi/lib/armv6k/fpu/libsysbase.a(libsysbase_libsysbase_a-sbrk.o)
 *(.gnu.linkonce.b*)
 *(COMMON)
                0x00114d18                        . = (0x8 + ABSOLUTE (ALIGN (ABSOLUTE ((. - 0x8)), MAX (ALIGNOF (.tdata), ALIGNOF (.tbss)))))
                0x00114d18                        __tls_start = .
                0x00114d18                        . = (. + SIZEOF (.tdata))
                0x00114d18                        . = ALIGN (ALIGNOF (.tbss))
                0x00115920                        . = (. + SIZEOF (.tbss))
 *fill*         0x00114d18      0xc08 
                0x00115920                        __tls_end = .
                0x00115920                        __bss_end__ = .
                0x00115920                        __end__ = ABSOLUTE (.)

/DISCARD/
 *(.group .comment .note)

.stab
 *(.stab)

.stabstr
 *(.stabstr)

.stab.excl
 *(.stab.excl)

.stab.exclstr
 *(.stab.exclstr)

.stab.index
 *(.stab.index)

.stab.indexstr
 *(.stab.indexstr)

.debug
 *(.debug)

.line
 *(.line)

.debug_srcinfo
 *(.debug_srcinfo)

.debug_sfnames
 *(.debug_sfnames)

.debug_aranges  0x00000000     0x1bd0
 *(.debug_aranges)
 .debug_aranges