Archive member included to satisfy reference by file (symbol)

/opt/devkitpro/libctru/lib/libctru.a(console.o)
                              main.o (consoleSelect)
/opt/devkitpro/libctru/lib/libctru.a(gfx.o)
                              /opt/devkitpro/libctru/lib/libctru.a(console.o) (gfxIsWide)
/opt/devkitpro/libctru/lib/libctru.a(apt.o)
                              main.o (aptMainLoop)
/opt/devkitpro/libctru/lib/libctru.a(gspgpu.o)
                              /opt/devkitpro/libctru/lib/libctru.a(gfx.o) (gspInit)
/opt/devkitpro/libctru/lib/libctru.a(hid.o)
                              main.o (hidScanInput)
/opt/devkitpro/libctru/lib/libctru.a(irrst.o)
                              /opt/devkitpro/libctru/lib/libctru.a(hid.o) (irrstInit)
/opt/devkitpro/libctru/lib/libctru.a(ctru_init.o)
                              /opt/devkitpro/libctru/lib/libctru.a(apt.o) (__system_retAddr)
/opt/devkitpro/libctru/lib/libctru.a(initArgv.o)
                              /opt/devkitpro/libctru/lib/libctru.a(ctru_init.o) (__system_initArgv)
/opt/devkitpro/libctru/lib/libctru.a(syscalls.o)
                              /opt/devkitpro/libctru/lib/libctru.a(ctru_init.o) (__system_initSyscalls)
/opt/devkitpro/libctru/lib/libctru.a(svc.o)
                              /opt/devkitpro/libctru/lib/libctru.a(apt.o) (svcSleepThread)
/opt/devkitpro/libctru/lib/libctru.a(stack_adjust.o)
                              /opt/devkitpro/devkitARM/bin/../lib/gcc/arm-none-eabi/14.2.0/../../../../arm-none-eabi/lib/armv6k/fpu/3dsx_crt0.o (initSystem)
/opt/devkitpro/libctru/lib/libctru.a(default_font.bin.o)
                              /opt/devkitpro/libctru/lib/libctru.a(console.o) (default_font_bin)
/opt/devkitpro/libctru/lib/libctru.a(linear.o)
                              /opt/devkitpro/libctru/lib/libctru.a(gfx.o) (linearAlloc)
/opt/devkitpro/libctru/lib/libctru.a(mem_pool.o)
                              /opt/devkitpro/libctru/lib/libctru.a(linear.o) (MemPool::Allocate(MemChunk&, unsigned long, int))
/opt/devkitpro/libctru/lib/libctru.a(vram.o)
                              /opt/devkitpro/libctru/lib/libctru.a(gfx.o) (vramAlloc)
/opt/devkitpro/libctru/lib/libctru.a(3dslink.o)
                              /opt/devkitpro/libctru/lib/libctru.a(initArgv.o) (__3dslink_host)
/opt/devkitpro/libctru/lib/libctru.a(env.o)
                              /opt/devkitpro/libctru/lib/libctru.a(irrst.o) (envGetHandle)
/opt/devkitpro/libctru/lib/libctru.a(os.o)
                              /opt/devkitpro/libctru/lib/libctru.a(syscalls.o) (osGetTime)
/opt/devkitpro/libctru/lib/libctru.a(srv.o)
                              /opt/devkitpro/libctru/lib/libctru.a(apt.o) (srvInit)
/opt/devkitpro/libctru/lib/libctru.a(synchronization.o)
                              /opt/devkitpro/libctru/lib/libctru.a(ctru_init.o) (__sync_init)
/opt/devkitpro/libctru/lib/libctru.a(thread.o)
                              /opt/devkitpro/libctru/lib/libctru.a(apt.o) (threadCreate)
/opt/devkitpro/libctru/lib/libctru.a(mappable.o)
                              /opt/devkitpro/libctru/lib/libctru.a(apt.o) (mappableAlloc)
/opt/devkitpro/libctru/lib/libctru.a(ptmsysm.o)
                              /opt/devkitpro/libctru/lib/libctru.a(os.o) (ptmSysmInit)
/opt/devkitpro/libctru/lib/libctru.a(srvpm.o)
                              /opt/devkitpro/libctru/lib/libctru.a(srv.o) (srvPmGetSessionHandle)
/opt/devkitpro/libctru/lib/libctru.a(soc_connect.o)
                              /opt/devkitpro/libctru/lib/libctru.a(3dslink.o) (connect)
/opt/devkitpro/libctru/lib/libctru.a(soc_socket.o)
                              /opt/devkitpro/libctru/lib/libctru.a(3dslink.o) (socket)
/opt/devkitpro/libctru/lib/libctru.a(rbtree_find.o)
                              /opt/devkitpro/libctru/lib/libctru.a(linear.o) (rbtree_find)
/opt/devkitpro/libctru/lib/libctru.a(rbtree_init.o)
                              /opt/devkitpro/libctru/lib/libctru.a(linear.o) (rbtree_init)
/opt/devkitpro/libctru/lib/libctru.a(rbtree_insert.o)
                              /opt/devkitpro/libctru/lib/libctru.a(linear.o) (rbtree_insert)
/opt/devkitpro/libctru/lib/libctru.a(rbtree_remove.o)
                              /opt/devkitpro/libctru/lib/libctru.a(linear.o) (rbtree_remove)
/opt/devkitpro/libctru/lib/libctru.a(rbtree_rotate.o)
                              /opt/devkitpro/libctru/lib/libctru.a(rbtree_insert.o) (rbtree_rotate)
/opt/devkitpro/libctru/lib/libctru.a(allocateHeaps.o)
                              /opt/devkitpro/libctru/lib/libctru.a(ctru_init.o) (__system_allocateHeaps)
/opt/devkitpro/libctru/lib/libctru.a(appExit.o)
                              /opt/devkitpro/libctru/lib/libctru.a(stack_adjust.o) (__appExit)
/opt/devkitpro/libctru/lib/libctru.a(appInit.o)
                              /opt/devkitpro/libctru/lib/libctru.a(stack_adjust.o) (__appInit)
/opt/devkitpro/libctru/lib/libctru.a(ctru_exit.o)
                              /opt/devkitpro/libctru/lib/libctru.a(stack_adjust.o) (__libctru_exit)
[...]
Memory Configuration

Name             Origin             Length             Attributes
*default*        0x00000000         0xffffffff

Linker script and memory map

                0x00000000                        __sync_synchronize = __sync_synchronize_dmb
                0x00100000                        PROVIDE (__start__ = 0x100000)
                0x00100000                        . = __start__

.text           0x00100000    0x1722c
 *(.crt0)
 .crt0          0x00100000       0x94 /opt/devkitpro/devkitARM/bin/../lib/gcc/arm-none-eabi/14.2.0/../../../../arm-none-eabi/lib/armv6k/fpu/3dsx_crt0.o
                0x00100000                _start
                0x00100008                __service_ptr
                0x0010000c                __apt_appid
                0x00100010                __heap_size
                0x00100014                __linear_heap_size
                0x00100018                __system_arglist
                0x0010001c                __system_runflags
 *(.init)
 .init          0x00100094        0xc /opt/devkitpro/devkitARM/bin/../lib/gcc/arm-none-eabi/14.2.0/armv6k/fpu/crti.o
                0x00100094                _init
 .init          0x001000a0        0xc /opt/devkitpro/devkitARM/bin/../lib/gcc/arm-none-eabi/14.2.0/armv6k/fpu/crtn.o
                0x001000ac                        . = ALIGN (0x4)
 *(.text)
 .text          0x001000ac      0x240 /opt/devkitpro/devkitARM/bin/../lib/gcc/arm-none-eabi/14.2.0/armv6k/fpu/libgcc.a(_divsi3.o)
                0x001000ac                __aeabi_idiv
                0x001000ac                __divsi3
                0x001002cc                __aeabi_idivmod
 .text          0x001002ec        0x4 /opt/devkitpro/devkitARM/bin/../lib/gcc/arm-none-eabi/14.2.0/armv6k/fpu/libgcc.a(_dvmd_tls.o)
                0x001002ec                __aeabi_ldiv0
                0x001002ec                __aeabi_idiv0
 .text          0x001002f0       0x3c /opt/devkitpro/devkitARM/bin/../lib/gcc/arm-none-eabi/14.2.0/armv6k/fpu/libgcc.a(_aeabi_uldivmod.o)
                0x001002f0                __aeabi_uldivmod
 *fill*         0x0010032c       0x14 
 .text          0x00100340      0x390 /opt/devkitpro/devkitARM/bin/../lib/gcc/arm-none-eabi/14.2.0/../../../../arm-none-eabi/lib/armv6k/fpu/libg.a(libc_a-strcmp.o)
                0x00100348                strcmp
 .text          0x001006d0      0x20c /opt/devkitpro/devkitARM/bin/../lib/gcc/arm-none-eabi/14.2.0/armv6k/fpu/libgcc.a(_udivsi3.o)
                0x001006d0                __udivsi3
                0x001006d0                __aeabi_uidiv
                0x001008bc                __aeabi_uidivmod
 *(.text.*)
 .text.__do_global_dtors_aux
                0x001008dc       0x40 /opt/devkitpro/devkitARM/bin/../lib/gcc/arm-none-eabi/14.2.0/armv6k/fpu/crtbegin.o
 .text.frame_dummy
                0x0010091c       0x2c /opt/devkitpro/devkitARM/bin/../lib/gcc/arm-none-eabi/14.2.0/armv6k/fpu/crtbegin.o
 .text._Z18initializeGameMazev
                0x00100948       0x40 main.o
                0x00100948                initializeGameMaze()
 .text._Z8drawMazev
                0x00100988       0xac main.o
                0x00100988                drawMaze()
 .text._Z10movePacManv
                0x00100a34       0x94 main.o
                0x00100a34                movePacMan()
 .text.startup.main
                0x00100ac8       0xf4 main.o
                0x00100ac8                main
 .text.consoleHandleColorEsc
                0x00100bbc      0x45c /opt/devkitpro/libctru/lib/libctru.a(console.o)
 .text.consoleColorStateShift
                0x00101018       0xb8 /opt/devkitpro/libctru/lib/libctru.a(console.o)
 .text.consoleSelect
                0x001010d0       0x18 /opt/devkitpro/libctru/lib/libctru.a(console.o)
                0x001010d0                consoleSelect
 .text.consoleDrawChar
                0x001010e8      0x1ac /opt/devkitpro/libctru/lib/libctru.a(console.o)
                0x001010e8                consoleDrawChar
 .text.consolePrintChar
                0x00101294      0x11c /opt/devkitpro/libctru/lib/libctru.a(console.o)
                0x00101294                consolePrintChar
 .text.con_write
                0x001013b0      0x5ec /opt/devkitpro/libctru/lib/libctru.a(console.o)
                0x001013b0                con_write
 .text.newRow   0x0010199c      0x124 /opt/devkitpro/libctru/lib/libctru.a(console.o)
 .text.consoleInit
                0x00101ac0      0x18c /opt/devkitpro/libctru/lib/libctru.a(console.o)
                0x00101ac0                consoleInit
 .text.consoleClear
                0x00101c4c       0xb8 /opt/devkitpro/libctru/lib/libctru.a(console.o)
                0x00101c4c                consoleClear
 .text.gfxPresentFramebuffer
                0x00101d04       0xd0 /opt/devkitpro/libctru/lib/libctru.a(gfx.o)
 .text.gfxIsWide
                0x00101dd4       0x1c /opt/devkitpro/libctru/lib/libctru.a(gfx.o)
                0x00101dd4                gfxIsWide
 .text.gfxSetScreenFormat
                0x00101df0       0xec /opt/devkitpro/libctru/lib/libctru.a(gfx.o)
                0x00101df0                gfxSetScreenFormat
 .text.gfxSetDoubleBuffering
                0x00101edc       0x10 /opt/devkitpro/libctru/lib/libctru.a(gfx.o)
                0x00101edc                gfxSetDoubleBuffering
 .text.gfxInit  0x00101eec       0xd8 /opt/devkitpro/libctru/lib/libctru.a(gfx.o)
                0x00101eec                gfxInit
 .text.gfxInitDefault
                0x00101fc4       0x10 /opt/devkitpro/libctru/lib/libctru.a(gfx.o)
                0x00101fc4                gfxInitDefault
 .text.gfxExit  0x00101fd4       0xb4 /opt/devkitpro/libctru/lib/libctru.a(gfx.o)
                0x00101fd4                gfxExit
 .text.gfxGetFramebuffer
                0x00102088       0xa0 /opt/devkitpro/libctru/lib/libctru.a(gfx.o)
                0x00102088                gfxGetFramebuffer
 .text.gfxFlushBuffers
                0x00102128      0x100 /opt/devkitpro/libctru/lib/libctru.a(gfx.o)
                0x00102128                gfxFlushBuffers
 .text.gfxSwapBuffers
                0x00102228       0x50 /opt/devkitpro/libctru/lib/libctru.a(gfx.o)
                0x00102228                gfxSwapBuffers
 .text.gfxSwapBuffersGpu
                0x00102278       0x50 /opt/devkitpro/libctru/lib/libctru.a(gfx.o)
                0x00102278                gfxSwapBuffersGpu
 .text.aptConvertScreenForCapture
                0x001022c8      0x1b0 /opt/devkitpro/libctru/lib/libctru.a(apt.o)
 .text.aptDspSleep
                0x00102478        0x8 /opt/devkitpro/libctru/lib/libctru.a(apt.o)
                0x00102478                aptDspSleep
 .text.aptDspWakeup
                0x00102480        0x4 /opt/devkitpro/libctru/lib/libctru.a(apt.o)
                0x00102480                aptDspWakeup
 .text.aptDspCancel
                0x00102484        0x4 /opt/devkitpro/libctru/lib/libctru.a(apt.o)
                0x00102484                aptDspCancel
 .text.aptSendCommand
                0x00102488      0x158 /opt/devkitpro/libctru/lib/libctru.a(apt.o)
                0x00102488                aptSendCommand
 .text.aptExitProcess
                0x001025e0       0x44 /opt/devkitpro/libctru/lib/libctru.a(apt.o)
 .text.aptExit  0x00102624      0x380 /opt/devkitpro/libctru/lib/libctru.a(apt.o)
                0x00102624                aptExit
 .text.aptHandleSleep
                0x001029a4       0xd8 /opt/devkitpro/libctru/lib/libctru.a(apt.o)
                0x001029a4                aptHandleSleep
 .text.APT_SleepIfShellClosed
                0x00102a7c       0x84 /opt/devkitpro/libctru/lib/libctru.a(apt.o)
                0x00102a7c                APT_SleepIfShellClosed
 .text.aptSetSleepAllowed
                0x00102b00       0x78 /opt/devkitpro/libctru/lib/libctru.a(apt.o)
                0x00102b00                aptSetSleepAllowed
 .text.APT_UnlockTransition
                0x00102b78       0x84 /opt/devkitpro/libctru/lib/libctru.a(apt.o)
                0x00102b78                APT_UnlockTransition
 *fill*         0x00102bfc        0x4 
 .text.aptEventHandler
                0x00102c00      0x478 /opt/devkitpro/libctru/lib/libctru.a(apt.o)
 .text.APT_ReceiveParameter
                0x00103078       0xb0 /opt/devkitpro/libctru/lib/libctru.a(apt.o)
                0x00103078                APT_ReceiveParameter
 .text.aptReceiveParameter.constprop.0
                0x00103128       0xac /opt/devkitpro/libctru/lib/libctru.a(apt.o)
 *fill*         0x001031d4        0x4 
 .text.aptScreenTransfer
                0x001031d8      0x294 /opt/devkitpro/libctru/lib/libctru.a(apt.o)
 .text.aptWaitForWakeUp.isra.0
                0x0010346c      0x2c8 /opt/devkitpro/libctru/lib/libctru.a(apt.o)
 .text.aptJumpToHomeMenu
                0x00103734       0xf4 /opt/devkitpro/libctru/lib/libctru.a(apt.o)
                0x00103734                aptJumpToHomeMenu
 .text.aptMainLoop
                0x00103828       0x48 /opt/devkitpro/libctru/lib/libctru.a(apt.o)
                0x00103828                aptMainLoop
 .text.aptInit  0x00103870      0x22c /opt/devkitpro/libctru/lib/libctru.a(apt.o)
                0x00103870                aptInit
 .text.APT_CheckNew3DS
                0x00103a9c       0x7c /opt/devkitpro/libctru/lib/libctru.a(apt.o)
                0x00103a9c                APT_CheckNew3DS
 .text.gspHardwareInit
                0x00103b18      0xc70 /opt/devkitpro/libctru/lib/libctru.a(gspgpu.o)
 .text.gspInit  0x00104788      0x248 /opt/devkitpro/libctru/lib/libctru.a(gspgpu.o)
                0x00104788                gspInit
 .text.gspExit  0x001049d0       0xe4 /opt/devkitpro/libctru/lib/libctru.a(gspgpu.o)
                0x001049d0                gspExit
 .text.gspHasGpuRight
                0x00104ab4       0x10 /opt/devkitpro/libctru/lib/libctru.a(gspgpu.o)
                0x00104ab4                gspHasGpuRight
 .text.gspPresentBuffer
                0x00104ac4       0xa0 /opt/devkitpro/libctru/lib/libctru.a(gspgpu.o)
                0x00104ac4                gspPresentBuffer
 .text.gspWaitForEvent
                0x00104b64       0x44 /opt/devkitpro/libctru/lib/libctru.a(gspgpu.o)
                0x00104b64                gspWaitForEvent
 .text.gxCmdQueueInterrupt
                0x00104ba8        0x4 /opt/devkitpro/libctru/lib/libctru.a(gspgpu.o)
                0x00104ba8                gxCmdQueueInterrupt
 .text.gspEventThreadMain
                0x00104bac      0x160 /opt/devkitpro/libctru/lib/libctru.a(gspgpu.o)
 .text.GSPGPU_FlushDataCache
                0x00104d0c       0x50 /opt/devkitpro/libctru/lib/libctru.a(gspgpu.o)
                0x00104d0c                GSPGPU_FlushDataCache
 .text.GSPGPU_SetLcdForceBlack
                0x00104d5c       0x34 /opt/devkitpro/libctru/lib/libctru.a(gspgpu.o)
                0x00104d5c                GSPGPU_SetLcdForceBlack
 .text.GSPGPU_AcquireRight
                0x00104d90       0x68 /opt/devkitpro/libctru/lib/libctru.a(gspgpu.o)
                0x00104d90                GSPGPU_AcquireRight
 .text.GSPGPU_ReleaseRight
                0x00104df8       0x48 /opt/devkitpro/libctru/lib/libctru.a(gspgpu.o)
                0x00104df8                GSPGPU_ReleaseRight
 .text.GSPGPU_ImportDisplayCaptureInfo
                0x00104e40       0x7c /opt/devkitpro/libctru/lib/libctru.a(gspgpu.o)
                0x00104e40                GSPGPU_ImportDisplayCaptureInfo
 .text.GSPGPU_SaveVramSysArea
                0x00104ebc       0x2c /opt/devkitpro/libctru/lib/libctru.a(gspgpu.o)
                0x00104ebc                GSPGPU_SaveVramSysArea
 .text.GSPGPU_RestoreVramSysArea
                0x00104ee8       0x2c /opt/devkitpro/libctru/lib/libctru.a(gspgpu.o)
                0x00104ee8                GSPGPU_RestoreVramSysArea
 .text.hidShouldUseIrrst
                0x00104f14       0x24 /opt/devkitpro/libctru/lib/libctru.a(hid.o)
                0x00104f14                hidShouldUseIrrst
 .text.hidInit  0x00104f38      0x18c /opt/devkitpro/libctru/lib/libctru.a(hid.o)
                0x00104f38                hidInit
 .text.hidExit  0x001050c4       0xe8 /opt/devkitpro/libctru/lib/libctru.a(hid.o)
                0x001050c4                hidExit
 .text.hidScanInput
                0x001051ac      0x2a4 /opt/devkitpro/libctru/lib/libctru.a(hid.o)
                0x001051ac                hidScanInput
 .text.hidKeysDown
                0x00105450       0x10 /opt/devkitpro/libctru/lib/libctru.a(hid.o)
                0x00105450                hidKeysDown
 .text.irrstInit
                0x00105460      0x160 /opt/devkitpro/libctru/lib/libctru.a(irrst.o)
                0x00105460                irrstInit
 .text.irrstExit
                0x001055c0       0xcc /opt/devkitpro/libctru/lib/libctru.a(irrst.o)
                0x001055c0                irrstExit
 .text.irrstScanInput
                0x0010568c       0xb4 /opt/devkitpro/libctru/lib/libctru.a(irrst.o)
                0x0010568c                irrstScanInput
 .text.irrstKeysHeld
                0x00105740       0x24 /opt/devkitpro/libctru/lib/libctru.a(irrst.o)
                0x00105740                irrstKeysHeld
 .text.__libctru_init
                0x00105764       0x38 /opt/devkitpro/libctru/lib/libctru.a(ctru_init.o)
                0x00105764                __libctru_init
 .text.__system_initArgv
                0x0010579c      0x160 /opt/devkitpro/libctru/lib/libctru.a(initArgv.o)
                0x0010579c                __system_initArgv
 .text.__syscall_getreent
                0x001058fc       0x30 /opt/devkitpro/libctru/lib/libctru.a(syscalls.o)
                0x001058fc                __syscall_getreent
 .text.__syscall_lock_acquire
                0x0010592c        0x4 /opt/devkitpro/libctru/lib/libctru.a(syscalls.o)
                0x0010592c                __syscall_lock_acquire
 .text.__syscall_lock_release
                0x00105930        0x4 /opt/devkitpro/libctru/lib/libctru.a(syscalls.o)
                0x00105930                __syscall_lock_release
 .text.__syscall_lock_acquire_recursive
                0x00105934        0x4 /opt/devkitpro/libctru/lib/libctru.a(syscalls.o)
                0x00105934                __syscall_lock_acquire_recursive
 .text.__syscall_lock_release_recursive
                0x00105938        0x4 /opt/devkitpro/libctru/lib/libctru.a(syscalls.o)
                0x00105938                __syscall_lock_release_recursive
 .text.__syscall_exit
                0x0010593c        0x4 /opt/devkitpro/libctru/lib/libctru.a(syscalls.o)
                0x0010593c                __syscall_exit
 .text.initThreadVars
                0x00105940       0x50 /opt/devkitpro/libctru/lib/libctru.a(syscalls.o)
                0x00105940                initThreadVars
 .text.__system_initSyscalls
                0x00105990       0x80 /opt/devkitpro/libctru/lib/libctru.a(syscalls.o)
                0x00105990                __system_initSyscalls
 .text.svcControlMemory
                0x00105a10       0x20 /opt/devkitpro/libctru/lib/libctru.a(svc.o)
                0x00105a10                svcControlMemory
 .text.svcQueryMemory
                0x00105a30       0x30 /opt/devkitpro/libctru/lib/libctru.a(svc.o)
                0x00105a30                svcQueryMemory
 .text.svcExitProcess
                0x00105a60        0x8 /opt/devkitpro/libctru/lib/libctru.a(svc.o)
                0x00105a60                svcExitProcess
 .text.svcCreateThread
                0x00105a68       0x20 /opt/devkitpro/libctru/lib/libctru.a(svc.o)
                0x00105a68                svcCreateThread
 .text.svcExitThread
                0x00105a88        0x8 /opt/devkitpro/libctru/lib/libctru.a(svc.o)
                0x00105a88                svcExitThread
 .text.svcSleepThread
                0x00105a90        0x8 /opt/devkitpro/libctru/lib/libctru.a(svc.o)
                0x00105a90                svcSleepThread
 .text.svcReleaseMutex
                0x00105a98        0x8 /opt/devkitpro/libctru/lib/libctru.a(svc.o)
                0x00105a98                svcReleaseMutex
 .text.svcCreateEvent
                0x00105aa0       0x14 /opt/devkitpro/libctru/lib/libctru.a(svc.o)
                0x00105aa0                svcCreateEvent
 .text.svcSignalEvent
                0x00105ab4        0x8 /opt/devkitpro/libctru/lib/libctru.a(svc.o)
                0x00105ab4                svcSignalEvent
 .text.svcClearEvent
                0x00105abc        0x8 /opt/devkitpro/libctru/lib/libctru.a(svc.o)
                0x00105abc                svcClearEvent
 .text.svcMapMemoryBlock
                0x00105ac4        0x8 /opt/devkitpro/libctru/lib/libctru.a(svc.o)
                0x00105ac4                svcMapMemoryBlock
 .text.svcUnmapMemoryBlock
                0x00105acc        0x8 /opt/devkitpro/libctru/lib/libctru.a(svc.o)
                0x00105acc                svcUnmapMemoryBlock
 .text.svcCreateAddressArbiter
                0x00105ad4       0x14 /opt/devkitpro/libctru/lib/libctru.a(svc.o)
                0x00105ad4                svcCreateAddressArbiter
 .text.svcArbitrateAddressNoTimeout
                0x00105ae8        0x8 /opt/devkitpro/libctru/lib/libctru.a(svc.o)
                0x00105ae8                svcArbitrateAddressNoTimeout
 .text.svcCloseHandle
                0x00105af0        0x8 /opt/devkitpro/libctru/lib/libctru.a(svc.o)
                0x00105af0                svcCloseHandle
 .text.svcWaitSynchronization
                0x00105af8        0x8 /opt/devkitpro/libctru/lib/libctru.a(svc.o)
                0x00105af8                svcWaitSynchronization
 .text.svcWaitSynchronizationN
                0x00105b00       0x28 /opt/devkitpro/libctru/lib/libctru.a(svc.o)
                0x00105b00                svcWaitSynchronizationN
 .text.svcDuplicateHandle
                0x00105b28       0x14 /opt/devkitpro/libctru/lib/libctru.a(svc.o)
                0x00105b28                svcDuplicateHandle
 .text.svcConnectToPort
                0x00105b3c       0x14 /opt/devkitpro/libctru/lib/libctru.a(svc.o)
                0x00105b3c                svcConnectToPort
 .text.svcSendSyncRequest
                0x00105b50        0x8 /opt/devkitpro/libctru/lib/libctru.a(svc.o)
                0x00105b50                svcSendSyncRequest
 .text.svcGetResourceLimit
                0x00105b58       0x14 /opt/devkitpro/libctru/lib/libctru.a(svc.o)
                0x00105b58                svcGetResourceLimit
 .text.svcGetResourceLimitLimitValues
                0x00105b6c        0x8 /opt/devkitpro/libctru/lib/libctru.a(svc.o)
                0x00105b6c                svcGetResourceLimitLimitValues
 .text.svcGetResourceLimitCurrentValues
                0x00105b74        0x8 /opt/devkitpro/libctru/lib/libctru.a(svc.o)
                0x00105b74                svcGetResourceLimitCurrentValues
 .text.svcBreak
                0x00105b7c        0x8 /opt/devkitpro/libctru/lib/libctru.a(svc.o)
                0x00105b7c                svcBreak
 .text.initSystem
                0x00105b84       0x50 /opt/devkitpro/libctru/lib/libctru.a(stack_adjust.o)
                0x00105b84                initSystem
 .text.__ctru_exit
                0x00105bd4       0x14 /opt/devkitpro/libctru/lib/libctru.a(stack_adjust.o)
                0x00105bd4                __ctru_exit
 .text._ZL21addrMapNodeComparatorPK11rbtree_nodeS1_
                0x00105be8       0x24 /opt/devkitpro/libctru/lib/libctru.a(linear.o)
 .text._ZL21addrMapNodeDestructorP11rbtree_node
                0x00105c0c        0x4 /opt/devkitpro/libctru/lib/libctru.a(linear.o)
 .text.linearMemAlign
                0x00105c10      0x120 /opt/devkitpro/libctru/lib/libctru.a(linear.o)
                0x00105c10                linearMemAlign
 .text.linearAlloc
                0x00105d30        0x8 /opt/devkitpro/libctru/lib/libctru.a(linear.o)
                0x00105d30                linearAlloc
 .text.linearFree
                0x00105d38       0x5c /opt/devkitpro/libctru/lib/libctru.a(linear.o)
                0x00105d38                linearFree
 .text._ZN7MemPool13CoalesceRightEP8MemBlock
                0x00105d94       0x84 /opt/devkitpro/libctru/lib/libctru.a(mem_pool.o)
                0x00105d94                MemPool::CoalesceRight(MemBlock*)
 .text._ZN7MemPool8AllocateER8MemChunkmi
                0x00105e18      0x150 /opt/devkitpro/libctru/lib/libctru.a(mem_pool.o)
                0x00105e18                MemPool::Allocate(MemChunk&, unsigned long, int)
 .text._ZN7MemPool10DeallocateERK8MemChunk
                0x00105f68       0xfc /opt/devkitpro/libctru/lib/libctru.a(mem_pool.o)
                0x00105f68                MemPool::Deallocate(MemChunk const&)
 .text._ZN7MemPool12GetFreeSpaceEv
                0x00106064       0x30 /opt/devkitpro/libctru/lib/libctru.a(mem_pool.o)
                0x00106064                MemPool::GetFreeSpace()
 .text._ZL21addrMapNodeComparatorPK11rbtree_nodeS1_
                0x00106094       0x24 /opt/devkitpro/libctru/lib/libctru.a(vram.o)
 .text._ZL21addrMapNodeDestructorP11rbtree_node
                0x001060b8        0x4 /opt/devkitpro/libctru/lib/libctru.a(vram.o)
 .text.vramMemAlignAt
                0x001060bc      0x244 /opt/devkitpro/libctru/lib/libctru.a(vram.o)
                0x001060bc                vramMemAlignAt
 .text.vramAlloc
                0x00106300        0xc /opt/devkitpro/libctru/lib/libctru.a(vram.o)
                0x00106300                vramAlloc
 .text.vramFree
                0x0010630c       0x90 /opt/devkitpro/libctru/lib/libctru.a(vram.o)
                0x0010630c                vramFree
 .text.envGetHandle
                0x0010639c       0x84 /opt/devkitpro/libctru/lib/libctru.a(env.o)
                0x0010639c                envGetHandle
 .text.envDestroyHandles
                0x00106420       0x50 /opt/devkitpro/libctru/lib/libctru.a(env.o)
                0x00106420                envDestroyHandles
 .text.__ctru_speedup_config
                0x00106470       0x34 /opt/devkitpro/libctru/lib/libctru.a(os.o)
                0x00106470                __ctru_speedup_config
 .text.srvInit  0x001064a4      0x12c /opt/devkitpro/libctru/lib/libctru.a(srv.o)
                0x001064a4                srvInit
 .text.srvExit  0x001065d0       0x58 /opt/devkitpro/libctru/lib/libctru.a(srv.o)
                0x001065d0                srvExit
 .text.srvEnableNotification
                0x00106628       0x60 /opt/devkitpro/libctru/lib/libctru.a(srv.o)
                0x00106628                srvEnableNotification
 .text.srvGetServiceHandleDirect
                0x00106688       0xa0 /opt/devkitpro/libctru/lib/libctru.a(srv.o)
                0x00106688                srvGetServiceHandleDirect
 .text.srvGetServiceHandle
                0x00106728       0x38 /opt/devkitpro/libctru/lib/libctru.a(srv.o)
                0x00106728                srvGetServiceHandle
 .text.srvSubscribe
                0x00106760       0x34 /opt/devkitpro/libctru/lib/libctru.a(srv.o)
                0x00106760                srvSubscribe
 .text.srvReceiveNotification
                0x00106794       0x60 /opt/devkitpro/libctru/lib/libctru.a(srv.o)
                0x00106794                srvReceiveNotification
 .text.srvPublishToSubscriber
                0x001067f4       0x38 /opt/devkitpro/libctru/lib/libctru.a(srv.o)
                0x001067f4                srvPublishToSubscriber
 .text.__sync_init
                0x0010682c        0xc /opt/devkitpro/libctru/lib/libctru.a(synchronization.o)
                0x0010682c                __sync_init
 .text.__sync_fini
                0x00106838       0x18 /opt/devkitpro/libctru/lib/libctru.a(synchronization.o)
                0x00106838                __sync_fini
 .text.syncArbitrateAddress
                0x00106850       0x2c /opt/devkitpro/libctru/lib/libctru.a(synchronization.o)
                0x00106850                syncArbitrateAddress
 .text.LightLock_Lock
                0x0010687c       0xb0 /opt/devkitpro/libctru/lib/libctru.a(synchronization.o)
                0x0010687c                LightLock_Lock
 .text.LightLock_Unlock
                0x0010692c       0x40 /opt/devkitpro/libctru/lib/libctru.a(synchronization.o)
                0x0010692c                LightLock_Unlock
 .text.RecursiveLock_Lock
                0x0010696c       0x30 /opt/devkitpro/libctru/lib/libctru.a(synchronization.o)
                0x0010696c                RecursiveLock_Lock
 .text.RecursiveLock_Unlock
                0x0010699c       0x54 /opt/devkitpro/libctru/lib/libctru.a(synchronization.o)
                0x0010699c                RecursiveLock_Unlock
 .text.LightEvent_Init
                0x001069f0       0x40 /opt/devkitpro/libctru/lib/libctru.a(synchronization.o)
                0x001069f0                LightEvent_Init
 .text.LightEvent_Clear
                0x00106a30       0xa4 /opt/devkitpro/libctru/lib/libctru.a(synchronization.o)
                0x00106a30                LightEvent_Clear
 .text.LightEvent_Signal
                0x00106ad4       0xc8 /opt/devkitpro/libctru/lib/libctru.a(synchronization.o)
                0x00106ad4                LightEvent_Signal
 .text.LightEvent_TryWait
                0x00106b9c       0x50 /opt/devkitpro/libctru/lib/libctru.a(synchronization.o)
                0x00106b9c                LightEvent_TryWait
 .text.LightEvent_Wait
                0x00106bec       0xa0 /opt/devkitpro/libctru/lib/libctru.a(synchronization.o)
                0x00106bec                LightEvent_Wait
 .text.threadCreate
                0x00106c8c      0x1d4 /opt/devkitpro/libctru/lib/libctru.a(thread.o)
                0x00106c8c                threadCreate
 .text.threadFree
                0x00106e60       0x2c /opt/devkitpro/libctru/lib/libctru.a(thread.o)
                0x00106e60                threadFree
 .text.threadJoin
                0x00106e8c       0x24 /opt/devkitpro/libctru/lib/libctru.a(thread.o)
                0x00106e8c                threadJoin
 .text.threadGetCurrent
                0x00106eb0       0x30 /opt/devkitpro/libctru/lib/libctru.a(thread.o)
                0x00106eb0                threadGetCurrent
 .text.threadExit
                0x00106ee0       0x40 /opt/devkitpro/libctru/lib/libctru.a(thread.o)
                0x00106ee0                threadExit
 .text._thread_begin
                0x00106f20       0x20 /opt/devkitpro/libctru/lib/libctru.a(thread.o)
 .text.mappableFindAddressWithin
                0x00106f40       0x90 /opt/devkitpro/libctru/lib/libctru.a(mappable.o)
 .text.mappableInit
                0x00106fd0       0x28 /opt/devkitpro/libctru/lib/libctru.a(mappable.o)
                0x00106fd0                mappableInit
 .text.mappableAlloc
                0x00106ff8       0x80 /opt/devkitpro/libctru/lib/libctru.a(mappable.o)
                0x00106ff8                mappableAlloc
 .text.mappableFree
                0x00107078        0x4 /opt/devkitpro/libctru/lib/libctru.a(mappable.o)
                0x00107078                mappableFree
 .text.ptmSysmInit
                0x0010707c       0x74 /opt/devkitpro/libctru/lib/libctru.a(ptmsysm.o)
                0x0010707c                ptmSysmInit
 .text.ptmSysmExit
                0x001070f0       0x3c /opt/devkitpro/libctru/lib/libctru.a(ptmsysm.o)
                0x001070f0                ptmSysmExit
 .text.PTMSYSM_ConfigureNew3DSCPU
                0x0010712c       0x34 /opt/devkitpro/libctru/lib/libctru.a(ptmsysm.o)
                0x0010712c                PTMSYSM_ConfigureNew3DSCPU
 .text.srvPmGetSessionHandle
                0x00107160        0xc /opt/devkitpro/libctru/lib/libctru.a(srvpm.o)
                0x00107160                srvPmGetSessionHandle
 .text.rbtree_find
                0x0010716c       0x74 /opt/devkitpro/libctru/lib/libctru.a(rbtree_find.o)
                0x0010716c                rbtree_find
 .text.rbtree_init
                0x001071e0       0x10 /opt/devkitpro/libctru/lib/libctru.a(rbtree_init.o)
                0x001071e0                rbtree_init
 .text.do_insert
                0x001071f0      0x19c /opt/devkitpro/libctru/lib/libctru.a(rbtree_insert.o)
 .text.rbtree_insert
                0x0010738c        0x8 /opt/devkitpro/libctru/lib/libctru.a(rbtree_insert.o)
                0x0010738c                rbtree_insert
 .text.rbtree_remove
                0x00107394      0x310 /opt/devkitpro/libctru/lib/libctru.a(rbtree_remove.o)
                0x00107394                rbtree_remove
 .text.rbtree_rotate
                0x001076a4       0x90 /opt/devkitpro/libctru/lib/libctru.a(rbtree_rotate.o)
                0x001076a4                rbtree_rotate
 *fill*         0x00107734        0x4 
 .text.__system_allocateHeaps
                0x00107738      0x1e0 /opt/devkitpro/libctru/lib/libctru.a(allocateHeaps.o)
                0x00107738                __system_allocateHeaps
 .text.__appExit
                0x00107918       0x30 /opt/devkitpro/libctru/lib/libctru.a(appExit.o)
                0x00107918                __appExit
 .text.__appInit
                0x00107948       0x30 /opt/devkitpro/libctru/lib/libctru.a(appInit.o)
                0x00107948                __appInit
 .text.__libctru_exit
                0x00107978       0x90 /opt/devkitpro/libctru/lib/libctru.a(ctru_exit.o)
                0x00107978                __libctru_exit
 .text.archive_link
                0x00107a08       0x14 /opt/devkitpro/libctru/lib/libctru.a(archive_dev.o)
 .text.archive_dirreset
                0x00107a1c       0x14 /opt/devkitpro/libctru/lib/libctru.a(archive_dev.o)
 .text.archive_chmod
                0x00107a30       0x14 /opt/devkitpro/libctru/lib/libctru.a(archive_dev.o)
 .text.error_cmp
                0x00107a44       0x24 /opt/devkitpro/libctru/lib/libctru.a(archive_dev.o)
 .text.archive_translate_error
                0x00107a68       0x50 /opt/devkitpro/libctru/lib/libctru.a(archive_dev.o)
 .text.archive_seek
                0x00107ab8       0xc4 /opt/devkitpro/libctru/lib/libctru.a(archive_dev.o)
 .text._archiveInit.part.0
                0x00107b7c       0x78 /opt/devkitpro/libctru/lib/libctru.a(archive_dev.o)
 .text.archiveFindDevice.part.0
                0x00107bf4       0xc4 /opt/devkitpro/libctru/lib/libctru.a(archive_dev.o)
 .text.archive_utf16path
                0x00107cb8      0x290 /opt/devkitpro/libctru/lib/libctru.a(archive_dev.o)
 .text._archiveUnmountDeviceStruct.part.0
                0x00107f48       0x9c /opt/devkitpro/libctru/lib/libctru.a(archive_dev.o)
 .text.archive_statvfs
                0x00107fe4       0x14 /opt/devkitpro/libctru/lib/libctru.a(archive_dev.o)
 .text.archive_fchmod
                0x00107ff8       0x14 /opt/devkitpro/libctru/lib/libctru.a(archive_dev.o)
 .text._archiveMountDevice
                0x0010800c      0x168 /opt/devkitpro/libctru/lib/libctru.a(archive_dev.o)
 .text.archive_diropen
                0x00108174       0xe8 /opt/devkitpro/libctru/lib/libctru.a(archive_dev.o)
 .text.archive_fstat
                0x0010825c       0xa4 /opt/devkitpro/libctru/lib/libctru.a(archive_dev.o)
 .text.archive_fsync
                0x00108300       0x6c /opt/devkitpro/libctru/lib/libctru.a(archive_dev.o)
 .text.archive_close
                0x0010836c       0x6c /opt/devkitpro/libctru/lib/libctru.a(archive_dev.o)
 .text.archive_dirclose
                0x001083d8       0x70 /opt/devkitpro/libctru/lib/libctru.a(archive_dev.o)
 .text.sdmc_statvfs
                0x00108448       0xe4 /opt/devkitpro/libctru/lib/libctru.a(archive_dev.o)
 .text.archive_chdir
                0x0010852c       0xec /opt/devkitpro/libctru/lib/libctru.a(archive_dev.o)
 .text.archive_ftruncate
                0x00108618       0x7c /opt/devkitpro/libctru/lib/libctru.a(archive_dev.o)
 .text.archive_read
                0x00108694       0xac /opt/devkitpro/libctru/lib/libctru.a(archive_dev.o)
 .text.archive_unlink
                0x00108740       0xa4 /opt/devkitpro/libctru/lib/libctru.a(archive_dev.o)
 .text.archive_rmdir
                0x001087e4       0xbc /opt/devkitpro/libctru/lib/libctru.a(archive_dev.o)
 .text.archive_mkdir
                0x001088a0       0xdc /opt/devkitpro/libctru/lib/libctru.a(archive_dev.o)
 .text.archive_stat
                0x0010897c      0x194 /opt/devkitpro/libctru/lib/libctru.a(archive_dev.o)
 .text.archive_dirnext
                0x00108b10      0x15c /opt/devkitpro/libctru/lib/libctru.a(archive_dev.o)
 .text.archive_write
                0x00108c6c      0x124 /opt/devkitpro/libctru/lib/libctru.a(archive_dev.o)
 .text.archive_open
                0x00108d90      0x210 /opt/devkitpro/libctru/lib/libctru.a(archive_dev.o)
 .text.archive_rename
                0x00108fa0      0x268 /opt/devkitpro/libctru/lib/libctru.a(archive_dev.o)
 .text.archiveMountSdmc
                0x00109208      0x19c /opt/devkitpro/libctru/lib/libctru.a(archive_dev.o)
                0x00109208                archiveMountSdmc
 .text.archiveUnmountAll
                0x001093a4       0x54 /opt/devkitpro/libctru/lib/libctru.a(archive_dev.o)
                0x001093a4                archiveUnmountAll
 .text.fsInit   0x001093f8       0xd0 /opt/devkitpro/libctru/lib/libctru.a(fs.o)
                0x001093f8                fsInit
 .text.fsExit   0x001094c8       0x3c /opt/devkitpro/libctru/lib/libctru.a(fs.o)
                0x001094c8                fsExit
 .text.fsExemptFromSession
                0x00109504       0x60 /opt/devkitpro/libctru/lib/libctru.a(fs.o)
                0x00109504                fsExemptFromSession
 .text.fsUnexemptFromSession
                0x00109564       0x50 /opt/devkitpro/libctru/lib/libctru.a(fs.o)
                0x00109564                fsUnexemptFromSession
 .text.FSUSER_OpenFile
                0x001095b4       0xcc /opt/devkitpro/libctru/lib/libctru.a(fs.o)
                0x001095b4                FSUSER_OpenFile
 .text.FSUSER_DeleteFile
                0x00109680       0xbc /opt/devkitpro/libctru/lib/libctru.a(fs.o)
                0x00109680                FSUSER_DeleteFile
 .text.FSUSER_RenameFile
                0x0010973c       0xf8 /opt/devkitpro/libctru/lib/libctru.a(fs.o)
                0x0010973c                FSUSER_RenameFile
 .text.FSUSER_DeleteDirectory
                0x00109834       0xbc /opt/devkitpro/libctru/lib/libctru.a(fs.o)
                0x00109834                FSUSER_DeleteDirectory
 .text.FSUSER_CreateFile
                0x001098f0       0xd4 /opt/devkitpro/libctru/lib/libctru.a(fs.o)
                0x001098f0                FSUSER_CreateFile
 .text.FSUSER_CreateDirectory
                0x001099c4       0xc4 /opt/devkitpro/libctru/lib/libctru.a(fs.o)
                0x001099c4                FSUSER_CreateDirectory
 .text.FSUSER_RenameDirectory
                0x00109a88       0xf8 /opt/devkitpro/libctru/lib/libctru.a(fs.o)
                0x00109a88                FSUSER_RenameDirectory
 .text.FSUSER_OpenDirectory
                0x00109b80       0xb4 /opt/devkitpro/libctru/lib/libctru.a(fs.o)
                0x00109b80                FSUSER_OpenDirectory
 .text.FSUSER_OpenArchive
                0x00109c34       0x94 /opt/devkitpro/libctru/lib/libctru.a(fs.o)
                0x00109c34                FSUSER_OpenArchive
 .text.FSUSER_CloseArchive
                0x00109cc8       0x8c /opt/devkitpro/libctru/lib/libctru.a(fs.o)
                0x00109cc8                FSUSER_CloseArchive
 .text.FSUSER_GetSdmcArchiveResource
                0x00109d54       0x74 /opt/devkitpro/libctru/lib/libctru.a(fs.o)
                0x00109d54                FSUSER_GetSdmcArchiveResource
 .text.FSUSER_IsSdmcWritable
                0x00109dc8       0x64 /opt/devkitpro/libctru/lib/libctru.a(fs.o)
                0x00109dc8                FSUSER_IsSdmcWritable
 .text.FSFILE_Read
                0x00109e2c       0x58 /opt/devkitpro/libctru/lib/libctru.a(fs.o)
                0x00109e2c                FSFILE_Read
 .text.FSFILE_Write
                0x00109e84       0x60 /opt/devkitpro/libctru/lib/libctru.a(fs.o)
                0x00109e84                FSFILE_Write
 .text.FSFILE_GetSize
                0x00109ee4       0x38 /opt/devkitpro/libctru/lib/libctru.a(fs.o)
                0x00109ee4                FSFILE_GetSize
 .text.FSFILE_SetSize
                0x00109f1c       0x28 /opt/devkitpro/libctru/lib/libctru.a(fs.o)
                0x00109f1c                FSFILE_SetSize
 .text.FSFILE_Close
                0x00109f44       0x3c /opt/devkitpro/libctru/lib/libctru.a(fs.o)
                0x00109f44                FSFILE_Close
 .text.FSFILE_Flush
                0x00109f80       0x24 /opt/devkitpro/libctru/lib/libctru.a(fs.o)
                0x00109f80                FSFILE_Flush
 .text.FSDIR_Read
                0x00109fa4       0x50 /opt/devkitpro/libctru/lib/libctru.a(fs.o)
                0x00109fa4                FSDIR_Read
 .text.FSDIR_Close
                0x00109ff4       0x3c /opt/devkitpro/libctru/lib/libctru.a(fs.o)
                0x00109ff4                FSDIR_Close
 .text.rbtree_node_next
                0x0010a030       0x5c /opt/devkitpro/libctru/lib/libctru.a(rbtree_iterator.o)
                0x0010a030                rbtree_node_next
 .text.decode_utf8
                0x0010a08c      0x13c /opt/devkitpro/libctru/lib/libctru.a(decode_utf8.o)
                0x0010a08c                decode_utf8
 .text.utf16_to_utf8
                0x0010a1c8       0xe8 /opt/devkitpro/libctru/lib/libctru.a(utf16_to_utf8.o)
                0x0010a1c8                utf16_to_utf8
 .text.utf8_to_utf16
                0x0010a2b0       0xc0 /opt/devkitpro/libctru/lib/libctru.a(utf8_to_utf16.o)
                0x0010a2b0                utf8_to_utf16
 .text.__aeabi_read_tp
                0x0010a370        0xc /opt/devkitpro/libctru/lib/libctru.a(readtp.o)
                0x0010a370                __aeabi_read_tp
 .text.decode_utf16
                0x0010a37c       0x64 /opt/devkitpro/libctru/lib/libctru.a(decode_utf16.o)
                0x0010a37c                decode_utf16
 .text.encode_utf16
                0x0010a3e0       0x54 /opt/devkitpro/libctru/lib/libctru.a(encode_utf16.o)
                0x0010a3e0                encode_utf16
 .text.encode_utf8
                0x0010a434       0xe0 /opt/devkitpro/libctru/lib/libctru.a(encode_utf8.o)
                0x0010a434                encode_utf8
 .text.__udivmoddi4
                0x0010a514      0x120 /opt/devkitpro/devkitARM/bin/../lib/gcc/arm-none-eabi/14.2.0/armv6k/fpu/libgcc.a(_udivmoddi4.o)
                0x0010a514                __udivmoddi4
 .text.strncmp  0x0010a634       0xd8 /opt/devkitpro/devkitARM/bin/../lib/gcc/arm-none-eabi/14.2.0/../../../../arm-none-eabi/lib/armv6k/fpu/libg.a(libc_a-strncmp.o)
                0x0010a634                strncmp
 .text.strlen   0x0010a70c       0x5c /opt/devkitpro/devkitARM/bin/../lib/gcc/arm-none-eabi/14.2.0/../../../../arm-none-eabi/lib/armv6k/fpu/libg.a(libc_a-strlen-stub.o)
                0x0010a70c                strlen
 .text.putchar  0x0010a768       0x1c /opt/devkitpro/devkitARM/bin/../lib/gcc/arm-none-eabi/14.2.0/../../../../arm-none-eabi/lib/armv6k/fpu/libg.a(libc_a-putchar.o)
                0x0010a768                putchar
 .text._strtoul_l.isra.0
                0x0010a784      0x1e4 /opt/devkitpro/devkitARM/bin/../lib/gcc/arm-none-eabi/14.2.0/../../../../arm-none-eabi/lib/armv6k/fpu/libg.a(libc_a-strtoul.o)
 .text.strtoul  0x0010a968       0x34 /opt/devkitpro/devkitARM/bin/../lib/gcc/arm-none-eabi/14.2.0/../../../../arm-none-eabi/lib/armv6k/fpu/libg.a(libc_a-strtoul.o)
                0x0010a968                strtoul
 .text.strncat  0x0010a99c       0xe4 /opt/devkitpro/devkitARM/bin/../lib/gcc/arm-none-eabi/14.2.0/../../../../arm-none-eabi/lib/armv6k/fpu/libg.a(libc_a-strncat.o)
                0x0010a99c                strncat
 .text.bsearch  0x0010aa80       0x78 /opt/devkitpro/devkitARM/bin/../lib/gcc/arm-none-eabi/14.2.0/../../../../arm-none-eabi/lib/armv6k/fpu/libg.a(libc_a-bsearch.o)
                0x0010aa80                bsearch
 .text.memalign
                0x0010aaf8       0x20 /opt/devkitpro/devkitARM/bin/../lib/gcc/arm-none-eabi/14.2.0/../../../../arm-none-eabi/lib/armv6k/fpu/libg.a(libc_a-malign.o)
                0x0010aaf8                memalign
 .text.stdio_exit_handler
                0x0010ab18       0x1c /opt/devkitpro/devkitARM/bin/../lib/gcc/arm-none-eabi/14.2.0/../../../../arm-none-eabi/lib/armv6k/fpu/libg.a(libc_a-findfp.o)
 .text.cleanup_stdio
                0x0010ab34       0x5c /opt/devkitpro/devkitARM/bin/../lib/gcc/arm-none-eabi/14.2.0/../../../../arm-none-eabi/lib/armv6k/fpu/libg.a(libc_a-findfp.o)
 .text.global_stdio_init.part.0
                0x0010ab90      0x154 /opt/devkitpro/devkitARM/bin/../lib/gcc/arm-none-eabi/14.2.0/../../../../arm-none-eabi/lib/armv6k/fpu/libg.a(libc_a-findfp.o)
 .text.__sinit  0x0010ace4       0x5c /opt/devkitpro/devkitARM/bin/../lib/gcc/arm-none-eabi/14.2.0/../../../../arm-none-eabi/lib/armv6k/fpu/libg.a(libc_a-findfp.o)
                0x0010ace4                __sinit
 .text.__sfp_lock_acquire
                0x0010ad40        0xc /opt/devkitpro/devkitARM/bin/../lib/gcc/arm-none-eabi/14.2.0/../../../../arm-none-eabi/lib/armv6k/fpu/libg.a(libc_a-findfp.o)
                0x0010ad40                __sfp_lock_acquire
 .text.__sfp_lock_release
                0x0010ad4c        0xc /opt/devkitpro/devkitARM/bin/../lib/gcc/arm-none-eabi/14.2.0/../../../../arm-none-eabi/lib/armv6k/fpu/libg.a(libc_a-findfp.o)
                0x0010ad4c                __sfp_lock_release
 .text._malloc_r
                0x0010ad58      0x7e8 /opt/devkitpro/devkitARM/bin/../lib/gcc/arm-none-eabi/14.2.0/../../../../arm-none-eabi/lib/armv6k/fpu/libg.a(libc_a-mallocr.o)
                0x0010ad58                _malloc_r
 .text._putc_r  0x0010b540       0xdc /opt/devkitpro/devkitARM/bin/../lib/gcc/arm-none-eabi/14.2.0/../../../../arm-none-eabi/lib/armv6k/fpu/libg.a(libc_a-putc.o)
                0x0010b540                _putc_r
 .text._malloc_trim_r
                0x0010b61c       0xf8 /opt/devkitpro/devkitARM/bin/../lib/gcc/arm-none-eabi/14.2.0/../../../../arm-none-eabi/lib/armv6k/fpu/libg.a(libc_a-freer.o)
                0x0010b61c                _malloc_trim_r
 .text._free_r  0x0010b714      0x300 /opt/devkitpro/devkitARM/bin/../lib/gcc/arm-none-eabi/14.2.0/../../../../arm-none-eabi/lib/armv6k/fpu/libg.a(libc_a-freer.o)
                0x0010b714                _free_r
 .text.setvbuf  0x0010ba14      0x294 /opt/devkitpro/devkitARM/bin/../lib/gcc/arm-none-eabi/14.2.0/../../../../arm-none-eabi/lib/armv6k/fpu/libg.a(libc_a-setvbuf.o)
                0x0010ba14                setvbuf
 .text.strnlen  0x0010bca8       0x4c /opt/devkitpro/devkitARM/bin/../lib/gcc/arm-none-eabi/14.2.0/../../../../arm-none-eabi/lib/armv6k/fpu/libg.a(libc_a-strnlen.o)
                0x0010bca8                strnlen
 .text.__errno  0x0010bcf4        0xc /opt/devkitpro/devkitARM/bin/../lib/gcc/arm-none-eabi/14.2.0/../../../../arm-none-eabi/lib/armv6k/fpu/libg.a(libc_a-errno.o)
                0x0010bcf4                __errno
 .text.malloc   0x0010bd00       0x34 /opt/devkitpro/devkitARM/bin/../lib/gcc/arm-none-eabi/14.2.0/../../../../arm-none-eabi/lib/armv6k/fpu/libg.a(libc_a-malloc.o)
                0x0010bd00                malloc
 .text.free     0x0010bd34       0x18 /opt/devkitpro/devkitARM/bin/../lib/gcc/arm-none-eabi/14.2.0/../../../../arm-none-eabi/lib/armv6k/fpu/libg.a(libc_a-malloc.o)
                0x0010bd34                free
 .text.memcpy   0x0010bd4c      0x130 /opt/devkitpro/devkitARM/bin/../lib/gcc/arm-none-eabi/14.2.0/../../../../arm-none-eabi/lib/armv6k/fpu/libg.a(libc_a-memcpy-stub.o)
                0x0010bd4c                memcpy
 .text.printf   0x0010be7c       0x34 /opt/devkitpro/devkitARM/bin/../lib/gcc/arm-none-eabi/14.2.0/../../../../arm-none-eabi/lib/armv6k/fpu/libg.a(libc_a-printf.o)
                0x0010be7c                printf
 .text._puts_r  0x0010beb0       0xe0 /opt/devkitpro/devkitARM/bin/../lib/gcc/arm-none-eabi/14.2.0/../../../../arm-none-eabi/lib/armv6k/fpu/libg.a(libc_a-puts.o)
                0x0010beb0                _puts_r
 .text.puts     0x0010bf90       0x18 /opt/devkitpro/devkitARM/bin/../lib/gcc/arm-none-eabi/14.2.0/../../../../arm-none-eabi/lib/armv6k/fpu/libg.a(libc_a-puts.o)
                0x0010bf90                puts
 .text.memset   0x0010bfa8       0xe8 /opt/devkitpro/devkitARM/bin/../lib/gcc/arm-none-eabi/14.2.0/../../../../arm-none-eabi/lib/armv6k/fpu/libg.a(libc_a-memset.o)
                0x0010bfa8                memset
 .text._fwalk_sglue
                0x0010c090       0x70 /opt/devkitpro/devkitARM/bin/../lib/gcc/arm-none-eabi/14.2.0/../../../../arm-none-eabi/lib/armv6k/fpu/libg.a(libc_a-fwalk.o)
                0x0010c090                _fwalk_sglue
 .text.__malloc_lock
                0x0010c100        0xc /opt/devkitpro/devkitARM/bin/../lib/gcc/arm-none-eabi/14.2.0/../../../../arm-none-eabi/lib/armv6k/fpu/libg.a(libc_a-mlock.o)
                0x0010c100                __malloc_lock
 .text.__malloc_unlock
                0x0010c10c        0xc /opt/devkitpro/devkitARM/bin/../lib/gcc/arm-none-eabi/14.2.0/../../../../arm-none-eabi/lib/armv6k/fpu/libg.a(libc_a-mlock.o)
                0x0010c10c                __malloc_unlock
 .text.__call_exitprocs
                0x0010c118        0x4 /opt/devkitpro/devkitARM/bin/../lib/gcc/arm-none-eabi/14.2.0/../../../../arm-none-eabi/lib/armv6k/fpu/libg.a(libc_a-exit.o)
                0x0010c118                __call_exitprocs
 .text.exit     0x0010c11c       0x30 /opt/devkitpro/devkitARM/bin/../lib/gcc/arm-none-eabi/14.2.0/../../../../arm-none-eabi/lib/armv6k/fpu/libg.a(libc_a-exit.o)
                0x0010c11c                exit
 .text.strncpy  0x0010c14c       0xc4 /opt/devkitpro/devkitARM/bin/../lib/gcc/arm-none-eabi/14.2.0/../../../../arm-none-eabi/lib/armv6k/fpu/libg.a(libc_a-strncpy.o)
                0x0010c14c                strncpy
 .text.__libc_init_array
                0x0010c210       0x84 /opt/devkitpro/devkitARM/bin/../lib/gcc/arm-none-eabi/14.2.0/../../../../arm-none-eabi/lib/armv6k/fpu/libg.a(libc_a-init.o)
                0x0010c210                __libc_init_array
 .text.__sflush_r
                0x0010c294      0x228 /opt/devkitpro/devkitARM/bin/../lib/gcc/arm-none-eabi/14.2.0/../../../../arm-none-eabi/lib/armv6k/fpu/libg.a(libc_a-fflush.o)
                0x0010c294                __sflush_r
 .text._fflush_r
                0x0010c4bc       0x94 /opt/devkitpro/devkitARM/bin/../lib/gcc/arm-none-eabi/14.2.0/../../../../arm-none-eabi/lib/armv6k/fpu/libg.a(libc_a-fflush.o)
                0x0010c4bc                _fflush_r
 .text.__sfvwrite_r
                0x0010c550      0x480 /opt/devkitpro/devkitARM/bin/../lib/gcc/arm-none-eabi/14.2.0/../../../../arm-none-eabi/lib/armv6k/fpu/libg.a(libc_a-fvwrite.o)
                0x0010c550                __sfvwrite_r
 .text._memalign_r
                0x0010c9d0      0x150 /opt/devkitpro/devkitARM/bin/../lib/gcc/arm-none-eabi/14.2.0/../../../../arm-none-eabi/lib/armv6k/fpu/libg.a(libc_a-malignr.o)
                0x0010c9d0                _memalign_r
 .text.memchr   0x0010cb20       0xe0 /opt/devkitpro/devkitARM/bin/../lib/gcc/arm-none-eabi/14.2.0/../../../../arm-none-eabi/lib/armv6k/fpu/libg.a(libc_a-memchr-stub.o)
                0x0010cb20                memchr
 .text.__swbuf_r
                0x0010cc00      0x108 /opt/devkitpro/devkitARM/bin/../lib/gcc/arm-none-eabi/14.2.0/../../../../arm-none-eabi/lib/armv6k/fpu/libg.a(libc_a-wbuf.o)
                0x0010cc00                __swbuf_r
 .text.__libc_fini_array
                0x0010cd08       0x3c /opt/devkitpro/devkitARM/bin/../lib/gcc/arm-none-eabi/14.2.0/../../../../arm-none-eabi/lib/armv6k/fpu/libg.a(libc_a-fini.o)
                0x0010cd08                __libc_fini_array
 .text.__sread  0x0010cd44       0x44 /opt/devkitpro/devkitARM/bin/../lib/gcc/arm-none-eabi/14.2.0/../../../../arm-none-eabi/lib/armv6k/fpu/libg.a(libc_a-stdio.o)
                0x0010cd44                __sread
 .text.__swrite
                0x0010cd88       0x68 /opt/devkitpro/devkitARM/bin/../lib/gcc/arm-none-eabi/14.2.0/../../../../arm-none-eabi/lib/armv6k/fpu/libg.a(libc_a-stdio.o)
                0x0010cd88                __swrite
 .text.__sseek  0x0010cdf0       0x40 /opt/devkitpro/devkitARM/bin/../lib/gcc/arm-none-eabi/14.2.0/../../../../arm-none-eabi/lib/armv6k/fpu/libg.a(libc_a-stdio.o)
                0x0010cdf0                __sseek
 .text.__sclose
                0x0010ce30        0x8 /opt/devkitpro/devkitARM/bin/../lib/gcc/arm-none-eabi/14.2.0/../../../../arm-none-eabi/lib/armv6k/fpu/libg.a(libc_a-stdio.o)
                0x0010ce30                __sclose
 .text._fclose_r
                0x0010ce38      0x148 /opt/devkitpro/devkitARM/bin/../lib/gcc/arm-none-eabi/14.2.0/../../../../arm-none-eabi/lib/armv6k/fpu/libg.a(libc_a-fclose.o)
                0x0010ce38                _fclose_r
 .text.get_arg  0x0010cf80      0x5e4 /opt/devkitpro/devkitARM/bin/../lib/gcc/arm-none-eabi/14.2.0/../../../../arm-none-eabi/lib/armv6k/fpu/libg.a(libc_a-vfprintf.o)
 *fill*         0x0010d564        0x4 
 .text._vfprintf_r
                0x0010d568     0x342c /opt/devkitpro/devkitARM/bin/../lib/gcc/arm-none-eabi/14.2.0/../../../../arm-none-eabi/lib/armv6k/fpu/libg.a(libc_a-vfprintf.o)
                0x0010d568                _vfprintf_r
 .text.__sbprintf
                0x00110994       0xb8 /opt/devkitpro/devkitARM/bin/../lib/gcc/arm-none-eabi/14.2.0/../../../../arm-none-eabi/lib/armv6k/fpu/libg.a(libc_a-vfprintf.o)
 .text.__smakebuf_r
                0x00110a4c      0x144 /opt/devkitpro/devkitARM/bin/../lib/gcc/arm-none-eabi/14.2.0/../../../../arm-none-eabi/lib/armv6k/fpu/libg.a(libc_a-makebuf.o)
                0x00110a4c                __smakebuf_r
 .text.__swhatbuf_r
                0x00110b90       0x8c /opt/devkitpro/devkitARM/bin/../lib/gcc/arm-none-eabi/14.2.0/../../../../arm-none-eabi/lib/armv6k/fpu/libg.a(libc_a-makebuf.o)
                0x00110b90                __swhatbuf_r
 .text.quorem   0x00110c1c      0x1b4 /opt/devkitpro/devkitARM/bin/../lib/gcc/arm-none-eabi/14.2.0/../../../../arm-none-eabi/lib/armv6k/fpu/libg.a(libc_a-dtoa.o)
 .text._dtoa_r  0x00110dd0     0x1370 /opt/devkitpro/devkitARM/bin/../lib/gcc/arm-none-eabi/14.2.0/../../../../arm-none-eabi/lib/armv6k/fpu/libg.a(libc_a-dtoa.o)
                0x00110dd0                _dtoa_r
 .text._wcrtomb_r
                0x00112140       0xa0 /opt/devkitpro/devkitARM/bin/../lib/gcc/arm-none-eabi/14.2.0/../../../../arm-none-eabi/lib/armv6k/fpu/libg.a(libc_a-wcrtomb.o)
                0x00112140                _wcrtomb_r
 .text._realloc_r
                0x001121e0      0x4a4 /opt/devkitpro/devkitARM/bin/../lib/gcc/arm-none-eabi/14.2.0/../../../../arm-none-eabi/lib/armv6k/fpu/libg.a(libc_a-reallocr.o)
                0x001121e0                _realloc_r
 .text._wcsrtombs_r
                0x00112684       0x28 /opt/devkitpro/devkitARM/bin/../lib/gcc/arm-none-eabi/14.2.0/../../../../arm-none-eabi/lib/armv6k/fpu/libg.a(libc_a-wcsrtombs.o)
                0x00112684                _wcsrtombs_r
 .text.__swsetup_r
                0x001126ac      0x194 /opt/devkitpro/devkitARM/bin/../lib/gcc/arm-none-eabi/14.2.0/../../../../arm-none-eabi/lib/armv6k/fpu/libg.a(libc_a-wsetup.o)
                0x001126ac                __swsetup_r
 .text.frexp    0x00112840       0x88 /opt/devkitpro/devkitARM/bin/../lib/gcc/arm-none-eabi/14.2.0/../../../../arm-none-eabi/lib/armv6k/fpu/libg.a(libm_a-s_frexp.o)
                0x00112840                frexp
 .text.memmove  0x001128c8      0x160 /opt/devkitpro/devkitARM/bin/../lib/gcc/arm-none-eabi/14.2.0/../../../../arm-none-eabi/lib/armv6k/fpu/libg.a(libc_a-memmove.o)
                0x001128c8                memmove
 .text.__assert_func
                0x00112a28       0x5c /opt/devkitpro/devkitARM/bin/../lib/gcc/arm-none-eabi/14.2.0/../../../../arm-none-eabi/lib/armv6k/fpu/libg.a(libc_a-assert.o)
                0x00112a28                __assert_func
 .text._Balloc  0x00112a84       0x88 /opt/devkitpro/devkitARM/bin/../lib/gcc/arm-none-eabi/14.2.0/../../../../arm-none-eabi/lib/armv6k/fpu/libg.a(libc_a-mprec.o)
                0x00112a84                _Balloc
 .text._Bfree   0x00112b0c       0x1c /opt/devkitpro/devkitARM/bin/../lib/gcc/arm-none-eabi/14.2.0/../../../../arm-none-eabi/lib/armv6k/fpu/libg.a(libc_a-mprec.o)
                0x00112b0c                _Bfree
 .text.__multadd
                0x00112b28       0xf4 /opt/devkitpro/devkitARM/bin/../lib/gcc/arm-none-eabi/14.2.0/../../../../arm-none-eabi/lib/armv6k/fpu/libg.a(libc_a-mprec.o)
                0x00112b28                __multadd
 .text.__hi0bits
                0x00112c1c       0x80 /opt/devkitpro/devkitARM/bin/../lib/gcc/arm-none-eabi/14.2.0/../../../../arm-none-eabi/lib/armv6k/fpu/libg.a(libc_a-mprec.o)
                0x00112c1c                __hi0bits
 .text.__lo0bits
                0x00112c9c       0xf4 /opt/devkitpro/devkitARM/bin/../lib/gcc/arm-none-eabi/14.2.0/../../../../arm-none-eabi/lib/armv6k/fpu/libg.a(libc_a-mprec.o)
                0x00112c9c                __lo0bits
 .text.__i2b    0x00112d90       0xa4 /opt/devkitpro/devkitARM/bin/../lib/gcc/arm-none-eabi/14.2.0/../../../../arm-none-eabi/lib/armv6k/fpu/libg.a(libc_a-mprec.o)
                0x00112d90                __i2b
 .text.__multiply
                0x00112e34      0x208 /opt/devkitpro/devkitARM/bin/../lib/gcc/arm-none-eabi/14.2.0/../../../../arm-none-eabi/lib/armv6k/fpu/libg.a(libc_a-mprec.o)
                0x00112e34                __multiply
 .text.__pow5mult
                0x0011303c      0x130 /opt/devkitpro/devkitARM/bin/../lib/gcc/arm-none-eabi/14.2.0/../../../../arm-none-eabi/lib/armv6k/fpu/libg.a(libc_a-mprec.o)
                0x0011303c                __pow5mult
 .text.__lshift
                0x0011316c      0x138 /opt/devkitpro/devkitARM/bin/../lib/gcc/arm-none-eabi/14.2.0/../../../../arm-none-eabi/lib/armv6k/fpu/libg.a(libc_a-mprec.o)
                0x0011316c                __lshift
 .text.__mcmp   0x001132a4       0x58 /opt/devkitpro/devkitARM/bin/../lib/gcc/arm-none-eabi/14.2.0/../../../../arm-none-eabi/lib/armv6k/fpu/libg.a(libc_a-mprec.o)
                0x001132a4                __mcmp
 .text.__mdiff  0x001132fc      0x1f0 /opt/devkitpro/devkitARM/bin/../lib/gcc/arm-none-eabi/14.2.0/../../../../arm-none-eabi/lib/armv6k/fpu/libg.a(libc_a-mprec.o)
                0x001132fc                __mdiff
 .text.__d2b    0x001134ec      0x120 /opt/devkitpro/devkitARM/bin/../lib/gcc/arm-none-eabi/14.2.0/../../../../arm-none-eabi/lib/armv6k/fpu/libg.a(libc_a-mprec.o)
                0x001134ec                __d2b
 .text.__locale_mb_cur_max
                0x0011360c       0x24 /opt/devkitpro/devkitARM/bin/../lib/gcc/arm-none-eabi/14.2.0/../../../../arm-none-eabi/lib/armv6k/fpu/libg.a(libc_a-locale.o)
                0x0011360c                __locale_mb_cur_max
 .text.fiprintf
                0x00113630       0x3c /opt/devkitpro/devkitARM/bin/../lib/gcc/arm-none-eabi/14.2.0/../../../../arm-none-eabi/lib/armv6k/fpu/libg.a(libc_a-fiprintf.o)
                0x00113630                fiprintf
 .text._wcsnrtombs_l
                0x0011366c      0x160 /opt/devkitpro/devkitARM/bin/../lib/gcc/arm-none-eabi/14.2.0/../../../../arm-none-eabi/lib/armv6k/fpu/libg.a(libc_a-wcsnrtombs.o)
                0x0011366c                _wcsnrtombs_l
 .text._wcsnrtombs_r
                0x001137cc       0x64 /opt/devkitpro/devkitARM/bin/../lib/gcc/arm-none-eabi/14.2.0/../../../../arm-none-eabi/lib/armv6k/fpu/libg.a(libc_a-wcsnrtombs.o)
                0x001137cc                _wcsnrtombs_r
 .text.__utf8_mbtowc
                0x00113830      0x324 /opt/devkitpro/devkitARM/bin/../lib/gcc/arm-none-eabi/14.2.0/../../../../arm-none-eabi/lib/armv6k/fpu/libg.a(libc_a-mbtowc_r.o)
                0x00113830                __utf8_mbtowc
 .text.__sprint_r
                0x00113b54       0x30 /opt/devkitpro/devkitARM/bin/../lib/gcc/arm-none-eabi/14.2.0/../../../../arm-none-eabi/lib/armv6k/fpu/libg.a(libc_a-sprint_r.o)
                0x00113b54                __sprint_r
 .text.abort    0x00113b84       0x14 /opt/devkitpro/devkitARM/bin/../lib/gcc/arm-none-eabi/14.2.0/../../../../arm-none-eabi/lib/armv6k/fpu/libg.a(libc_a-abort.o)
                0x00113b84                abort
 .text._localeconv_r
                0x00113b98       0x24 /opt/devkitpro/devkitARM/bin/../lib/gcc/arm-none-eabi/14.2.0/../../../../arm-none-eabi/lib/armv6k/fpu/libg.a(libc_a-localeconv.o)
                0x00113b98                _localeconv_r
 .text._calloc_r
                0x00113bbc       0xc0 /opt/devkitpro/devkitARM/bin/../lib/gcc/arm-none-eabi/14.2.0/../../../../arm-none-eabi/lib/armv6k/fpu/libg.a(libc_a-callocr.o)
                0x00113bbc                _calloc_r
 .text.__utf8_wctomb
                0x00113c7c       0xf0 /opt/devkitpro/devkitARM/bin/../lib/gcc/arm-none-eabi/14.2.0/../../../../arm-none-eabi/lib/armv6k/fpu/libg.a(libc_a-wctomb_r.o)
                0x00113c7c                __utf8_wctomb
 .text.strchr   0x00113d6c      0x130 /opt/devkitpro/devkitARM/bin/../lib/gcc/arm-none-eabi/14.2.0/../../../../arm-none-eabi/lib/armv6k/fpu/libg.a(libc_a-strchr.o)
                0x00113d6c                strchr
 .text._raise_r
                0x00113e9c       0x90 /opt/devkitpro/devkitARM/bin/../lib/gcc/arm-none-eabi/14.2.0/../../../../arm-none-eabi/lib/armv6k/fpu/libg.a(libc_a-signal.o)
                0x00113e9c                _raise_r
 .text.raise    0x00113f2c       0x18 /opt/devkitpro/devkitARM/bin/../lib/gcc/arm-none-eabi/14.2.0/../../../../arm-none-eabi/lib/armv6k/fpu/libg.a(libc_a-signal.o)
                0x00113f2c                raise
 .text.get_arg  0x00113f44      0x5e4 /opt/devkitpro/devkitARM/bin/../lib/gcc/arm-none-eabi/14.2.0/../../../../arm-none-eabi/lib/armv6k/fpu/libg.a(libc_a-vfiprintf.o)
 .text._vfiprintf_r
                0x00114528     0x2264 /opt/devkitpro/devkitARM/bin/../lib/gcc/arm-none-eabi/14.2.0/../../../../arm-none-eabi/lib/armv6k/fpu/libg.a(libc_a-vfiprintf.o)
                0x00114528                _vfiprintf_r
 .text.__sbprintf
                0x0011678c       0xb8 /opt/devkitpro/devkitARM/bin/../lib/gcc/arm-none-eabi/14.2.0/../../../../arm-none-eabi/lib/armv6k/fpu/libg.a(libc_a-vfiprintf.o)
 .text._exit    0x00116844       0x20 /opt/devkitpro/devkitARM/bin/../lib/gcc/arm-none-eabi/14.2.0/../../../../arm-none-eabi/lib/armv6k/fpu/libsysbase.a(libsysbase_libsysbase_a-_exit.o)
                0x00116844                _exit
 .text.chdir    0x00116864      0x13c /opt/devkitpro/devkitARM/bin/../lib/gcc/arm-none-eabi/14.2.0/../../../../arm-none-eabi/lib/armv6k/fpu/libsysbase.a(libsysbase_libsysbase_a-chdir.o)
                0x00116864                chdir
 .text._concatenate_path
                0x001169a0      0x1cc /opt/devkitpro/devkitARM/bin/../lib/gcc/arm-none-eabi/14.2.0/../../../../arm-none-eabi/lib/armv6k/fpu/libsysbase.a(libsysbase_libsysbase_a-concatenate.o)
                0x001169a0                _concatenate_path
 .text._fstat_r
                0x00116b6c       0x88 /opt/devkitpro/devkitARM/bin/../lib/gcc/arm-none-eabi/14.2.0/../../../../arm-none-eabi/lib/armv6k/fpu/libsysbase.a(libsysbase_libsysbase_a-fstat.o)
                0x00116b6c                _fstat_r
 .text._getpid_r
                0x00116bf4       0x14 /opt/devkitpro/devkitARM/bin/../lib/gcc/arm-none-eabi/14.2.0/../../../../arm-none-eabi/lib/armv6k/fpu/libsysbase.a(libsysbase_libsysbase_a-getpid.o)
                0x00116bf4                _getpid_r
 .text.__getreent
                0x00116c08       0x2c /opt/devkitpro/devkitARM/bin/../lib/gcc/arm-none-eabi/14.2.0/../../../../arm-none-eabi/lib/armv6k/fpu/libsysbase.a(libsysbase_libsysbase_a-getreent.o)
                0x00116c08                __getreent
 .text.__get_handle
                0x00116c34       0x3c /opt/devkitpro/devkitARM/bin/../lib/gcc/arm-none-eabi/14.2.0/../../../../arm-none-eabi/lib/armv6k/fpu/libsysbase.a(libsysbase_libsysbase_a-handle_manager.o)
                0x00116c34                __get_handle
 .text._close_r
                0x00116c70       0xf4 /opt/devkitpro/devkitARM/bin/../lib/gcc/arm-none-eabi/14.2.0/../../../../arm-none-eabi/lib/armv6k/fpu/libsysbase.a(libsysbase_libsysbase_a-handle_manager.o)
                0x00116c70                _close_r
 .text.null_write
                0x00116d64        0x8 /opt/devkitpro/devkitARM/bin/../lib/gcc/arm-none-eabi/14.2.0/../../../../arm-none-eabi/lib/armv6k/fpu/libsysbase.a(libsysbase_libsysbase_a-iosupport.o)
 .text.setDefaultDevice
                0x00116d6c       0x18 /opt/devkitpro/devkitARM/bin/../lib/gcc/arm-none-eabi/14.2.0/../../../../arm-none-eabi/lib/armv6k/fpu/libsysbase.a(libsysbase_libsysbase_a-iosupport.o)
                0x00116d6c                setDefaultDevice
 .text.FindDevice
                0x00116d84       0xc8 /opt/devkitpro/devkitARM/bin/../lib/gcc/arm-none-eabi/14.2.0/../../../../arm-none-eabi/lib/armv6k/fpu/libsysbase.a(libsysbase_libsysbase_a-iosupport.o)
                0x00116d84                FindDevice
 .text.RemoveDevice
                0x00116e4c       0x28 /opt/devkitpro/devkitARM/bin/../lib/gcc/arm-none-eabi/14.2.0/../../../../arm-none-eabi/lib/armv6k/fpu/libsysbase.a(libsysbase_libsysbase_a-iosupport.o)
                0x00116e4c                RemoveDevice
 .text.AddDevice
                0x00116e74       0x98 /opt/devkitpro/devkitARM/bin/../lib/gcc/arm-none-eabi/14.2.0/../../../../arm-none-eabi/lib/armv6k/fpu/libsysbase.a(libsysbase_libsysbase_a-iosupport.o)
                0x00116e74                AddDevice
 .text.GetDeviceOpTab
                0x00116f0c       0x20 /opt/devkitpro/devkitARM/bin/../lib/gcc/arm-none-eabi/14.2.0/../../../../arm-none-eabi/lib/armv6k/fpu/libsysbase.a(libsysbase_libsysbase_a-iosupport.o)
                0x00116f0c                GetDeviceOpTab
 .text._isatty_r
                0x00116f2c        0x8 /opt/devkitpro/devkitARM/bin/../lib/gcc/arm-none-eabi/14.2.0/../../../../arm-none-eabi/lib/armv6k/fpu/libsysbase.a(libsysbase_libsysbase_a-isatty.o)
                0x00116f2c                _isatty_r
 .text._kill_r  0x00116f34       0x14 /opt/devkitpro/devkitARM/bin/../lib/gcc/arm-none-eabi/14.2.0/../../../../arm-none-eabi/lib/armv6k/fpu/libsysbase.a(libsysbase_libsysbase_a-kill.o)
                0x00116f34                _kill_r
 .text._lseek_r
                0x00116f48       0x8c /opt/devkitpro/devkitARM/bin/../lib/gcc/arm-none-eabi/14.2.0/../../../../arm-none-eabi/lib/armv6k/fpu/libsysbase.a(libsysbase_libsysbase_a-lseek.o)
                0x00116f48                _lseek_r
 .text._read_r  0x00116fd4       0x88 /opt/devkitpro/devkitARM/bin/../lib/gcc/arm-none-eabi/14.2.0/../../../../arm-none-eabi/lib/armv6k/fpu/libsysbase.a(libsysbase_libsysbase_a-read.o)
                0x00116fd4                _read_r
 .text._sbrk_r  0x0011705c       0x78 /opt/devkitpro/devkitARM/bin/../lib/gcc/arm-none-eabi/14.2.0/../../../../arm-none-eabi/lib/armv6k/fpu/libsysbase.a(libsysbase_libsysbase_a-sbrk.o)
                0x0011705c                _sbrk_r
 .text.__libc_lock_acquire
                0x001170d4       0x1c /opt/devkitpro/devkitARM/bin/../lib/gcc/arm-none-eabi/14.2.0/../../../../arm-none-eabi/lib/armv6k/fpu/libsysbase.a(libsysbase_libsysbase_a-syscall_support.o)
                0x001170d4                __libc_lock_acquire
 .text.__libc_lock_release
                0x001170f0       0x1c /opt/devkitpro/devkitARM/bin/../lib/gcc/arm-none-eabi/14.2.0/../../../../arm-none-eabi/lib/armv6k/fpu/libsysbase.a(libsysbase_libsysbase_a-syscall_support.o)
                0x001170f0                __libc_lock_release
 .text.__libc_lock_acquire_recursive
                0x0011710c       0x1c /opt/devkitpro/devkitARM/bin/../lib/gcc/arm-none-eabi/14.2.0/../../../../arm-none-eabi/lib/armv6k/fpu/libsysbase.a(libsysbase_libsysbase_a-syscall_support.o)
                0x0011710c                __libc_lock_acquire_recursive
 .text.__libc_lock_release_recursive
                0x00117128       0x1c /opt/devkitpro/devkitARM/bin/../lib/gcc/arm-none-eabi/14.2.0/../../../../arm-none-eabi/lib/armv6k/fpu/libsysbase.a(libsysbase_libsysbase_a-syscall_support.o)
                0x00117128                __libc_lock_release_recursive
 .text._write_r
                0x00117144       0x88 /opt/devkitpro/devkitARM/bin/../lib/gcc/arm-none-eabi/14.2.0/../../../../arm-none-eabi/lib/armv6k/fpu/libsysbase.a(libsysbase_libsysbase_a-write.o)
                0x00117144                _write_r
 .text.strrchr  0x001171cc       0x48 /opt/devkitpro/devkitARM/bin/../lib/gcc/arm-none-eabi/14.2.0/../../../../arm-none-eabi/lib/armv6k/fpu/libg.a(libc_a-strrchr.o)
                0x001171cc                strrchr
 *(.glue_7)
 .glue_7        0x00117214        0x0 linker stubs
 *(.glue_7t)
 .glue_7t       0x00117214        0x0 linker stubs
 *(.stub)
 *(.gnu.warning)
 *(.gnu.linkonce.t*)
                0x00117214                        . = ALIGN (0x4)
 *(.fini)
 .fini          0x00117214        0xc /opt/devkitpro/devkitARM/bin/../lib/gcc/arm-none-eabi/14.2.0/armv6k/fpu/crti.o
                0x00117214                _fini
 .fini          0x00117220        0xc /opt/devkitpro/devkitARM/bin/../lib/gcc/arm-none-eabi/14.2.0/armv6k/fpu/crtn.o
                0x0011722c                        . = ALIGN (0x4)

.vfp11_veneer   0x0011722c        0x0
 .vfp11_veneer  0x0011722c        0x0 linker stubs

.v4_bx          0x0011722c        0x0
 .v4_bx         0x0011722c        0x0 linker stubs

.iplt           0x0011722c        0x0
 .iplt          0x0011722c        0x0 /opt/devkitpro/devkitARM/bin/../lib/gcc/arm-none-eabi/14.2.0/../../../../arm-none-eabi/lib/armv6k/fpu/3dsx_crt0.o
                0x00118000                        . = ALIGN (0x1000)

.rodata         0x00118000     0x1718
 *(.rodata)
 .rodata        0x00118000      0x3dd main.o
 *fill*         0x001183dd        0x3 
 .rodata        0x001183e0        0xc /opt/devkitpro/libctru/lib/libctru.a(archive_dev.o)
 *(.roda)
 *(.rodata.*)
 .rodata.str1.4
                0x001183ec      0x20c main.o
                                 0x31 (size before relaxing)
 .rodata.consoleHandleColorEsc
                0x001185f8       0x6c /opt/devkitpro/libctru/lib/libctru.a(console.o)
 .rodata.consolePrintChar
                0x00118664        0x6 /opt/devkitpro/libctru/lib/libctru.a(console.o)
 .rodata.con_write
                0x0011866a       0x46 /opt/devkitpro/libctru/lib/libctru.a(console.o)
 .rodata.str1.4
                0x001186b0       0x10 /opt/devkitpro/libctru/lib/libctru.a(console.o)
 .rodata.dotab_stdout
                0x001186b0       0x80 /opt/devkitpro/libctru/lib/libctru.a(console.o)
 .rodata.grayScale
                0x00118730       0x18 /opt/devkitpro/libctru/lib/libctru.a(console.o)
 .rodata.colorCube
                0x00118748        0x6 /opt/devkitpro/libctru/lib/libctru.a(console.o)
 *fill*         0x0011874e        0x2 
 .rodata.colorTable
                0x00118750       0x30 /opt/devkitpro/libctru/lib/libctru.a(console.o)
 .rodata.aptSendCommand.str1.4
                0x00118780       0x16 /opt/devkitpro/libctru/lib/libctru.a(apt.o)
 .rodata.aptEventHandler
                0x00118780        0xb /opt/devkitpro/libctru/lib/libctru.a(apt.o)
 .rodata.aptWaitForWakeUp.isra.0
                0x0011878b       0x11 /opt/devkitpro/libctru/lib/libctru.a(apt.o)
 .rodata.morton_y.2
                0x0011879c        0x8 /opt/devkitpro/libctru/lib/libctru.a(apt.o)
 .rodata.morton_x.3
                0x001187a4        0x8 /opt/devkitpro/libctru/lib/libctru.a(apt.o)
 .rodata.s_sleepWakeEvents.4
                0x001187ac        0x8 /opt/devkitpro/libctru/lib/libctru.a(apt.o)
 .rodata.gspInit.str1.4
                0x001187b4        0x9 /opt/devkitpro/libctru/lib/libctru.a(gspgpu.o)
 .rodata.hidInit.str1.4
                0x001187b4       0x15 /opt/devkitpro/libctru/lib/libctru.a(hid.o)
 .rodata.irrstInit.str1.4
                0x001187b4        0x7 /opt/devkitpro/libctru/lib/libctru.a(irrst.o)
 .rodata.__system_initArgv.str1.4
                0x001187b4        0xa /opt/devkitpro/libctru/lib/libctru.a(initArgv.o)
 .rodata.default_font_bin
                0x001187b4      0x800 /opt/devkitpro/libctru/lib/libctru.a(default_font.bin.o)
                0x001187b4                default_font_bin
                0x00118fb4                default_font_bin_end
 .rodata.srvInit.str1.4
                0x00118fb4        0x5 /opt/devkitpro/libctru/lib/libctru.a(srv.o)
 .rodata.ptmSysmInit.str1.4
                0x00118fb4        0x9 /opt/devkitpro/libctru/lib/libctru.a(ptmsysm.o)
 .rodata.archive_utf16path.str1.4
                0x00118fb4        0x2 /opt/devkitpro/libctru/lib/libctru.a(archive_dev.o)
 .rodata._archiveUnmountDeviceStruct.part.0.str1.4
                0x00118fb4        0x2 /opt/devkitpro/libctru/lib/libctru.a(archive_dev.o)
 .rodata._archiveMountDevice.str1.4
                0x00118fb4        0xc /opt/devkitpro/libctru/lib/libctru.a(archive_dev.o)
 .rodata.archiveMountSdmc.str1.4
                0x00118fb4        0x5 /opt/devkitpro/libctru/lib/libctru.a(archive_dev.o)
 .rodata.error_table
                0x00118fb4       0x30 /opt/devkitpro/libctru/lib/libctru.a(archive_dev.o)
 .rodata.str1.4
                0x00118fe4        0x8 /opt/devkitpro/libctru/lib/libctru.a(archive_dev.o)
 .rodata.archive_devoptab
                0x00118fe4       0x80 /opt/devkitpro/libctru/lib/libctru.a(archive_dev.o)
 .rodata.fsInit.str1.4
                0x00119064        0x8 /opt/devkitpro/libctru/lib/libctru.a(fs.o)
 .rodata._ctype_
                0x00119064      0x101 /opt/devkitpro/devkitARM/bin/../lib/gcc/arm-none-eabi/14.2.0/../../../../arm-none-eabi/lib/armv6k/fpu/libg.a(libc_a-ctype_.o)
                0x00119064                _ctype_
 .rodata._puts_r.str1.4
                0x00119165        0x2 /opt/devkitpro/devkitARM/bin/../lib/gcc/arm-none-eabi/14.2.0/../../../../arm-none-eabi/lib/armv6k/fpu/libg.a(libc_a-puts.o)
 *fill*         0x00119165        0x1 
 .rodata.get_arg
                0x00119166       0x34 /opt/devkitpro/devkitARM/bin/../lib/gcc/arm-none-eabi/14.2.0/../../../../arm-none-eabi/lib/armv6k/fpu/libg.a(libc_a-vfprintf.o)
 .rodata._vfprintf_r.str1.1
                0x0011919a       0x3b /opt/devkitpro/devkitARM/bin/../lib/gcc/arm-none-eabi/14.2.0/../../../../arm-none-eabi/lib/armv6k/fpu/libg.a(libc_a-vfprintf.o)
 *fill*         0x001191d5        0x1 
 .rodata._vfprintf_r
                0x001191d6       0xb6 /opt/devkitpro/devkitARM/bin/../lib/gcc/arm-none-eabi/14.2.0/../../../../arm-none-eabi/lib/armv6k/fpu/libg.a(libc_a-vfprintf.o)
 .rodata.zeroes.0
                0x0011928c       0x10 /opt/devkitpro/devkitARM/bin/../lib/gcc/arm-none-eabi/14.2.0/../../../../arm-none-eabi/lib/armv6k/fpu/libg.a(libc_a-vfprintf.o)
 .rodata.blanks.1
                0x0011929c       0x10 /opt/devkitpro/devkitARM/bin/../lib/gcc/arm-none-eabi/14.2.0/../../../../arm-none-eabi/lib/armv6k/fpu/libg.a(libc_a-vfprintf.o)
 .rodata._dtoa_r.str1.4
                0x001192ac       0x6a /opt/devkitpro/devkitARM/bin/../lib/gcc/arm-none-eabi/14.2.0/../../../../arm-none-eabi/lib/armv6k/fpu/libg.a(libc_a-dtoa.o)
 .rodata._dtoa_r
                0x001192ac        0x8 /opt/devkitpro/devkitARM/bin/../lib/gcc/arm-none-eabi/14.2.0/../../../../arm-none-eabi/lib/armv6k/fpu/libg.a(libc_a-dtoa.o)
 .rodata.__action_table
                0x001192b4       0x6c /opt/devkitpro/devkitARM/bin/../lib/gcc/arm-none-eabi/14.2.0/../../../../arm-none-eabi/lib/armv6k/fpu/libg.a(libc_a-svfiprintf.o)
                0x001192b4                __action_table
 .rodata.__state_table
                0x00119320       0x6c /opt/devkitpro/devkitARM/bin/../lib/gcc/arm-none-eabi/14.2.0/../../../../arm-none-eabi/lib/armv6k/fpu/libg.a(libc_a-svfiprintf.o)
                0x00119320                __state_table
 .rodata.__chclass
                0x0011938c      0x100 /opt/devkitpro/devkitARM/bin/../lib/gcc/arm-none-eabi/14.2.0/../../../../arm-none-eabi/lib/armv6k/fpu/libg.a(libc_a-svfiprintf.o)
                0x0011938c                __chclass
 .rodata.__assert_func.str1.4
                0x0011948c       0x43 /opt/devkitpro/devkitARM/bin/../lib/gcc/arm-none-eabi/14.2.0/../../../../arm-none-eabi/lib/armv6k/fpu/libg.a(libc_a-assert.o)
 .rodata.__multadd.str1.4
                0x0011948c       0x57 /opt/devkitpro/devkitARM/bin/../lib/gcc/arm-none-eabi/14.2.0/../../../../arm-none-eabi/lib/armv6k/fpu/libg.a(libc_a-mprec.o)
 .rodata.p05.0  0x0011948c        0xc /opt/devkitpro/devkitARM/bin/../lib/gcc/arm-none-eabi/14.2.0/../../../../arm-none-eabi/lib/armv6k/fpu/libg.a(libc_a-mprec.o)
 .rodata.__mprec_bigtens
                0x00119498       0x28 /opt/devkitpro/devkitARM/bin/../lib/gcc/arm-none-eabi/14.2.0/../../../../arm-none-eabi/lib/armv6k/fpu/libg.a(libc_a-mprec.o)
                0x00119498                __mprec_bigtens
 .rodata.__mprec_tens
                0x001194c0       0xc8 /opt/devkitpro/devkitARM/bin/../lib/gcc/arm-none-eabi/14.2.0/../../../../arm-none-eabi/lib/armv6k/fpu/libg.a(libc_a-mprec.o)
                0x001194c0                __mprec_tens
 .rodata.str1.4
                0x00119588       0x4c /opt/devkitpro/devkitARM/bin/../lib/gcc/arm-none-eabi/14.2.0/../../../../arm-none-eabi/lib/armv6k/fpu/libg.a(libc_a-locale.o)
 .rodata.get_arg
                0x00119588       0x34 /opt/devkitpro/devkitARM/bin/../lib/gcc/arm-none-eabi/14.2.0/../../../../arm-none-eabi/lib/armv6k/fpu/libg.a(libc_a-vfiprintf.o)
 .rodata._vfiprintf_r.str1.1
                0x001195bc       0x29 /opt/devkitpro/devkitARM/bin/../lib/gcc/arm-none-eabi/14.2.0/../../../../arm-none-eabi/lib/armv6k/fpu/libg.a(libc_a-vfiprintf.o)
 .rodata._vfiprintf_r
                0x001195bc       0xb6 /opt/devkitpro/devkitARM/bin/../lib/gcc/arm-none-eabi/14.2.0/../../../../arm-none-eabi/lib/armv6k/fpu/libg.a(libc_a-vfiprintf.o)
 *fill*         0x00119672        0x2 
 .rodata.zeroes.0
                0x00119674       0x10 /opt/devkitpro/devkitARM/bin/../lib/gcc/arm-none-eabi/14.2.0/../../../../arm-none-eabi/lib/armv6k/fpu/libg.a(libc_a-vfiprintf.o)
 .rodata.blanks.1
                0x00119684       0x10 /opt/devkitpro/devkitARM/bin/../lib/gcc/arm-none-eabi/14.2.0/../../../../arm-none-eabi/lib/armv6k/fpu/libg.a(libc_a-vfiprintf.o)
 .rodata.AddDevice.str1.4
                0x00119694        0x8 /opt/devkitpro/devkitARM/bin/../lib/gcc/arm-none-eabi/14.2.0/../../../../arm-none-eabi/lib/armv6k/fpu/libsysbase.a(libsysbase_libsysbase_a-iosupport.o)
 .rodata.dotab_stdnull
                0x00119694       0x80 /opt/devkitpro/devkitARM/bin/../lib/gcc/arm-none-eabi/14.2.0/../../../../arm-none-eabi/lib/armv6k/fpu/libsysbase.a(libsysbase_libsysbase_a-iosupport.o)
                0x00119694                dotab_stdnull
 *all.rodata*(*)
 *(.gnu.linkonce.r*)
                0x00119714                        . = ALIGN (0x4)
                0x00119714                        __tdata_align = .
                0x00119714        0x4 LONG 0x4 ALIGNOF (.tdata)
                0x00119718                        . = ALIGN (0x4)

.eh_frame       0x00119718        0x0
 .eh_frame      0x00119718        0x0 /opt/devkitpro/devkitARM/bin/../lib/gcc/arm-none-eabi/14.2.0/armv6k/fpu/crtbegin.o

.rel.dyn        0x00119718        0x0
 .rel.iplt      0x00119718        0x0 /opt/devkitpro/devkitARM/bin/../lib/gcc/arm-none-eabi/14.2.0/../../../../arm-none-eabi/lib/armv6k/fpu/3dsx_crt0.o
 .rel.got       0x00119718        0x0 /opt/devkitpro/devkitARM/bin/../lib/gcc/arm-none-eabi/14.2.0/../../../../arm-none-eabi/lib/armv6k/fpu/3dsx_crt0.o

.ARM.extab
 *(.ARM.extab* .gnu.linkonce.armextab.*)
                0x00119718                        __exidx_start = .

.ARM.exidx
 *(.ARM.exidx* .gnu.linkonce.armexidx.*)
                0x00119718                        __exidx_end = .
                0x0011a000                        . = ALIGN (0x1000)

.data           0x0011a000     0x1bdc
 *(.data)
 .data          0x0011a000       0x10 main.o
                0x0011a000                pacman
 *(.data.*)
 .data.firstConsoleInit.0
                0x0011a010        0x1 /opt/devkitpro/libctru/lib/libctru.a(console.o)
 *fill*         0x0011a011        0x3 
 .data.currentConsole
                0x0011a014        0x4 /opt/devkitpro/libctru/lib/libctru.a(console.o)
                0x0011a014                currentConsole
 .data.defaultConsole
                0x0011a018       0x48 /opt/devkitpro/libctru/lib/libctru.a(console.o)
                0x0011a018                defaultConsole
 .data.aptChainloadDeliverArgSize
                0x0011a060        0x4 /opt/devkitpro/libctru/lib/libctru.a(apt.o)
 .data.kCount   0x0011a064        0x4 /opt/devkitpro/libctru/lib/libctru.a(hid.o)
 .data.kInterval
                0x0011a068        0x4 /opt/devkitpro/libctru/lib/libctru.a(hid.o)
 .data.kDelay   0x0011a06c        0x4 /opt/devkitpro/libctru/lib/libctru.a(hid.o)
 .data.__stacksize__
                0x0011a070        0x4 /opt/devkitpro/libctru/lib/libctru.a(stack_adjust.o)
                0x0011a070                __stacksize__
 .data._impure_ptr
                0x0011a074        0x4 /opt/devkitpro/devkitARM/bin/../lib/gcc/arm-none-eabi/14.2.0/../../../../arm-none-eabi/lib/armv6k/fpu/libg.a(libc_a-impure.o)
                0x0011a074                _impure_ptr
 .data._impure_data
                0x0011a078      0x120 /opt/devkitpro/devkitARM/bin/../lib/gcc/arm-none-eabi/14.2.0/../../../../arm-none-eabi/lib/armv6k/fpu/libg.a(libc_a-impure.o)
                0x0011a078                _impure_data
 .data.__sglue  0x0011a198        0xc /opt/devkitpro/devkitARM/bin/../lib/gcc/arm-none-eabi/14.2.0/../../../../arm-none-eabi/lib/armv6k/fpu/libg.a(libc_a-findfp.o)
                0x0011a198                __sglue
 .data.__malloc_sbrk_base
                0x0011a1a4        0x4 /opt/devkitpro/devkitARM/bin/../lib/gcc/arm-none-eabi/14.2.0/../../../../arm-none-eabi/lib/armv6k/fpu/libg.a(libc_a-mallocr.o)
                0x0011a1a4                __malloc_sbrk_base
 .data.__malloc_trim_threshold
                0x0011a1a8        0x4 /opt/devkitpro/devkitARM/bin/../lib/gcc/arm-none-eabi/14.2.0/../../../../arm-none-eabi/lib/armv6k/fpu/libg.a(libc_a-mallocr.o)
                0x0011a1a8                __malloc_trim_threshold
 *fill*         0x0011a1ac        0x4 
 .data.__malloc_av_
                0x0011a1b0      0x408 /opt/devkitpro/devkitARM/bin/../lib/gcc/arm-none-eabi/14.2.0/../../../../arm-none-eabi/lib/armv6k/fpu/libg.a(libc_a-mallocr.o)
                0x0011a1b0                __malloc_av_
 .data.__global_locale
                0x0011a5b8      0x16c /opt/devkitpro/devkitARM/bin/../lib/gcc/arm-none-eabi/14.2.0/../../../../arm-none-eabi/lib/armv6k/fpu/libg.a(libc_a-locale.o)
                0x0011a5b8                __global_locale
 .data._current_working_directory
                0x0011a724      0x400 /opt/devkitpro/devkitARM/bin/../lib/gcc/arm-none-eabi/14.2.0/../../../../arm-none-eabi/lib/armv6k/fpu/libsysbase.a(libsysbase_libsysbase_a-chdir.o)
 *fill*         0x0011ab24        0x4 
 .data.handles  0x0011ab28     0x1000 /opt/devkitpro/devkitARM/bin/../lib/gcc/arm-none-eabi/14.2.0/../../../../arm-none-eabi/lib/armv6k/fpu/libsysbase.a(libsysbase_libsysbase_a-handle_manager.o)
 .data.__stderr_handle
                0x0011bb28        0xc /opt/devkitpro/devkitARM/bin/../lib/gcc/arm-none-eabi/14.2.0/../../../../arm-none-eabi/lib/armv6k/fpu/libsysbase.a(libsysbase_libsysbase_a-handle_manager.o)
 .data.__stdout_handle
                0x0011bb34        0xc /opt/devkitpro/devkitARM/bin/../lib/gcc/arm-none-eabi/14.2.0/../../../../arm-none-eabi/lib/armv6k/fpu/libsysbase.a(libsysbase_libsysbase_a-handle_manager.o)
 .data.__stdin_handle
                0x0011bb40        0xc /opt/devkitpro/devkitARM/bin/../lib/gcc/arm-none-eabi/14.2.0/../../../../arm-none-eabi/lib/armv6k/fpu/libsysbase.a(libsysbase_libsysbase_a-handle_manager.o)
 .data.devoptab_list
                0x0011bb4c       0x8c /opt/devkitpro/devkitARM/bin/../lib/gcc/arm-none-eabi/14.2.0/../../../../arm-none-eabi/lib/armv6k/fpu/libsysbase.a(libsysbase_libsysbase_a-iosupport.o)
                0x0011bb4c                devoptab_list
 .data.defaultDevice
                0x0011bbd8        0x4 /opt/devkitpro/devkitARM/bin/../lib/gcc/arm-none-eabi/14.2.0/../../../../arm-none-eabi/lib/armv6k/fpu/libsysbase.a(libsysbase_libsysbase_a-iosupport.o)
 *(.gnu.linkonce.d*)
                0x0011bbdc                        . = ALIGN (0x4)

.igot.plt       0x0011bbdc        0x0
 .igot.plt      0x0011bbdc        0x0 /opt/devkitpro/devkitARM/bin/../lib/gcc/arm-none-eabi/14.2.0/../../../../arm-none-eabi/lib/armv6k/fpu/3dsx_crt0.o

.got            0x0011bbdc        0x8
 .got           0x0011bbdc        0x8 /opt/devkitpro/devkitARM/bin/../lib/gcc/arm-none-eabi/14.2.0/../../../../arm-none-eabi/lib/armv6k/fpu/3dsx_crt0.o

.got.plt        0x0011bbe4        0xc
 .got.plt       0x0011bbe4        0xc /opt/devkitpro/devkitARM/bin/../lib/gcc/arm-none-eabi/14.2.0/../../../../arm-none-eabi/lib/armv6k/fpu/3dsx_crt0.o
                0x0011bbe4                _GLOBAL_OFFSET_TABLE_

.tdata          0x0011bbf0        0x0
                0x0011bbf0                        __tdata_lma = .
 *(.tdata)
 *(.tdata.*)
 *(.gnu.linkonce.td.*)
                0x0011bbf0                        . = ALIGN (0x4)
                0x0011bbf0                        __tdata_lma_end = .

.tbss           0x0011bbf0      0xc08
 *(.tbss)
 *(.tbss.*)
 .tbss.__ctru_dev_utf16_buf
                0x0011bbf0      0x802 /opt/devkitpro/libctru/lib/libctru.a(path_buf.o)
                0x0011bbf0                __ctru_dev_utf16_buf
 *fill*         0x0011c3f2        0x2 
 .tbss.__ctru_dev_path_buf
                0x0011c3f4      0x401 /opt/devkitpro/libctru/lib/libctru.a(path_buf.o)
                0x0011c3f4                __ctru_dev_path_buf
 *(.gnu.linkonce.tb.*)
 *(.tcommon)
                0x0011c7f8                        . = ALIGN (0x4)
 *fill*         0x0011c7f5        0x3 

.preinit_array  0x0011bbf0        0x0
                0x0011bbf0                        PROVIDE (__preinit_array_start = .)
 *(.preinit_array)
                0x0011bbf0                        PROVIDE (__preinit_array_end = .)

.init_array     0x0011bbf0        0x4
                0x0011bbf0                        PROVIDE (__init_array_start = .)
 *(SORT_BY_NAME(.init_array.*))
 *(.init_array)
 .init_array    0x0011bbf0        0x4 /opt/devkitpro/devkitARM/bin/../lib/gcc/arm-none-eabi/14.2.0/armv6k/fpu/crtbegin.o
                0x0011bbf4                        PROVIDE (__init_array_end = .)

.fini_array     0x0011bbf4        0x4
                0x0011bbf4                        PROVIDE (__fini_array_start = .)
 *(.fini_array)
 .fini_array    0x0011bbf4        0x4 /opt/devkitpro/devkitARM/bin/../lib/gcc/arm-none-eabi/14.2.0/armv6k/fpu/crtbegin.o
 *(SORT_BY_NAME(.fini_array.*))
                0x0011bbf8                        PROVIDE (__fini_array_end = .)

.ctors
 *crtbegin.o(.ctors)
 *(EXCLUDE_FILE(*crtend.o) .ctors)
 *(SORT_BY_NAME(.ctors.*))
 *(.ctors)

.dtors
 *crtbegin.o(.dtors)
 *(EXCLUDE_FILE(*crtend.o) .dtors)
 *(SORT_BY_NAME(.dtors.*))
 *(.dtors)
                0x0011bbf8                        __bss_start__ = .

.bss            0x0011bbf8     0x31ac
 *(.dynbss)
 *(.bss)
 .bss           0x0011bbf8      0x3c9 main.o
                0x0011bbf8                gameMaze
 *(.bss.*)
 .bss.completed.1
                0x0011bfc1        0x1 /opt/devkitpro/devkitARM/bin/../lib/gcc/arm-none-eabi/14.2.0/armv6k/fpu/crtbegin.o
 *fill*         0x0011bfc2        0x2 
 .bss.object.0  0x0011bfc4       0x18 /opt/devkitpro/devkitARM/bin/../lib/gcc/arm-none-eabi/14.2.0/armv6k/fpu/crtbegin.o
 .bss.escapeSeq
                0x0011bfdc       0x1c /opt/devkitpro/libctru/lib/libctru.a(console.o)
 .bss.currentCopy
                0x0011bff8       0x48 /opt/devkitpro/libctru/lib/libctru.a(console.o)
                0x0011bff8                currentCopy
 .bss.screenAlloc
                0x0011c040        0x4 /opt/devkitpro/libctru/lib/libctru.a(gfx.o)
 .bss.screenFree
                0x0011c044        0x4 /opt/devkitpro/libctru/lib/libctru.a(gfx.o)
 .bss.gfxIsDoubleBuf
                0x0011c048        0x2 /opt/devkitpro/libctru/lib/libctru.a(gfx.o)
 *fill*         0x0011c04a        0x2 
 .bss.gfxCurBuf
                0x0011c04c        0x2 /opt/devkitpro/libctru/lib/libctru.a(gfx.o)
 .bss.gfxIsVram
                0x0011c04e        0x1 /opt/devkitpro/libctru/lib/libctru.a(gfx.o)
 .bss.gfxTopMode
                0x0011c04f        0x1 /opt/devkitpro/libctru/lib/libctru.a(gfx.o)
 .bss.gfxFramebufferFormats
                0x0011c050        0x2 /opt/devkitpro/libctru/lib/libctru.a(gfx.o)
 *fill*         0x0011c052        0x2 
 .bss.gfxBottomFramebufferMaxSize
                0x0011c054        0x4 /opt/devkitpro/libctru/lib/libctru.a(gfx.o)
 .bss.gfxTopFramebufferMaxSize
                0x0011c058        0x4 /opt/devkitpro/libctru/lib/libctru.a(gfx.o)
 *fill*         0x0011c05c        0x4 
 .bss.gfxBottomFramebuffers
                0x0011c060        0x8 /opt/devkitpro/libctru/lib/libctru.a(gfx.o)
 .bss.gfxTopFramebuffers
                0x0011c068        0x8 /opt/devkitpro/libctru/lib/libctru.a(gfx.o)
 .bss.flagValue.0
                0x0011c070        0x1 /opt/devkitpro/libctru/lib/libctru.a(apt.o)
 .bss.flagInit.1
                0x0011c071        0x1 /opt/devkitpro/libctru/lib/libctru.a(apt.o)
 *fill*         0x0011c072        0x2 
 .bss.serviceName.6
                0x0011c074        0x4 /opt/devkitpro/libctru/lib/libctru.a(apt.o)
 .bss.aptChainloadFlags
                0x0011c078        0x1 /opt/devkitpro/libctru/lib/libctru.a(apt.o)
 .bss.aptChainloadMediatype
                0x0011c079        0x1 /opt/devkitpro/libctru/lib/libctru.a(apt.o)
 *fill*         0x0011c07a        0x2 
 .bss.aptChainloadHmac
                0x0011c07c       0x20 /opt/devkitpro/libctru/lib/libctru.a(apt.o)
 .bss.aptChainloadDeliverArg
                0x0011c09c      0x300 /opt/devkitpro/libctru/lib/libctru.a(apt.o)
 *fill*         0x0011c39c        0x4 
 .bss.aptChainloadTid
                0x0011c3a0        0x8 /opt/devkitpro/libctru/lib/libctru.a(apt.o)
 .bss.aptParameters
                0x0011c3a8     0x1000 /opt/devkitpro/libctru/lib/libctru.a(apt.o)
 .bss.aptFlags  0x0011d3a8        0x4 /opt/devkitpro/libctru/lib/libctru.a(apt.o)
 .bss.aptHomeButtonState
                0x0011d3ac        0x1 /opt/devkitpro/libctru/lib/libctru.a(apt.o)
 *fill*         0x0011d3ad        0x3 
 .bss.aptMessageFuncData
                0x0011d3b0        0x4 /opt/devkitpro/libctru/lib/libctru.a(apt.o)
 .bss.aptMessageFunc
                0x0011d3b4        0x4 /opt/devkitpro/libctru/lib/libctru.a(apt.o)
 .bss.aptFirstHook
                0x0011d3b8        0xc /opt/devkitpro/libctru/lib/libctru.a(apt.o)
 .bss.aptEventHandlerThreadQuit
                0x0011d3c4        0x1 /opt/devkitpro/libctru/lib/libctru.a(apt.o)
 *fill*         0x0011d3c5        0x3 
 .bss.aptEventHandlerThread
                0x0011d3c8        0x4 /opt/devkitpro/libctru/lib/libctru.a(apt.o)
 .bss.aptSleepEvent
                0x0011d3cc        0x8 /opt/devkitpro/libctru/lib/libctru.a(apt.o)
 .bss.aptReceiveEvent
                0x0011d3d4        0x8 /opt/devkitpro/libctru/lib/libctru.a(apt.o)
 .bss.aptEvents
                0x0011d3dc        0x8 /opt/devkitpro/libctru/lib/libctru.a(apt.o)
 .bss.aptLockHandle
                0x0011d3e4        0x4 /opt/devkitpro/libctru/lib/libctru.a(apt.o)
 .bss.aptRefCount
                0x0011d3e8        0x4 /opt/devkitpro/libctru/lib/libctru.a(apt.o)
 .bss.gspEventCbOneShot
                0x0011d3ec        0x7 /opt/devkitpro/libctru/lib/libctru.a(gspgpu.o)
 *fill*         0x0011d3f3        0x1 
 .bss.gspEventCbData
                0x0011d3f4       0x1c /opt/devkitpro/libctru/lib/libctru.a(gspgpu.o)
 .bss.gspEventCb
                0x0011d410       0x1c /opt/devkitpro/libctru/lib/libctru.a(gspgpu.o)
 .bss.gspEvents
                0x0011d42c       0x38 /opt/devkitpro/libctru/lib/libctru.a(gspgpu.o)
 .bss.gspLastEvent
                0x0011d464        0x4 /opt/devkitpro/libctru/lib/libctru.a(gspgpu.o)
 .bss.gspRunEvents
                0x0011d468        0x1 /opt/devkitpro/libctru/lib/libctru.a(gspgpu.o)
 *fill*         0x0011d469        0x3 
 .bss.gspEventThread
                0x0011d46c        0x4 /opt/devkitpro/libctru/lib/libctru.a(gspgpu.o)
 .bss.gspEvent  0x0011d470        0x4 /opt/devkitpro/libctru/lib/libctru.a(gspgpu.o)
 .bss.gspGpuRight
                0x0011d474        0x1 /opt/devkitpro/libctru/lib/libctru.a(gspgpu.o)
 .bss.gspThreadId
                0x0011d475        0x1 /opt/devkitpro/libctru/lib/libctru.a(gspgpu.o)
 *fill*         0x0011d476        0x2 
 .bss.gspSharedMem
                0x0011d478        0x4 /opt/devkitpro/libctru/lib/libctru.a(gspgpu.o)
 .bss.gspSharedMemHandle
                0x0011d47c        0x4 /opt/devkitpro/libctru/lib/libctru.a(gspgpu.o)
 .bss.gspRefCount
                0x0011d480        0x4 /opt/devkitpro/libctru/lib/libctru.a(gspgpu.o)
 .bss.gspGpuHandle
                0x0011d484        0x4 /opt/devkitpro/libctru/lib/libctru.a(gspgpu.o)
 .bss.usingIrrst
                0x0011d488        0x1 /opt/devkitpro/libctru/lib/libctru.a(hid.o)
 *fill*         0x0011d489        0x3 
 .bss.hidRefCount
                0x0011d48c        0x4 /opt/devkitpro/libctru/lib/libctru.a(hid.o)
 .bss.gRate     0x0011d490        0x6 /opt/devkitpro/libctru/lib/libctru.a(hid.o)
 *fill*         0x0011d496        0x2 
 .bss.aVec      0x0011d498        0x6 /opt/devkitpro/libctru/lib/libctru.a(hid.o)
 *fill*         0x0011d49e        0x2 
 .bss.cPos      0x0011d4a0        0x4 /opt/devkitpro/libctru/lib/libctru.a(hid.o)
 .bss.tPos      0x0011d4a4        0x4 /opt/devkitpro/libctru/lib/libctru.a(hid.o)
 .bss.kRepeat   0x0011d4a8        0x4 /opt/devkitpro/libctru/lib/libctru.a(hid.o)
 .bss.kUp       0x0011d4ac        0x4 /opt/devkitpro/libctru/lib/libctru.a(hid.o)
 .bss.kDown     0x0011d4b0        0x4 /opt/devkitpro/libctru/lib/libctru.a(hid.o)
 .bss.kHeld     0x0011d4b4        0x4 /opt/devkitpro/libctru/lib/libctru.a(hid.o)
 .bss.kOld      0x0011d4b8        0x4 /opt/devkitpro/libctru/lib/libctru.a(hid.o)
 .bss.hidSharedMem
                0x0011d4bc        0x4 /opt/devkitpro/libctru/lib/libctru.a(hid.o)
                0x0011d4bc                hidSharedMem
 .bss.hidEvents
                0x0011d4c0       0x14 /opt/devkitpro/libctru/lib/libctru.a(hid.o)
                0x0011d4c0                hidEvents
 .bss.hidMemHandle
                0x0011d4d4        0x4 /opt/devkitpro/libctru/lib/libctru.a(hid.o)
                0x0011d4d4                hidMemHandle
 .bss.hidHandle
                0x0011d4d8        0x4 /opt/devkitpro/libctru/lib/libctru.a(hid.o)
                0x0011d4d8                hidHandle
 .bss.irrstRefCount
                0x0011d4dc        0x4 /opt/devkitpro/libctru/lib/libctru.a(irrst.o)
 .bss.csPos     0x0011d4e0        0x4 /opt/devkitpro/libctru/lib/libctru.a(irrst.o)
 .bss.kHeld     0x0011d4e4        0x4 /opt/devkitpro/libctru/lib/libctru.a(irrst.o)
 .bss.irrstSharedMem
                0x0011d4e8        0x4 /opt/devkitpro/libctru/lib/libctru.a(irrst.o)
                0x0011d4e8                irrstSharedMem
 .bss.irrstEvent
                0x0011d4ec        0x4 /opt/devkitpro/libctru/lib/libctru.a(irrst.o)
                0x0011d4ec                irrstEvent
 .bss.irrstMemHandle
                0x0011d4f0        0x4 /opt/devkitpro/libctru/lib/libctru.a(irrst.o)
                0x0011d4f0                irrstMemHandle
 .bss.irrstHandle
                0x0011d4f4        0x4 /opt/devkitpro/libctru/lib/libctru.a(irrst.o)
                0x0011d4f4                irrstHandle
 .bss.__system_retAddr
                0x0011d4f8        0x4 /opt/devkitpro/libctru/lib/libctru.a(ctru_init.o)
                0x0011d4f8                __system_retAddr
 .bss.__system_argv
                0x0011d4fc        0x4 /opt/devkitpro/libctru/lib/libctru.a(initArgv.o)
                0x0011d4fc                __system_argv
 .bss.__system_argc
                0x0011d500        0x4 /opt/devkitpro/libctru/lib/libctru.a(initArgv.o)
                0x0011d500                __system_argc
 .bss.saved_stack.42
                0x0011d504        0x8 /opt/devkitpro/libctru/lib/libctru.a(stack_adjust.o)
 *fill*         0x0011d50c        0x4 
 .bss._ZL11sLinearPool
                0x0011d510        0x8 /opt/devkitpro/libctru/lib/libctru.a(linear.o)
 .bss._ZL8sAddrMap
                0x0011d518        0xc /opt/devkitpro/libctru/lib/libctru.a(linear.o)
 *fill*         0x0011d524        0x4 
 .bss._ZL10sVramPoolB
                0x0011d528        0x8 /opt/devkitpro/libctru/lib/libctru.a(vram.o)
 .bss._ZL10sVramPoolA
                0x0011d530        0x8 /opt/devkitpro/libctru/lib/libctru.a(vram.o)
 .bss._ZL8sAddrMap
                0x0011d538        0xc /opt/devkitpro/libctru/lib/libctru.a(vram.o)
 .bss.__3dslink_host
                0x0011d544        0x4 /opt/devkitpro/libctru/lib/libctru.a(3dslink.o)
                0x0011d544                __3dslink_host
 .bss.__ctru_speedup
                0x0011d548        0x1 /opt/devkitpro/libctru/lib/libctru.a(os.o)
                0x0011d548                __ctru_speedup
 *fill*         0x0011d549        0x3 
 .bss.srvRefCount
                0x0011d54c        0x4 /opt/devkitpro/libctru/lib/libctru.a(srv.o)
 .bss.srvHandle
                0x0011d550        0x4 /opt/devkitpro/libctru/lib/libctru.a(srv.o)
 .bss.arbiter   0x0011d554        0x4 /opt/devkitpro/libctru/lib/libctru.a(synchronization.o)
 .bss.currentAddr
                0x0011d558        0x4 /opt/devkitpro/libctru/lib/libctru.a(mappable.o)
 .bss.maxAddr   0x0011d55c        0x4 /opt/devkitpro/libctru/lib/libctru.a(mappable.o)
 .bss.minAddr   0x0011d560        0x4 /opt/devkitpro/libctru/lib/libctru.a(mappable.o)
 .bss.ptmSysmRefCount
                0x0011d564        0x4 /opt/devkitpro/libctru/lib/libctru.a(ptmsysm.o)
 .bss.ptmSysmHandle
                0x0011d568        0x4 /opt/devkitpro/libctru/lib/libctru.a(ptmsysm.o)
 .bss.srvPmHandle
                0x0011d56c        0x4 /opt/devkitpro/libctru/lib/libctru.a(srvpm.o)
 .bss.__ctru_linear_heap_size
                0x0011d570        0x4 /opt/devkitpro/libctru/lib/libctru.a(allocateHeaps.o)
                0x0011d570                __ctru_linear_heap_size
 .bss.__ctru_heap_size
                0x0011d574        0x4 /opt/devkitpro/libctru/lib/libctru.a(allocateHeaps.o)
                0x0011d574                __ctru_heap_size
 .bss.__ctru_linear_heap
                0x0011d578        0x4 /opt/devkitpro/libctru/lib/libctru.a(allocateHeaps.o)
                0x0011d578                __ctru_linear_heap
 .bss.__ctru_heap